MFRC522.c:22:9:rfid_add_id	32	static
MFRC522.c:201:6:Write_MFRC522	32	static
MFRC522.c:218:8:Read_MFRC522	24	static
MFRC522.c:238:6:SetBitMask	16	static
MFRC522.c:253:6:ClearBitMask	16	static
MFRC522.c:267:6:AntennaOn	0	static
MFRC522.c:279:6:AntennaOff	0	static
MFRC522.c:291:6:MFRC522_Reset	0	static
MFRC522.c:303:6:MFRC522_Init	8	static
MFRC522.c:367:8:MFRC522_ToCard	32	static
MFRC522.c:338:8:MFRC522_Request	32	static
MFRC522.c:478:8:MFRC522_Anticoll	32	static
MFRC522.c:584:6:CalulateCRC	16	static
MFRC522.c:514:8:MFRC522_Read	24	static
MFRC522.c:539:8:MFRC522_Write	48	static
MFRC522.c:623:8:MFRC522_Auth	32	static
MFRC522.c:659:8:MFRC522_SelectTag	32	static
MFRC522.c:697:6:MFRC522_Halt	24	static
MFRC522.c:170:9:rfid_find_card	40	static
MFRC522.c:135:9:rfid_identify_card	32	static
MFRC522.c:75:9:rfid_debounce	24	static
MFRC522.c:55:6:rfid_toggle_state	16	static
MFRC522.c:712:6:MFRC522_StopCrypto1	0	static
