stm32f1xx_hal_msp.c:65:6:HAL_MspInit	16	static
stm32f1xx_hal_msp.c:93:6:HAL_ADC_MspInit	40	static
stm32f1xx_hal_msp.c:143:6:HAL_ADC_MspDeInit	8	static
stm32f1xx_hal_msp.c:174:6:HAL_I2C_MspInit	32	static
stm32f1xx_hal_msp.c:210:6:HAL_I2C_MspDeInit	8	static
stm32f1xx_hal_msp.c:241:6:HAL_RTC_MspInit	16	static
stm32f1xx_hal_msp.c:266:6:HAL_RTC_MspDeInit	0	static
stm32f1xx_hal_msp.c:288:6:HAL_SPI_MspInit	32	static
stm32f1xx_hal_msp.c:328:6:HAL_SPI_MspDeInit	0	static
stm32f1xx_hal_msp.c:358:6:HAL_UART_MspInit	32	static
stm32f1xx_hal_msp.c:399:6:HAL_UART_MspDeInit	0	static
