Archive member included to satisfy reference by file (symbol)

/opt/st/stm32cubeide_1.7.0/plugins/com.st.stm32cube.ide.mcu.externaltools.gnu-tools-for-stm32.9-2020-q2-update.linux64_2.0.0.202105311346/tools/bin/../lib/gcc/arm-none-eabi/9.3.1/../../../../arm-none-eabi/lib/thumb/v7-m/nofp/libc_nano.a(lib_a-errno.o)
                              ./Core/Src/syscalls.o (__errno)
/opt/st/stm32cubeide_1.7.0/plugins/com.st.stm32cube.ide.mcu.externaltools.gnu-tools-for-stm32.9-2020-q2-update.linux64_2.0.0.202105311346/tools/bin/../lib/gcc/arm-none-eabi/9.3.1/../../../../arm-none-eabi/lib/thumb/v7-m/nofp/libc_nano.a(lib_a-exit.o)
                              /opt/st/stm32cubeide_1.7.0/plugins/com.st.stm32cube.ide.mcu.externaltools.gnu-tools-for-stm32.9-2020-q2-update.linux64_2.0.0.202105311346/tools/bin/../lib/gcc/arm-none-eabi/9.3.1/../../../../arm-none-eabi/lib/thumb/v7-m/nofp/crt0.o (exit)
/opt/st/stm32cubeide_1.7.0/plugins/com.st.stm32cube.ide.mcu.externaltools.gnu-tools-for-stm32.9-2020-q2-update.linux64_2.0.0.202105311346/tools/bin/../lib/gcc/arm-none-eabi/9.3.1/../../../../arm-none-eabi/lib/thumb/v7-m/nofp/libc_nano.a(lib_a-findfp.o)
                              ./Middlewares/Third_Party/FreeRTOS/Source/tasks.o (__sf_fake_stderr)
/opt/st/stm32cubeide_1.7.0/plugins/com.st.stm32cube.ide.mcu.externaltools.gnu-tools-for-stm32.9-2020-q2-update.linux64_2.0.0.202105311346/tools/bin/../lib/gcc/arm-none-eabi/9.3.1/../../../../arm-none-eabi/lib/thumb/v7-m/nofp/libc_nano.a(lib_a-fwalk.o)
                              /opt/st/stm32cubeide_1.7.0/plugins/com.st.stm32cube.ide.mcu.externaltools.gnu-tools-for-stm32.9-2020-q2-update.linux64_2.0.0.202105311346/tools/bin/../lib/gcc/arm-none-eabi/9.3.1/../../../../arm-none-eabi/lib/thumb/v7-m/nofp/libc_nano.a(lib_a-findfp.o) (_fwalk)
/opt/st/stm32cubeide_1.7.0/plugins/com.st.stm32cube.ide.mcu.externaltools.gnu-tools-for-stm32.9-2020-q2-update.linux64_2.0.0.202105311346/tools/bin/../lib/gcc/arm-none-eabi/9.3.1/../../../../arm-none-eabi/lib/thumb/v7-m/nofp/libc_nano.a(lib_a-impure.o)
                              /opt/st/stm32cubeide_1.7.0/plugins/com.st.stm32cube.ide.mcu.externaltools.gnu-tools-for-stm32.9-2020-q2-update.linux64_2.0.0.202105311346/tools/bin/../lib/gcc/arm-none-eabi/9.3.1/../../../../arm-none-eabi/lib/thumb/v7-m/nofp/libc_nano.a(lib_a-exit.o) (_global_impure_ptr)
/opt/st/stm32cubeide_1.7.0/plugins/com.st.stm32cube.ide.mcu.externaltools.gnu-tools-for-stm32.9-2020-q2-update.linux64_2.0.0.202105311346/tools/bin/../lib/gcc/arm-none-eabi/9.3.1/../../../../arm-none-eabi/lib/thumb/v7-m/nofp/libc_nano.a(lib_a-init.o)
                              /opt/st/stm32cubeide_1.7.0/plugins/com.st.stm32cube.ide.mcu.externaltools.gnu-tools-for-stm32.9-2020-q2-update.linux64_2.0.0.202105311346/tools/bin/../lib/gcc/arm-none-eabi/9.3.1/../../../../arm-none-eabi/lib/thumb/v7-m/nofp/crt0.o (__libc_init_array)
/opt/st/stm32cubeide_1.7.0/plugins/com.st.stm32cube.ide.mcu.externaltools.gnu-tools-for-stm32.9-2020-q2-update.linux64_2.0.0.202105311346/tools/bin/../lib/gcc/arm-none-eabi/9.3.1/../../../../arm-none-eabi/lib/thumb/v7-m/nofp/libc_nano.a(lib_a-lock.o)
                              /opt/st/stm32cubeide_1.7.0/plugins/com.st.stm32cube.ide.mcu.externaltools.gnu-tools-for-stm32.9-2020-q2-update.linux64_2.0.0.202105311346/tools/bin/../lib/gcc/arm-none-eabi/9.3.1/../../../../arm-none-eabi/lib/thumb/v7-m/nofp/libc_nano.a(lib_a-findfp.o) (__retarget_lock_init_recursive)
/opt/st/stm32cubeide_1.7.0/plugins/com.st.stm32cube.ide.mcu.externaltools.gnu-tools-for-stm32.9-2020-q2-update.linux64_2.0.0.202105311346/tools/bin/../lib/gcc/arm-none-eabi/9.3.1/../../../../arm-none-eabi/lib/thumb/v7-m/nofp/libc_nano.a(lib_a-memcmp.o)
                              ./Core/Src/MFRC522.o (memcmp)
/opt/st/stm32cubeide_1.7.0/plugins/com.st.stm32cube.ide.mcu.externaltools.gnu-tools-for-stm32.9-2020-q2-update.linux64_2.0.0.202105311346/tools/bin/../lib/gcc/arm-none-eabi/9.3.1/../../../../arm-none-eabi/lib/thumb/v7-m/nofp/libc_nano.a(lib_a-memcpy-stub.o)
                              ./Middlewares/Third_Party/FreeRTOS/Source/queue.o (memcpy)
/opt/st/stm32cubeide_1.7.0/plugins/com.st.stm32cube.ide.mcu.externaltools.gnu-tools-for-stm32.9-2020-q2-update.linux64_2.0.0.202105311346/tools/bin/../lib/gcc/arm-none-eabi/9.3.1/../../../../arm-none-eabi/lib/thumb/v7-m/nofp/libc_nano.a(lib_a-memset.o)
                              /opt/st/stm32cubeide_1.7.0/plugins/com.st.stm32cube.ide.mcu.externaltools.gnu-tools-for-stm32.9-2020-q2-update.linux64_2.0.0.202105311346/tools/bin/../lib/gcc/arm-none-eabi/9.3.1/../../../../arm-none-eabi/lib/thumb/v7-m/nofp/crt0.o (memset)
/opt/st/stm32cubeide_1.7.0/plugins/com.st.stm32cube.ide.mcu.externaltools.gnu-tools-for-stm32.9-2020-q2-update.linux64_2.0.0.202105311346/tools/bin/../lib/gcc/arm-none-eabi/9.3.1/../../../../arm-none-eabi/lib/thumb/v7-m/nofp/libc_nano.a(lib_a-nano-mallocr.o)
[...]
Memory Configuration

Name             Origin             Length             Attributes
RAM              0x0000000020000000 0x0000000000005000 xrw
FLASH            0x0000000008000000 0x0000000000010000 xr
*default*        0x0000000000000000 0xffffffffffffffff

Linker script and memory map

LOAD /opt/st/stm32cubeide_1.7.0/plugins/com.st.stm32cube.ide.mcu.externaltools.gnu-tools-for-stm32.9-2020-q2-update.linux64_2.0.0.202105311346/tools/bin/../lib/gcc/arm-none-eabi/9.3.1/thumb/v7-m/nofp/crti.o
LOAD /opt/st/stm32cubeide_1.7.0/plugins/com.st.stm32cube.ide.mcu.externaltools.gnu-tools-for-stm32.9-2020-q2-update.linux64_2.0.0.202105311346/tools/bin/../lib/gcc/arm-none-eabi/9.3.1/thumb/v7-m/nofp/crtbegin.o
LOAD /opt/st/stm32cubeide_1.7.0/plugins/com.st.stm32cube.ide.mcu.externaltools.gnu-tools-for-stm32.9-2020-q2-update.linux64_2.0.0.202105311346/tools/bin/../lib/gcc/arm-none-eabi/9.3.1/../../../../arm-none-eabi/lib/thumb/v7-m/nofp/crt0.o
LOAD ./Core/Src/MFRC522.o
LOAD ./Core/Src/adc.o
LOAD ./Core/Src/arrebote.o
LOAD ./Core/Src/eeprom.o
LOAD ./Core/Src/freertos.o
LOAD ./Core/Src/gpio.o
LOAD ./Core/Src/lcd.o
LOAD ./Core/Src/main.o
LOAD ./Core/Src/rtc.o
LOAD ./Core/Src/sensor.o
LOAD ./Core/Src/stm32f1xx_hal_msp.o
LOAD ./Core/Src/stm32f1xx_hal_timebase_tim.o
LOAD ./Core/Src/stm32f1xx_it.o
LOAD ./Core/Src/syscalls.o
LOAD ./Core/Src/sysmem.o
LOAD ./Core/Src/system_stm32f1xx.o
LOAD ./Core/Src/tareas.o
LOAD ./Core/Src/teclado.o
LOAD ./Core/Startup/startup_stm32f103c8tx.o
LOAD ./Drivers/STM32F1xx_HAL_Driver/Src/stm32f1xx_hal.o
LOAD ./Drivers/STM32F1xx_HAL_Driver/Src/stm32f1xx_hal_adc.o
LOAD ./Drivers/STM32F1xx_HAL_Driver/Src/stm32f1xx_hal_adc_ex.o
LOAD ./Drivers/STM32F1xx_HAL_Driver/Src/stm32f1xx_hal_cortex.o
LOAD ./Drivers/STM32F1xx_HAL_Driver/Src/stm32f1xx_hal_dma.o
LOAD ./Drivers/STM32F1xx_HAL_Driver/Src/stm32f1xx_hal_exti.o
LOAD ./Drivers/STM32F1xx_HAL_Driver/Src/stm32f1xx_hal_flash.o
LOAD ./Drivers/STM32F1xx_HAL_Driver/Src/stm32f1xx_hal_flash_ex.o
LOAD ./Drivers/STM32F1xx_HAL_Driver/Src/stm32f1xx_hal_gpio.o
LOAD ./Drivers/STM32F1xx_HAL_Driver/Src/stm32f1xx_hal_gpio_ex.o
LOAD ./Drivers/STM32F1xx_HAL_Driver/Src/stm32f1xx_hal_i2c.o
LOAD ./Drivers/STM32F1xx_HAL_Driver/Src/stm32f1xx_hal_pwr.o
LOAD ./Drivers/STM32F1xx_HAL_Driver/Src/stm32f1xx_hal_rcc.o
LOAD ./Drivers/STM32F1xx_HAL_Driver/Src/stm32f1xx_hal_rcc_ex.o
LOAD ./Drivers/STM32F1xx_HAL_Driver/Src/stm32f1xx_hal_rtc.o
LOAD ./Drivers/STM32F1xx_HAL_Driver/Src/stm32f1xx_hal_rtc_ex.o
LOAD ./Drivers/STM32F1xx_HAL_Driver/Src/stm32f1xx_hal_spi.o
LOAD ./Drivers/STM32F1xx_HAL_Driver/Src/stm32f1xx_hal_tim.o
LOAD ./Drivers/STM32F1xx_HAL_Driver/Src/stm32f1xx_hal_tim_ex.o
LOAD ./Drivers/STM32F1xx_HAL_Driver/Src/stm32f1xx_hal_uart.o
LOAD ./Middlewares/Third_Party/FreeRTOS/Source/CMSIS_RTOS/cmsis_os.o
LOAD ./Middlewares/Third_Party/FreeRTOS/Source/croutine.o
LOAD ./Middlewares/Third_Party/FreeRTOS/Source/event_groups.o
LOAD ./Middlewares/Third_Party/FreeRTOS/Source/list.o
LOAD ./Middlewares/Third_Party/FreeRTOS/Source/queue.o
LOAD ./Middlewares/Third_Party/FreeRTOS/Source/stream_buffer.o
LOAD ./Middlewares/Third_Party/FreeRTOS/Source/tasks.o
LOAD ./Middlewares/Third_Party/FreeRTOS/Source/timers.o
LOAD ./Middlewares/Third_Party/FreeRTOS/Source/portable/GCC/ARM_CM3/port.o
LOAD ./Middlewares/Third_Party/FreeRTOS/Source/portable/MemMang/heap_4.o
START GROUP
LOAD /opt/st/stm32cubeide_1.7.0/plugins/com.st.stm32cube.ide.mcu.externaltools.gnu-tools-for-stm32.9-2020-q2-update.linux64_2.0.0.202105311346/tools/bin/../lib/gcc/arm-none-eabi/9.3.1/../../../../arm-none-eabi/lib/thumb/v7-m/nofp/libc_nano.a
LOAD /opt/st/stm32cubeide_1.7.0/plugins/com.st.stm32cube.ide.mcu.externaltools.gnu-tools-for-stm32.9-2020-q2-update.linux64_2.0.0.202105311346/tools/bin/../lib/gcc/arm-none-eabi/9.3.1/../../../../arm-none-eabi/lib/thumb/v7-m/nofp/libm.a
END GROUP
START GROUP
LOAD /opt/st/stm32cubeide_1.7.0/plugins/com.st.stm32cube.ide.mcu.externaltools.gnu-tools-for-stm32.9-2020-q2-update.linux64_2.0.0.202105311346/tools/bin/../lib/gcc/arm-none-eabi/9.3.1/thumb/v7-m/nofp/libgcc.a
LOAD /opt/st/stm32cubeide_1.7.0/plugins/com.st.stm32cube.ide.mcu.externaltools.gnu-tools-for-stm32.9-2020-q2-update.linux64_2.0.0.202105311346/tools/bin/../lib/gcc/arm-none-eabi/9.3.1/../../../../arm-none-eabi/lib/thumb/v7-m/nofp/libc_nano.a
END GROUP
START GROUP
LOAD /opt/st/stm32cubeide_1.7.0/plugins/com.st.stm32cube.ide.mcu.externaltools.gnu-tools-for-stm32.9-2020-q2-update.linux64_2.0.0.202105311346/tools/bin/../lib/gcc/arm-none-eabi/9.3.1/thumb/v7-m/nofp/libgcc.a
LOAD /opt/st/stm32cubeide_1.7.0/plugins/com.st.stm32cube.ide.mcu.externaltools.gnu-tools-for-stm32.9-2020-q2-update.linux64_2.0.0.202105311346/tools/bin/../lib/gcc/arm-none-eabi/9.3.1/../../../../arm-none-eabi/lib/thumb/v7-m/nofp/libc_nano.a
LOAD /opt/st/stm32cubeide_1.7.0/plugins/com.st.stm32cube.ide.mcu.externaltools.gnu-tools-for-stm32.9-2020-q2-update.linux64_2.0.0.202105311346/tools/bin/../lib/gcc/arm-none-eabi/9.3.1/../../../../arm-none-eabi/lib/thumb/v7-m/nofp/libnosys.a
END GROUP
START GROUP
LOAD /opt/st/stm32cubeide_1.7.0/plugins/com.st.stm32cube.ide.mcu.externaltools.gnu-tools-for-stm32.9-2020-q2-update.linux64_2.0.0.202105311346/tools/bin/../lib/gcc/arm-none-eabi/9.3.1/thumb/v7-m/nofp/libgcc.a
LOAD /opt/st/stm32cubeide_1.7.0/plugins/com.st.stm32cube.ide.mcu.externaltools.gnu-tools-for-stm32.9-2020-q2-update.linux64_2.0.0.202105311346/tools/bin/../lib/gcc/arm-none-eabi/9.3.1/../../../../arm-none-eabi/lib/thumb/v7-m/nofp/libc_nano.a
LOAD /opt/st/stm32cubeide_1.7.0/plugins/com.st.stm32cube.ide.mcu.externaltools.gnu-tools-for-stm32.9-2020-q2-update.linux64_2.0.0.202105311346/tools/bin/../lib/gcc/arm-none-eabi/9.3.1/../../../../arm-none-eabi/lib/thumb/v7-m/nofp/libnosys.a
END GROUP
LOAD /opt/st/stm32cubeide_1.7.0/plugins/com.st.stm32cube.ide.mcu.externaltools.gnu-tools-for-stm32.9-2020-q2-update.linux64_2.0.0.202105311346/tools/bin/../lib/gcc/arm-none-eabi/9.3.1/thumb/v7-m/nofp/crtend.o
LOAD /opt/st/stm32cubeide_1.7.0/plugins/com.st.stm32cube.ide.mcu.externaltools.gnu-tools-for-stm32.9-2020-q2-update.linux64_2.0.0.202105311346/tools/bin/../lib/gcc/arm-none-eabi/9.3.1/thumb/v7-m/nofp/crtn.o
                0x0000000020005000                _estack = (ORIGIN (RAM) + LENGTH (RAM))
                0x0000000000000200                _Min_Heap_Size = 0x200
                0x0000000000000400                _Min_Stack_Size = 0x400

.isr_vector     0x0000000008000000      0x10c
                0x0000000008000000                . = ALIGN (0x4)
 *(.isr_vector)
 .isr_vector    0x0000000008000000      0x10c ./Core/Startup/startup_stm32f103c8tx.o
                0x0000000008000000                g_pfnVectors
                0x000000000800010c                . = ALIGN (0x4)

.text           0x0000000008000110     0x5b0c
                0x0000000008000110                . = ALIGN (0x4)
 *(.text)
 .text          0x0000000008000110       0x40 /opt/st/stm32cubeide_1.7.0/plugins/com.st.stm32cube.ide.mcu.externaltools.gnu-tools-for-stm32.9-2020-q2-update.linux64_2.0.0.202105311346/tools/bin/../lib/gcc/arm-none-eabi/9.3.1/thumb/v7-m/nofp/crtbegin.o
 *(.text*)
 .text.rfid_add_id
                0x0000000008000150       0x70 ./Core/Src/MFRC522.o
                0x0000000008000150                rfid_add_id
 .text.Write_MFRC522
                0x00000000080001c0       0x5c ./Core/Src/MFRC522.o
                0x00000000080001c0                Write_MFRC522
 .text.Read_MFRC522
                0x000000000800021c       0x60 ./Core/Src/MFRC522.o
                0x000000000800021c                Read_MFRC522
 .text.SetBitMask
                0x000000000800027c       0x1a ./Core/Src/MFRC522.o
                0x000000000800027c                SetBitMask
 .text.ClearBitMask
                0x0000000008000296       0x1a ./Core/Src/MFRC522.o
                0x0000000008000296                ClearBitMask
 .text.AntennaOn
                0x00000000080002b0        0x8 ./Core/Src/MFRC522.o
                0x00000000080002b0                AntennaOn
 .text.MFRC522_Reset
                0x00000000080002b8        0x8 ./Core/Src/MFRC522.o
                0x00000000080002b8                MFRC522_Reset
 .text.MFRC522_Init
                0x00000000080002c0       0x58 ./Core/Src/MFRC522.o
                0x00000000080002c0                MFRC522_Init
 .text.MFRC522_ToCard
                0x0000000008000318       0xfc ./Core/Src/MFRC522.o
                0x0000000008000318                MFRC522_ToCard
 .text.MFRC522_Request
                0x0000000008000414       0x34 ./Core/Src/MFRC522.o
                0x0000000008000414                MFRC522_Request
 .text.MFRC522_Anticoll
                0x0000000008000448       0x46 ./Core/Src/MFRC522.o
                0x0000000008000448                MFRC522_Anticoll
 .text.CalulateCRC
                0x000000000800048e       0x58 ./Core/Src/MFRC522.o
                0x000000000800048e                CalulateCRC
 .text.MFRC522_Halt
                0x00000000080004e6       0x2a ./Core/Src/MFRC522.o
                0x00000000080004e6                MFRC522_Halt
 .text.rfid_find_card
                0x0000000008000510       0x40 ./Core/Src/MFRC522.o
                0x0000000008000510                rfid_find_card
 .text.rfid_identify_card
                0x0000000008000550       0x64 ./Core/Src/MFRC522.o
                0x0000000008000550                rfid_identify_card
 .text.rfid_debounce
                0x00000000080005b4       0x78 ./Core/Src/MFRC522.o
                0x00000000080005b4                rfid_debounce
 .text.rfid_toggle_state
                0x000000000800062c       0x38 ./Core/Src/MFRC522.o
                0x000000000800062c                rfid_toggle_state
 .text.inic_punteros
                0x0000000008000664       0x38 ./Core/Src/adc.o
                0x0000000008000664                inic_punteros
 .text.adc_init
                0x000000000800069c       0x28 ./Core/Src/adc.o
                0x000000000800069c                adc_init
 .text.cambiar_punteros
                0x00000000080006c4       0x2c ./Core/Src/adc.o
                0x00000000080006c4                cambiar_punteros
 .text.HAL_ADC_ConvCpltCallback
                0x00000000080006f0       0x34 ./Core/Src/adc.o
                0x00000000080006f0                HAL_ADC_ConvCpltCallback
 .text.tarea_conversiones
                0x0000000008000724       0x20 ./Core/Src/adc.o
                0x0000000008000724                tarea_conversiones
 .text.update_adc
                0x0000000008000744       0x48 ./Core/Src/adc.o
                0x0000000008000744                update_adc
 .text.fsm_power_supply
                0x000000000800078c       0x44 ./Core/Src/adc.o
                0x000000000800078c                fsm_power_supply
 .text.adc_get_batt_level
                0x00000000080007d0       0x2c ./Core/Src/adc.o
                0x00000000080007d0                adc_get_batt_level
 .text.inicializar_arrebote
                0x00000000080007fc       0x16 ./Core/Src/arrebote.o
                0x00000000080007fc                inicializar_arrebote
 .text.chequear_arrebote
                0x0000000008000812       0x6a ./Core/Src/arrebote.o
                0x0000000008000812                chequear_arrebote
 .text.hay_flanco_arrebote
                0x000000000800087c       0x12 ./Core/Src/arrebote.o
                0x000000000800087c                hay_flanco_arrebote
 *fill*         0x000000000800088e        0x2 
 .text.write_eeprom
                0x0000000008000890       0x2c ./Core/Src/eeprom.o
                0x0000000008000890                write_eeprom
 .text.read_eeprom
                0x00000000080008bc       0x2c ./Core/Src/eeprom.o
                0x00000000080008bc                read_eeprom
 .text.eeprom_write_page
                0x00000000080008e8       0x26 ./Core/Src/eeprom.o
                0x00000000080008e8                eeprom_write_page
 .text.eeprom_read_page
                0x000000000800090e       0x26 ./Core/Src/eeprom.o
                0x000000000800090e                eeprom_read_page
 .text.init_eeprom
                0x0000000008000934       0xf0 ./Core/Src/eeprom.o
                0x0000000008000934                init_eeprom
 .text.save_event
                0x0000000008000a24       0x70 ./Core/Src/eeprom.o
                0x0000000008000a24                save_event
 .text.vApplicationGetIdleTaskMemory
                0x0000000008000a94       0x18 ./Core/Src/freertos.o
                0x0000000008000a94                vApplicationGetIdleTaskMemory
 .text.led_init
                0x0000000008000aac       0x24 ./Core/Src/gpio.o
                0x0000000008000aac                led_init
 .text.toggle_led
                0x0000000008000ad0       0x24 ./Core/Src/gpio.o
                0x0000000008000ad0                toggle_led
 .text.start_buzzer
                0x0000000008000af4       0x44 ./Core/Src/gpio.o
                0x0000000008000af4                start_buzzer
 .text.lcd_send_cmd
                0x0000000008000b38       0x48 ./Core/Src/lcd.o
                0x0000000008000b38                lcd_send_cmd
 .text.lcd_send_data
                0x0000000008000b80       0x48 ./Core/Src/lcd.o
                0x0000000008000b80                lcd_send_data
 .text.lcd_clear
                0x0000000008000bc8        0x6 ./Core/Src/lcd.o
                0x0000000008000bc8                lcd_clear
 *fill*         0x0000000008000bce        0x2 
 .text.lcd_init
                0x0000000008000bd0       0x84 ./Core/Src/lcd.o
                0x0000000008000bd0                lcd_init
 .text.lcd_cursor
                0x0000000008000c54       0x18 ./Core/Src/lcd.o
                0x0000000008000c54                lcd_cursor
 .text.lcd_send_string
                0x0000000008000c6c       0x16 ./Core/Src/lcd.o
                0x0000000008000c6c                lcd_send_string
 .text.StartDefaultTask
                0x0000000008000c82        0xa ./Core/Src/main.o
                0x0000000008000c82                StartDefaultTask
 .text.SystemClock_Config
                0x0000000008000c8c       0x88 ./Core/Src/main.o
                0x0000000008000c8c                SystemClock_Config
 .text.startup.main
                0x0000000008000d14      0x3c0 ./Core/Src/main.o
                0x0000000008000d14                main
 .text.HAL_TIM_PeriodElapsedCallback
                0x00000000080010d4       0x14 ./Core/Src/main.o
                0x00000000080010d4                HAL_TIM_PeriodElapsedCallback
 .text.Error_Handler
                0x00000000080010e8        0x4 ./Core/Src/main.o
                0x00000000080010e8                Error_Handler
 .text.obtener_tiempo
                0x00000000080010ec       0x38 ./Core/Src/rtc.o
                0x00000000080010ec                obtener_tiempo
 .text.leer_sensor
                0x0000000008001124       0x20 ./Core/Src/sensor.o
                0x0000000008001124                leer_sensor
 .text.HAL_MspInit
                0x0000000008001144       0x50 ./Core/Src/stm32f1xx_hal_msp.o
                0x0000000008001144                HAL_MspInit
 .text.HAL_ADC_MspInit
                0x0000000008001194       0x94 ./Core/Src/stm32f1xx_hal_msp.o
                0x0000000008001194                HAL_ADC_MspInit
 .text.HAL_I2C_MspInit
                0x0000000008001228       0x78 ./Core/Src/stm32f1xx_hal_msp.o
                0x0000000008001228                HAL_I2C_MspInit
 .text.HAL_RTC_MspInit
                0x00000000080012a0       0x3c ./Core/Src/stm32f1xx_hal_msp.o
                0x00000000080012a0                HAL_RTC_MspInit
 .text.HAL_SPI_MspInit
                0x00000000080012dc       0x78 ./Core/Src/stm32f1xx_hal_msp.o
                0x00000000080012dc                HAL_SPI_MspInit
 .text.HAL_UART_MspInit
                0x0000000008001354       0x84 ./Core/Src/stm32f1xx_hal_msp.o
                0x0000000008001354                HAL_UART_MspInit
 .text.HAL_InitTick
                0x00000000080013d8       0x78 ./Core/Src/stm32f1xx_hal_timebase_tim.o
                0x00000000080013d8                HAL_InitTick
 .text.NMI_Handler
                0x0000000008001450        0x2 ./Core/Src/stm32f1xx_it.o
                0x0000000008001450                NMI_Handler
 .text.HardFault_Handler
                0x0000000008001452        0x2 ./Core/Src/stm32f1xx_it.o
                0x0000000008001452                HardFault_Handler
 .text.MemManage_Handler
                0x0000000008001454        0x2 ./Core/Src/stm32f1xx_it.o
                0x0000000008001454                MemManage_Handler
 .text.BusFault_Handler
                0x0000000008001456        0x2 ./Core/Src/stm32f1xx_it.o
                0x0000000008001456                BusFault_Handler
 .text.UsageFault_Handler
                0x0000000008001458        0x2 ./Core/Src/stm32f1xx_it.o
                0x0000000008001458                UsageFault_Handler
 .text.DebugMon_Handler
                0x000000000800145a        0x2 ./Core/Src/stm32f1xx_it.o
                0x000000000800145a                DebugMon_Handler
 .text.DMA1_Channel1_IRQHandler
                0x000000000800145c        0xc ./Core/Src/stm32f1xx_it.o
                0x000000000800145c                DMA1_Channel1_IRQHandler
 .text.TIM1_UP_IRQHandler
                0x0000000008001468        0xc ./Core/Src/stm32f1xx_it.o
                0x0000000008001468                TIM1_UP_IRQHandler
 .text.SystemInit
                0x0000000008001474        0x2 ./Core/Src/system_stm32f1xx.o
                0x0000000008001474                SystemInit
 *fill*         0x0000000008001476        0x2 
 .text.checkear_teclado
                0x0000000008001478      0x3ec ./Core/Src/tareas.o
                0x0000000008001478                checkear_teclado
 .text.detectar_rfid
                0x0000000008001864       0x38 ./Core/Src/tareas.o
                0x0000000008001864                detectar_rfid
 .text.detectar_sensores
                0x000000000800189c       0xb4 ./Core/Src/tareas.o
                0x000000000800189c                detectar_sensores
 .text.checkear_power_supply
                0x0000000008001950       0x12 ./Core/Src/tareas.o
                0x0000000008001950                checkear_power_supply
 *fill*         0x0000000008001962        0x2 
 .text.lcd_update
                0x0000000008001964       0x78 ./Core/Src/tareas.o
                0x0000000008001964                lcd_update
 .text.chequear_clave
                0x00000000080019dc       0x58 ./Core/Src/teclado.o
                0x00000000080019dc                chequear_clave
 .text.init_teclado
                0x0000000008001a34       0xcc ./Core/Src/teclado.o
                0x0000000008001a34                init_teclado
 .text.Reset_Handler
                0x0000000008001b00       0x48 ./Core/Startup/startup_stm32f103c8tx.o
                0x0000000008001b00                Reset_Handler
 .text.Default_Handler
                0x0000000008001b48        0x2 ./Core/Startup/startup_stm32f103c8tx.o
                0x0000000008001b48                RTC_Alarm_IRQHandler
                0x0000000008001b48                EXTI2_IRQHandler
                0x0000000008001b48                TIM1_CC_IRQHandler
                0x0000000008001b48                PVD_IRQHandler
                0x0000000008001b48                EXTI3_IRQHandler
                0x0000000008001b48                EXTI0_IRQHandler
                0x0000000008001b48                I2C2_EV_IRQHandler
                0x0000000008001b48                ADC1_2_IRQHandler
                0x0000000008001b48                SPI1_IRQHandler
                0x0000000008001b48                TAMPER_IRQHandler
                0x0000000008001b48                DMA1_Channel4_IRQHandler
                0x0000000008001b48                USART3_IRQHandler
                0x0000000008001b48                RTC_IRQHandler
                0x0000000008001b48                DMA1_Channel7_IRQHandler
                0x0000000008001b48                CAN1_RX1_IRQHandler
                0x0000000008001b48                TIM4_IRQHandler
                0x0000000008001b48                I2C1_EV_IRQHandler
                0x0000000008001b48                DMA1_Channel6_IRQHandler
                0x0000000008001b48                TIM3_IRQHandler
                0x0000000008001b48                RCC_IRQHandler
                0x0000000008001b48                TIM1_TRG_COM_IRQHandler
                0x0000000008001b48                Default_Handler
                0x0000000008001b48                EXTI15_10_IRQHandler
                0x0000000008001b48                EXTI9_5_IRQHandler
                0x0000000008001b48                SPI2_IRQHandler
                0x0000000008001b48                DMA1_Channel5_IRQHandler
                0x0000000008001b48                EXTI4_IRQHandler
                0x0000000008001b48                USB_LP_CAN1_RX0_IRQHandler
                0x0000000008001b48                USB_HP_CAN1_TX_IRQHandler
                0x0000000008001b48                DMA1_Channel3_IRQHandler
                0x0000000008001b48                WWDG_IRQHandler
                0x0000000008001b48                TIM2_IRQHandler
                0x0000000008001b48                TIM1_BRK_IRQHandler
                0x0000000008001b48                EXTI1_IRQHandler
                0x0000000008001b48                USART2_IRQHandler
                0x0000000008001b48                I2C2_ER_IRQHandler
                0x0000000008001b48                DMA1_Channel2_IRQHandler
                0x0000000008001b48                CAN1_SCE_IRQHandler
                0x0000000008001b48                FLASH_IRQHandler
                0x0000000008001b48                USART1_IRQHandler
                0x0000000008001b48                I2C1_ER_IRQHandler
                0x0000000008001b48                USBWakeUp_IRQHandler
 *fill*         0x0000000008001b4a        0x2 
 .text.HAL_Init
                0x0000000008001b4c       0x24 ./Drivers/STM32F1xx_HAL_Driver/Src/stm32f1xx_hal.o
                0x0000000008001b4c                HAL_Init
 .text.HAL_IncTick
                0x0000000008001b70       0x18 ./Drivers/STM32F1xx_HAL_Driver/Src/stm32f1xx_hal.o
                0x0000000008001b70                HAL_IncTick
 .text.HAL_GetTick
                0x0000000008001b88        0xc ./Drivers/STM32F1xx_HAL_Driver/Src/stm32f1xx_hal.o
                0x0000000008001b88                HAL_GetTick
 .text.HAL_Delay
                0x0000000008001b94       0x24 ./Drivers/STM32F1xx_HAL_Driver/Src/stm32f1xx_hal.o
                0x0000000008001b94                HAL_Delay
 .text.ADC_DMAConvCplt
                0x0000000008001bb8       0x4e ./Drivers/STM32F1xx_HAL_Driver/Src/stm32f1xx_hal_adc.o
                0x0000000008001bb8                ADC_DMAConvCplt
 .text.HAL_ADC_ConvHalfCpltCallback
                0x0000000008001c06        0x2 ./Drivers/STM32F1xx_HAL_Driver/Src/stm32f1xx_hal_adc.o
                0x0000000008001c06                HAL_ADC_ConvHalfCpltCallback
 .text.ADC_DMAHalfConvCplt
                0x0000000008001c08        0xa ./Drivers/STM32F1xx_HAL_Driver/Src/stm32f1xx_hal_adc.o
                0x0000000008001c08                ADC_DMAHalfConvCplt
 .text.HAL_ADC_ErrorCallback
                0x0000000008001c12        0x2 ./Drivers/STM32F1xx_HAL_Driver/Src/stm32f1xx_hal_adc.o
                0x0000000008001c12                HAL_ADC_ErrorCallback
 .text.ADC_DMAError
                0x0000000008001c14       0x1a ./Drivers/STM32F1xx_HAL_Driver/Src/stm32f1xx_hal_adc.o
                0x0000000008001c14                ADC_DMAError
 *fill*         0x0000000008001c2e        0x2 
 .text.HAL_ADC_ConfigChannel
                0x0000000008001c30       0xfc ./Drivers/STM32F1xx_HAL_Driver/Src/stm32f1xx_hal_adc.o
                0x0000000008001c30                HAL_ADC_ConfigChannel
 .text.ADC_Enable
                0x0000000008001d2c       0x78 ./Drivers/STM32F1xx_HAL_Driver/Src/stm32f1xx_hal_adc.o
                0x0000000008001d2c                ADC_Enable
 .text.HAL_ADC_Start_DMA
                0x0000000008001da4      0x11c ./Drivers/STM32F1xx_HAL_Driver/Src/stm32f1xx_hal_adc.o
                0x0000000008001da4                HAL_ADC_Start_DMA
 .text.ADC_ConversionStop_Disable
                0x0000000008001ec0       0x4c ./Drivers/STM32F1xx_HAL_Driver/Src/stm32f1xx_hal_adc.o
                0x0000000008001ec0                ADC_ConversionStop_Disable
 .text.HAL_ADC_Init
                0x0000000008001f0c       0xfc ./Drivers/STM32F1xx_HAL_Driver/Src/stm32f1xx_hal_adc.o
                0x0000000008001f0c                HAL_ADC_Init
 .text.HAL_ADCEx_Calibration_Start
                0x0000000008002008       0xe0 ./Drivers/STM32F1xx_HAL_Driver/Src/stm32f1xx_hal_adc_ex.o
                0x0000000008002008                HAL_ADCEx_Calibration_Start
 .text.HAL_NVIC_SetPriorityGrouping
                0x00000000080020e8       0x24 ./Drivers/STM32F1xx_HAL_Driver/Src/stm32f1xx_hal_cortex.o
                0x00000000080020e8                HAL_NVIC_SetPriorityGrouping
 .text.HAL_NVIC_SetPriority
                0x000000000800210c       0x64 ./Drivers/STM32F1xx_HAL_Driver/Src/stm32f1xx_hal_cortex.o
                0x000000000800210c                HAL_NVIC_SetPriority
 .text.HAL_NVIC_EnableIRQ
                0x0000000008002170       0x1c ./Drivers/STM32F1xx_HAL_Driver/Src/stm32f1xx_hal_cortex.o
                0x0000000008002170                HAL_NVIC_EnableIRQ
 .text.HAL_DMA_Init
                0x000000000800218c       0x5c ./Drivers/STM32F1xx_HAL_Driver/Src/stm32f1xx_hal_dma.o
                0x000000000800218c                HAL_DMA_Init
 .text.HAL_DMA_Start_IT
                0x00000000080021e8       0x78 ./Drivers/STM32F1xx_HAL_Driver/Src/stm32f1xx_hal_dma.o
                0x00000000080021e8                HAL_DMA_Start_IT
 .text.HAL_DMA_IRQHandler
                0x0000000008002260      0x124 ./Drivers/STM32F1xx_HAL_Driver/Src/stm32f1xx_hal_dma.o
                0x0000000008002260                HAL_DMA_IRQHandler
 .text.HAL_GPIO_Init
                0x0000000008002384      0x1b8 ./Drivers/STM32F1xx_HAL_Driver/Src/stm32f1xx_hal_gpio.o
                0x0000000008002384                HAL_GPIO_Init
 .text.HAL_GPIO_ReadPin
                0x000000000800253c        0xc ./Drivers/STM32F1xx_HAL_Driver/Src/stm32f1xx_hal_gpio.o
                0x000000000800253c                HAL_GPIO_ReadPin
 .text.HAL_GPIO_WritePin
                0x0000000008002548        0xa ./Drivers/STM32F1xx_HAL_Driver/Src/stm32f1xx_hal_gpio.o
                0x0000000008002548                HAL_GPIO_WritePin
 .text.HAL_GPIO_TogglePin
                0x0000000008002552       0x12 ./Drivers/STM32F1xx_HAL_Driver/Src/stm32f1xx_hal_gpio.o
                0x0000000008002552                HAL_GPIO_TogglePin
 .text.I2C_IsAcknowledgeFailed
                0x0000000008002564       0x32 ./Drivers/STM32F1xx_HAL_Driver/Src/stm32f1xx_hal_i2c.o
 .text.I2C_WaitOnMasterAddressFlagUntilTimeout
                0x0000000008002596       0x76 ./Drivers/STM32F1xx_HAL_Driver/Src/stm32f1xx_hal_i2c.o
 .text.I2C_WaitOnBTFFlagUntilTimeout
                0x000000000800260c       0x4c ./Drivers/STM32F1xx_HAL_Driver/Src/stm32f1xx_hal_i2c.o
 .text.I2C_WaitOnRXNEFlagUntilTimeout
                0x0000000008002658       0x5e ./Drivers/STM32F1xx_HAL_Driver/Src/stm32f1xx_hal_i2c.o
 .text.I2C_WaitOnFlagUntilTimeout
                0x00000000080026b6       0x64 ./Drivers/STM32F1xx_HAL_Driver/Src/stm32f1xx_hal_i2c.o
 .text.I2C_WaitOnTXEFlagUntilTimeout
                0x000000000800271a       0x4c ./Drivers/STM32F1xx_HAL_Driver/Src/stm32f1xx_hal_i2c.o
 *fill*         0x0000000008002766        0x2 
 .text.I2C_RequestMemoryWrite
                0x0000000008002768       0xb0 ./Drivers/STM32F1xx_HAL_Driver/Src/stm32f1xx_hal_i2c.o
 .text.I2C_RequestMemoryRead
                0x0000000008002818      0x104 ./Drivers/STM32F1xx_HAL_Driver/Src/stm32f1xx_hal_i2c.o
 .text.HAL_I2C_Init
                0x000000000800291c      0x150 ./Drivers/STM32F1xx_HAL_Driver/Src/stm32f1xx_hal_i2c.o
                0x000000000800291c                HAL_I2C_Init
 .text.HAL_I2C_Master_Transmit
                0x0000000008002a6c      0x1b0 ./Drivers/STM32F1xx_HAL_Driver/Src/stm32f1xx_hal_i2c.o
                0x0000000008002a6c                HAL_I2C_Master_Transmit
 .text.HAL_I2C_Mem_Write
                0x0000000008002c1c      0x120 ./Drivers/STM32F1xx_HAL_Driver/Src/stm32f1xx_hal_i2c.o
                0x0000000008002c1c                HAL_I2C_Mem_Write
 .text.HAL_I2C_Mem_Read
                0x0000000008002d3c      0x27c ./Drivers/STM32F1xx_HAL_Driver/Src/stm32f1xx_hal_i2c.o
                0x0000000008002d3c                HAL_I2C_Mem_Read
 .text.HAL_PWR_EnableBkUpAccess
                0x0000000008002fb8        0xc ./Drivers/STM32F1xx_HAL_Driver/Src/stm32f1xx_hal_pwr.o
                0x0000000008002fb8                HAL_PWR_EnableBkUpAccess
 .text.HAL_RCC_OscConfig
                0x0000000008002fc4      0x33c ./Drivers/STM32F1xx_HAL_Driver/Src/stm32f1xx_hal_rcc.o
                0x0000000008002fc4                HAL_RCC_OscConfig
 .text.HAL_RCC_GetSysClockFreq
                0x0000000008003300       0x74 ./Drivers/STM32F1xx_HAL_Driver/Src/stm32f1xx_hal_rcc.o
                0x0000000008003300                HAL_RCC_GetSysClockFreq
 .text.HAL_RCC_ClockConfig
                0x0000000008003374      0x138 ./Drivers/STM32F1xx_HAL_Driver/Src/stm32f1xx_hal_rcc.o
                0x0000000008003374                HAL_RCC_ClockConfig
 .text.HAL_RCC_GetPCLK1Freq
                0x00000000080034ac       0x20 ./Drivers/STM32F1xx_HAL_Driver/Src/stm32f1xx_hal_rcc.o
                0x00000000080034ac                HAL_RCC_GetPCLK1Freq
 .text.HAL_RCC_GetPCLK2Freq
                0x00000000080034cc       0x20 ./Drivers/STM32F1xx_HAL_Driver/Src/stm32f1xx_hal_rcc.o
                0x00000000080034cc                HAL_RCC_GetPCLK2Freq
 .text.HAL_RCC_GetClockConfig
                0x00000000080034ec       0x3c ./Drivers/STM32F1xx_HAL_Driver/Src/stm32f1xx_hal_rcc.o
                0x00000000080034ec                HAL_RCC_GetClockConfig
 .text.HAL_RCCEx_PeriphCLKConfig
                0x0000000008003528       0xf0 ./Drivers/STM32F1xx_HAL_Driver/Src/stm32f1xx_hal_rcc_ex.o
                0x0000000008003528                HAL_RCCEx_PeriphCLKConfig
 .text.HAL_RCCEx_GetPeriphCLKFreq
                0x0000000008003618       0xe8 ./Drivers/STM32F1xx_HAL_Driver/Src/stm32f1xx_hal_rcc_ex.o
                0x0000000008003618                HAL_RCCEx_GetPeriphCLKFreq
 .text.RTC_ReadTimeCounter
                0x0000000008003700       0x24 ./Drivers/STM32F1xx_HAL_Driver/Src/stm32f1xx_hal_rtc.o
 .text.RTC_ReadAlarmCounter
                0x0000000008003724        0xe ./Drivers/STM32F1xx_HAL_Driver/Src/stm32f1xx_hal_rtc.o
 .text.RTC_ByteToBcd2
                0x0000000008003732       0x16 ./Drivers/STM32F1xx_HAL_Driver/Src/stm32f1xx_hal_rtc.o
 .text.RTC_WeekDayNum
                0x0000000008003748       0x64 ./Drivers/STM32F1xx_HAL_Driver/Src/stm32f1xx_hal_rtc.o
 .text.RTC_EnterInitMode
                0x00000000080037ac       0x2e ./Drivers/STM32F1xx_HAL_Driver/Src/stm32f1xx_hal_rtc.o
 .text.RTC_ExitInitMode
                0x00000000080037da       0x30 ./Drivers/STM32F1xx_HAL_Driver/Src/stm32f1xx_hal_rtc.o
 .text.RTC_WriteTimeCounter
                0x000000000800380a       0x28 ./Drivers/STM32F1xx_HAL_Driver/Src/stm32f1xx_hal_rtc.o
 .text.RTC_WriteAlarmCounter
                0x0000000008003832       0x28 ./Drivers/STM32F1xx_HAL_Driver/Src/stm32f1xx_hal_rtc.o
 *fill*         0x000000000800385a        0x2 
 .text.HAL_RTC_GetTime
                0x000000000800385c      0x170 ./Drivers/STM32F1xx_HAL_Driver/Src/stm32f1xx_hal_rtc.o
                0x000000000800385c                HAL_RTC_GetTime
 .text.HAL_RTC_WaitForSynchro
                0x00000000080039cc       0x36 ./Drivers/STM32F1xx_HAL_Driver/Src/stm32f1xx_hal_rtc.o
                0x00000000080039cc                HAL_RTC_WaitForSynchro
 *fill*         0x0000000008003a02        0x2 
 .text.HAL_RTC_Init
                0x0000000008003a04       0x9c ./Drivers/STM32F1xx_HAL_Driver/Src/stm32f1xx_hal_rtc.o
                0x0000000008003a04                HAL_RTC_Init
 .text.SPI_WaitFlagStateUntilTimeout.constprop.0
                0x0000000008003aa0       0xac ./Drivers/STM32F1xx_HAL_Driver/Src/stm32f1xx_hal_spi.o
 .text.SPI_EndRxTransaction
                0x0000000008003b4c       0x4e ./Drivers/STM32F1xx_HAL_Driver/Src/stm32f1xx_hal_spi.o
 .text.SPI_EndRxTxTransaction
                0x0000000008003b9a       0x1c ./Drivers/STM32F1xx_HAL_Driver/Src/stm32f1xx_hal_spi.o
 .text.HAL_SPI_Init
                0x0000000008003bb6       0xb0 ./Drivers/STM32F1xx_HAL_Driver/Src/stm32f1xx_hal_spi.o
                0x0000000008003bb6                HAL_SPI_Init
 .text.HAL_SPI_Transmit
                0x0000000008003c66      0x15a ./Drivers/STM32F1xx_HAL_Driver/Src/stm32f1xx_hal_spi.o
                0x0000000008003c66                HAL_SPI_Transmit
 .text.HAL_SPI_TransmitReceive
                0x0000000008003dc0      0x1de ./Drivers/STM32F1xx_HAL_Driver/Src/stm32f1xx_hal_spi.o
                0x0000000008003dc0                HAL_SPI_TransmitReceive
 .text.HAL_SPI_Receive
                0x0000000008003f9e      0x136 ./Drivers/STM32F1xx_HAL_Driver/Src/stm32f1xx_hal_spi.o
                0x0000000008003f9e                HAL_SPI_Receive
 .text.HAL_TIM_Base_MspInit
                0x00000000080040d4        0x2 ./Drivers/STM32F1xx_HAL_Driver/Src/stm32f1xx_hal_tim.o
                0x00000000080040d4                HAL_TIM_Base_MspInit
 *fill*         0x00000000080040d6        0x2 
 .text.HAL_TIM_Base_Start_IT
                0x00000000080040d8       0x54 ./Drivers/STM32F1xx_HAL_Driver/Src/stm32f1xx_hal_tim.o
                0x00000000080040d8                HAL_TIM_Base_Start_IT
 .text.HAL_TIM_OC_DelayElapsedCallback
                0x000000000800412c        0x2 ./Drivers/STM32F1xx_HAL_Driver/Src/stm32f1xx_hal_tim.o
                0x000000000800412c                HAL_TIM_OC_DelayElapsedCallback
 .text.HAL_TIM_IC_CaptureCallback
                0x000000000800412e        0x2 ./Drivers/STM32F1xx_HAL_Driver/Src/stm32f1xx_hal_tim.o
                0x000000000800412e                HAL_TIM_IC_CaptureCallback
 .text.HAL_TIM_PWM_PulseFinishedCallback
                0x0000000008004130        0x2 ./Drivers/STM32F1xx_HAL_Driver/Src/stm32f1xx_hal_tim.o
                0x0000000008004130                HAL_TIM_PWM_PulseFinishedCallback
 .text.HAL_TIM_TriggerCallback
                0x0000000008004132        0x2 ./Drivers/STM32F1xx_HAL_Driver/Src/stm32f1xx_hal_tim.o
                0x0000000008004132                HAL_TIM_TriggerCallback
 .text.HAL_TIM_IRQHandler
                0x0000000008004134      0x144 ./Drivers/STM32F1xx_HAL_Driver/Src/stm32f1xx_hal_tim.o
                0x0000000008004134                HAL_TIM_IRQHandler
 .text.TIM_Base_SetConfig
                0x0000000008004278       0x70 ./Drivers/STM32F1xx_HAL_Driver/Src/stm32f1xx_hal_tim.o
                0x0000000008004278                TIM_Base_SetConfig
 .text.HAL_TIM_Base_Init
                0x00000000080042e8       0x58 ./Drivers/STM32F1xx_HAL_Driver/Src/stm32f1xx_hal_tim.o
                0x00000000080042e8                HAL_TIM_Base_Init
 .text.HAL_TIMEx_CommutCallback
                0x0000000008004340        0x2 ./Drivers/STM32F1xx_HAL_Driver/Src/stm32f1xx_hal_tim_ex.o
                0x0000000008004340                HAL_TIMEx_CommutCallback
 .text.HAL_TIMEx_BreakCallback
                0x0000000008004342        0x2 ./Drivers/STM32F1xx_HAL_Driver/Src/stm32f1xx_hal_tim_ex.o
                0x0000000008004342                HAL_TIMEx_BreakCallback
 .text.UART_SetConfig
                0x0000000008004344       0x74 ./Drivers/STM32F1xx_HAL_Driver/Src/stm32f1xx_hal_uart.o
 .text.HAL_UART_Init
                0x00000000080043b8       0x5c ./Drivers/STM32F1xx_HAL_Driver/Src/stm32f1xx_hal_uart.o
                0x00000000080043b8                HAL_UART_Init
 .text.osKernelStart
                0x0000000008004414        0xa ./Middlewares/Third_Party/FreeRTOS/Source/CMSIS_RTOS/cmsis_os.o
                0x0000000008004414                osKernelStart
 .text.osThreadCreate
                0x000000000800441e       0x50 ./Middlewares/Third_Party/FreeRTOS/Source/CMSIS_RTOS/cmsis_os.o
                0x000000000800441e                osThreadCreate
 .text.osDelay  0x000000000800446e       0x10 ./Middlewares/Third_Party/FreeRTOS/Source/CMSIS_RTOS/cmsis_os.o
                0x000000000800446e                osDelay
 .text.vListInitialise
                0x000000000800447e       0x16 ./Middlewares/Third_Party/FreeRTOS/Source/list.o
                0x000000000800447e                vListInitialise
 .text.vListInitialiseItem
                0x0000000008004494        0x6 ./Middlewares/Third_Party/FreeRTOS/Source/list.o
                0x0000000008004494                vListInitialiseItem
 .text.vListInsertEnd
                0x000000000800449a       0x18 ./Middlewares/Third_Party/FreeRTOS/Source/list.o
                0x000000000800449a                vListInsertEnd
 .text.vListInsert
                0x00000000080044b2       0x2e ./Middlewares/Third_Party/FreeRTOS/Source/list.o
                0x00000000080044b2                vListInsert
 .text.uxListRemove
                0x00000000080044e0       0x20 ./Middlewares/Third_Party/FreeRTOS/Source/list.o
                0x00000000080044e0                uxListRemove
 .text.prvIsQueueEmpty
                0x0000000008004500       0x16 ./Middlewares/Third_Party/FreeRTOS/Source/queue.o
 .text.prvCopyDataToQueue
                0x0000000008004516       0x6a ./Middlewares/Third_Party/FreeRTOS/Source/queue.o
 .text.prvUnlockQueue
                0x0000000008004580       0x70 ./Middlewares/Third_Party/FreeRTOS/Source/queue.o
 .text.xQueueGenericReset
                0x00000000080045f0       0x80 ./Middlewares/Third_Party/FreeRTOS/Source/queue.o
                0x00000000080045f0                xQueueGenericReset
 .text.xQueueGenericCreate.part.0
                0x0000000008004670       0x34 ./Middlewares/Third_Party/FreeRTOS/Source/queue.o
 .text.xQueueGenericCreate
                0x00000000080046a4       0x18 ./Middlewares/Third_Party/FreeRTOS/Source/queue.o
                0x00000000080046a4                xQueueGenericCreate
 .text.xQueueGenericSend
                0x00000000080046bc      0x164 ./Middlewares/Third_Party/FreeRTOS/Source/queue.o
                0x00000000080046bc                xQueueGenericSend
 .text.xQueueCreateMutex
                0x0000000008004820       0x22 ./Middlewares/Third_Party/FreeRTOS/Source/queue.o
                0x0000000008004820                xQueueCreateMutex
 .text.xQueueGiveFromISR
                0x0000000008004842       0xa8 ./Middlewares/Third_Party/FreeRTOS/Source/queue.o
                0x0000000008004842                xQueueGiveFromISR
 *fill*         0x00000000080048ea        0x2 
 .text.xQueueSemaphoreTake
                0x00000000080048ec      0x188 ./Middlewares/Third_Party/FreeRTOS/Source/queue.o
                0x00000000080048ec                xQueueSemaphoreTake
 .text.prvAddNewTaskToReadyList
                0x0000000008004a74      0x12c ./Middlewares/Third_Party/FreeRTOS/Source/tasks.o
 .text.prvResetNextTaskUnblockTime
                0x0000000008004ba0       0x24 ./Middlewares/Third_Party/FreeRTOS/Source/tasks.o
 .text.prvInitialiseNewTask.isra.0
                0x0000000008004bc4       0xac ./Middlewares/Third_Party/FreeRTOS/Source/tasks.o
 .text.prvDeleteTCB
                0x0000000008004c70       0x3c ./Middlewares/Third_Party/FreeRTOS/Source/tasks.o
 .text.prvIdleTask
                0x0000000008004cac       0x64 ./Middlewares/Third_Party/FreeRTOS/Source/tasks.o
 .text.prvAddCurrentTaskToDelayedList
                0x0000000008004d10       0x8c ./Middlewares/Third_Party/FreeRTOS/Source/tasks.o
 .text.xTaskCreateStatic
                0x0000000008004d9c       0x6e ./Middlewares/Third_Party/FreeRTOS/Source/tasks.o
                0x0000000008004d9c                xTaskCreateStatic
 .text.xTaskCreate
                0x0000000008004e0a       0x5a ./Middlewares/Third_Party/FreeRTOS/Source/tasks.o
                0x0000000008004e0a                xTaskCreate
 .text.vTaskStartScheduler
                0x0000000008004e64       0x7c ./Middlewares/Third_Party/FreeRTOS/Source/tasks.o
                0x0000000008004e64                vTaskStartScheduler
 .text.vTaskSuspendAll
                0x0000000008004ee0       0x10 ./Middlewares/Third_Party/FreeRTOS/Source/tasks.o
                0x0000000008004ee0                vTaskSuspendAll
 .text.xTaskIncrementTick
                0x0000000008004ef0      0x124 ./Middlewares/Third_Party/FreeRTOS/Source/tasks.o
                0x0000000008004ef0                xTaskIncrementTick
 .text.xTaskResumeAll
                0x0000000008005014       0xec ./Middlewares/Third_Party/FreeRTOS/Source/tasks.o
                0x0000000008005014                xTaskResumeAll
 .text.vTaskDelay
                0x0000000008005100       0x48 ./Middlewares/Third_Party/FreeRTOS/Source/tasks.o
                0x0000000008005100                vTaskDelay
 .text.vTaskSwitchContext
                0x0000000008005148       0x84 ./Middlewares/Third_Party/FreeRTOS/Source/tasks.o
                0x0000000008005148                vTaskSwitchContext
 .text.vTaskPlaceOnEventList
                0x00000000080051cc       0x34 ./Middlewares/Third_Party/FreeRTOS/Source/tasks.o
                0x00000000080051cc                vTaskPlaceOnEventList
 .text.xTaskRemoveFromEventList
                0x0000000008005200       0x84 ./Middlewares/Third_Party/FreeRTOS/Source/tasks.o
                0x0000000008005200                xTaskRemoveFromEventList
 .text.vTaskInternalSetTimeOutState
                0x0000000008005284       0x18 ./Middlewares/Third_Party/FreeRTOS/Source/tasks.o
                0x0000000008005284                vTaskInternalSetTimeOutState
 .text.xTaskCheckForTimeOut
                0x000000000800529c       0x78 ./Middlewares/Third_Party/FreeRTOS/Source/tasks.o
                0x000000000800529c                xTaskCheckForTimeOut
 .text.vTaskMissedYield
                0x0000000008005314        0xc ./Middlewares/Third_Party/FreeRTOS/Source/tasks.o
                0x0000000008005314                vTaskMissedYield
 .text.xTaskGetSchedulerState
                0x0000000008005320       0x20 ./Middlewares/Third_Party/FreeRTOS/Source/tasks.o
                0x0000000008005320                xTaskGetSchedulerState
 .text.xTaskPriorityInherit
                0x0000000008005340       0xa8 ./Middlewares/Third_Party/FreeRTOS/Source/tasks.o
                0x0000000008005340                xTaskPriorityInherit
 .text.xTaskPriorityDisinherit
                0x00000000080053e8       0xa0 ./Middlewares/Third_Party/FreeRTOS/Source/tasks.o
                0x00000000080053e8                xTaskPriorityDisinherit
 .text.vTaskPriorityDisinheritAfterTimeout
                0x0000000008005488       0xb0 ./Middlewares/Third_Party/FreeRTOS/Source/tasks.o
                0x0000000008005488                vTaskPriorityDisinheritAfterTimeout
 .text.pvTaskIncrementMutexHeldCount
                0x0000000008005538       0x18 ./Middlewares/Third_Party/FreeRTOS/Source/tasks.o
                0x0000000008005538                pvTaskIncrementMutexHeldCount
 .text.prvPortStartFirstTask
                0x0000000008005550       0x20 ./Middlewares/Third_Party/FreeRTOS/Source/portable/GCC/ARM_CM3/port.o
 .text.prvTaskExitError
                0x0000000008005570       0x40 ./Middlewares/Third_Party/FreeRTOS/Source/portable/GCC/ARM_CM3/port.o
 .text.pxPortInitialiseStack
                0x00000000080055b0       0x24 ./Middlewares/Third_Party/FreeRTOS/Source/portable/GCC/ARM_CM3/port.o
                0x00000000080055b0                pxPortInitialiseStack
 *fill*         0x00000000080055d4        0xc 
 .text.SVC_Handler
                0x00000000080055e0       0x24 ./Middlewares/Third_Party/FreeRTOS/Source/portable/GCC/ARM_CM3/port.o
                0x00000000080055e0                SVC_Handler
 .text.vPortEnterCritical
                0x0000000008005604       0x44 ./Middlewares/Third_Party/FreeRTOS/Source/portable/GCC/ARM_CM3/port.o
                0x0000000008005604                vPortEnterCritical
 .text.vPortExitCritical
                0x0000000008005648       0x28 ./Middlewares/Third_Party/FreeRTOS/Source/portable/GCC/ARM_CM3/port.o
                0x0000000008005648                vPortExitCritical
 .text.PendSV_Handler
                0x0000000008005670       0x44 ./Middlewares/Third_Party/FreeRTOS/Source/portable/GCC/ARM_CM3/port.o
                0x0000000008005670                PendSV_Handler
 .text.SysTick_Handler
                0x00000000080056b4       0x2c ./Middlewares/Third_Party/FreeRTOS/Source/portable/GCC/ARM_CM3/port.o
                0x00000000080056b4                SysTick_Handler
 .text.vPortSetupTimerInterrupt
                0x00000000080056e0       0x34 ./Middlewares/Third_Party/FreeRTOS/Source/portable/GCC/ARM_CM3/port.o
                0x00000000080056e0                vPortSetupTimerInterrupt
 .text.xPortStartScheduler
                0x0000000008005714       0xb0 ./Middlewares/Third_Party/FreeRTOS/Source/portable/GCC/ARM_CM3/port.o
                0x0000000008005714                xPortStartScheduler
 .text.vPortValidateInterruptPriority
                0x00000000080057c4       0x5c ./Middlewares/Third_Party/FreeRTOS/Source/portable/GCC/ARM_CM3/port.o
                0x00000000080057c4                vPortValidateInterruptPriority
 .text.prvInsertBlockIntoFreeList
                0x0000000008005820       0x48 ./Middlewares/Third_Party/FreeRTOS/Source/portable/MemMang/heap_4.o
 .text.pvPortMalloc
                0x0000000008005868      0x114 ./Middlewares/Third_Party/FreeRTOS/Source/portable/MemMang/heap_4.o
                0x0000000008005868                pvPortMalloc
 .text.vPortFree
                0x000000000800597c       0x70 ./Middlewares/Third_Party/FreeRTOS/Source/portable/MemMang/heap_4.o
                0x000000000800597c                vPortFree
 .text.__libc_init_array
                0x00000000080059ec       0x48 /opt/st/stm32cubeide_1.7.0/plugins/com.st.stm32cube.ide.mcu.externaltools.gnu-tools-for-stm32.9-2020-q2-update.linux64_2.0.0.202105311346/tools/bin/../lib/gcc/arm-none-eabi/9.3.1/../../../../arm-none-eabi/lib/thumb/v7-m/nofp/libc_nano.a(lib_a-init.o)
                0x00000000080059ec                __libc_init_array
 .text.__retarget_lock_acquire_recursive
                0x0000000008005a34        0x2 /opt/st/stm32cubeide_1.7.0/plugins/com.st.stm32cube.ide.mcu.externaltools.gnu-tools-for-stm32.9-2020-q2-update.linux64_2.0.0.202105311346/tools/bin/../lib/gcc/arm-none-eabi/9.3.1/../../../../arm-none-eabi/lib/thumb/v7-m/nofp/libc_nano.a(lib_a-lock.o)
                0x0000000008005a34                __retarget_lock_acquire_recursive
 .text.__retarget_lock_release_recursive
                0x0000000008005a36        0x2 /opt/st/stm32cubeide_1.7.0/plugins/com.st.stm32cube.ide.mcu.externaltools.gnu-tools-for-stm32.9-2020-q2-update.linux64_2.0.0.202105311346/tools/bin/../lib/gcc/arm-none-eabi/9.3.1/../../../../arm-none-eabi/lib/thumb/v7-m/nofp/libc_nano.a(lib_a-lock.o)
                0x0000000008005a36                __retarget_lock_release_recursive
 .text.memcmp   0x0000000008005a38       0x1c /opt/st/stm32cubeide_1.7.0/plugins/com.st.stm32cube.ide.mcu.externaltools.gnu-tools-for-stm32.9-2020-q2-update.linux64_2.0.0.202105311346/tools/bin/../lib/gcc/arm-none-eabi/9.3.1/../../../../arm-none-eabi/lib/thumb/v7-m/nofp/libc_nano.a(lib_a-memcmp.o)
                0x0000000008005a38                memcmp
 .text.memcpy   0x0000000008005a54       0x1c /opt/st/stm32cubeide_1.7.0/plugins/com.st.stm32cube.ide.mcu.externaltools.gnu-tools-for-stm32.9-2020-q2-update.linux64_2.0.0.202105311346/tools/bin/../lib/gcc/arm-none-eabi/9.3.1/../../../../arm-none-eabi/lib/thumb/v7-m/nofp/libc_nano.a(lib_a-memcpy-stub.o)
                0x0000000008005a54                memcpy
 .text.memset   0x0000000008005a70       0x10 /opt/st/stm32cubeide_1.7.0/plugins/com.st.stm32cube.ide.mcu.externaltools.gnu-tools-for-stm32.9-2020-q2-update.linux64_2.0.0.202105311346/tools/bin/../lib/gcc/arm-none-eabi/9.3.1/../../../../arm-none-eabi/lib/thumb/v7-m/nofp/libc_nano.a(lib_a-memset.o)
                0x0000000008005a70                memset
 .text.cleanup_glue
                0x0000000008005a80       0x1a /opt/st/stm32cubeide_1.7.0/plugins/com.st.stm32cube.ide.mcu.externaltools.gnu-tools-for-stm32.9-2020-q2-update.linux64_2.0.0.202105311346/tools/bin/../lib/gcc/arm-none-eabi/9.3.1/../../../../arm-none-eabi/lib/thumb/v7-m/nofp/libc_nano.a(lib_a-reent.o)
                0x0000000008005a80                cleanup_glue
 *fill*         0x0000000008005a9a        0x2 
 .text._reclaim_reent
                0x0000000008005a9c       0xb8 /opt/st/stm32cubeide_1.7.0/plugins/com.st.stm32cube.ide.mcu.externaltools.gnu-tools-for-stm32.9-2020-q2-update.linux64_2.0.0.202105311346/tools/bin/../lib/gcc/arm-none-eabi/9.3.1/../../../../arm-none-eabi/lib/thumb/v7-m/nofp/libc_nano.a(lib_a-reent.o)
                0x0000000008005a9c                _reclaim_reent
 .text.__malloc_lock
                0x0000000008005b54        0xc /opt/st/stm32cubeide_1.7.0/plugins/com.st.stm32cube.ide.mcu.externaltools.gnu-tools-for-stm32.9-2020-q2-update.linux64_2.0.0.202105311346/tools/bin/../lib/gcc/arm-none-eabi/9.3.1/../../../../arm-none-eabi/lib/thumb/v7-m/nofp/libc_nano.a(lib_a-mlock.o)
                0x0000000008005b54                __malloc_lock
 .text.__malloc_unlock
                0x0000000008005b60        0xc /opt/st/stm32cubeide_1.7.0/plugins/com.st.stm32cube.ide.mcu.externaltools.gnu-tools-for-stm32.9-2020-q2-update.linux64_2.0.0.202105311346/tools/bin/../lib/gcc/arm-none-eabi/9.3.1/../../../../arm-none-eabi/lib/thumb/v7-m/nofp/libc_nano.a(lib_a-mlock.o)
                0x0000000008005b60                __malloc_unlock
 .text._free_r  0x0000000008005b6c       0x98 /opt/st/stm32cubeide_1.7.0/plugins/com.st.stm32cube.ide.mcu.externaltools.gnu-tools-for-stm32.9-2020-q2-update.linux64_2.0.0.202105311346/tools/bin/../lib/gcc/arm-none-eabi/9.3.1/../../../../arm-none-eabi/lib/thumb/v7-m/nofp/libc_nano.a(lib_a-nano-freer.o)
                0x0000000008005b6c                _free_r
 *(.glue_7)
 .glue_7        0x0000000008005c04        0x0 linker stubs
 *(.glue_7t)
 .glue_7t       0x0000000008005c04        0x0 linker stubs
 *(.eh_frame)
 .eh_frame      0x0000000008005c04        0x0 /opt/st/stm32cubeide_1.7.0/plugins/com.st.stm32cube.ide.mcu.externaltools.gnu-tools-for-stm32.9-2020-q2-update.linux64_2.0.0.202105311346/tools/bin/../lib/gcc/arm-none-eabi/9.3.1/thumb/v7-m/nofp/crtbegin.o
 *(.init)
 .init          0x0000000008005c04        0x4 /opt/st/stm32cubeide_1.7.0/plugins/com.st.stm32cube.ide.mcu.externaltools.gnu-tools-for-stm32.9-2020-q2-update.linux64_2.0.0.202105311346/tools/bin/../lib/gcc/arm-none-eabi/9.3.1/thumb/v7-m/nofp/crti.o
                0x0000000008005c04                _init
 .init          0x0000000008005c08        0x8 /opt/st/stm32cubeide_1.7.0/plugins/com.st.stm32cube.ide.mcu.externaltools.gnu-tools-for-stm32.9-2020-q2-update.linux64_2.0.0.202105311346/tools/bin/../lib/gcc/arm-none-eabi/9.3.1/thumb/v7-m/nofp/crtn.o
 *(.fini)
 .fini          0x0000000008005c10        0x4 /opt/st/stm32cubeide_1.7.0/plugins/com.st.stm32cube.ide.mcu.externaltools.gnu-tools-for-stm32.9-2020-q2-update.linux64_2.0.0.202105311346/tools/bin/../lib/gcc/arm-none-eabi/9.3.1/thumb/v7-m/nofp/crti.o
                0x0000000008005c10                _fini
 .fini          0x0000000008005c14        0x8 /opt/st/stm32cubeide_1.7.0/plugins/com.st.stm32cube.ide.mcu.externaltools.gnu-tools-for-stm32.9-2020-q2-update.linux64_2.0.0.202105311346/tools/bin/../lib/gcc/arm-none-eabi/9.3.1/thumb/v7-m/nofp/crtn.o
                0x0000000008005c1c                . = ALIGN (0x4)
                0x0000000008005c1c                _etext = .

.vfp11_veneer   0x0000000008005c1c        0x0
 .vfp11_veneer  0x0000000008005c1c        0x0 linker stubs

.v4_bx          0x0000000008005c1c        0x0
 .v4_bx         0x0000000008005c1c        0x0 linker stubs

.iplt           0x0000000008005c1c        0x0
 .iplt          0x0000000008005c1c        0x0 /opt/st/stm32cubeide_1.7.0/plugins/com.st.stm32cube.ide.mcu.externaltools.gnu-tools-for-stm32.9-2020-q2-update.linux64_2.0.0.202105311346/tools/bin/../lib/gcc/arm-none-eabi/9.3.1/thumb/v7-m/nofp/crtbegin.o

.rodata         0x0000000008005c1c      0x154
                0x0000000008005c1c                . = ALIGN (0x4)
 *(.rodata)
 .rodata        0x0000000008005c1c       0x1c ./Core/Src/main.o
 *(.rodata*)
 .rodata.init_eeprom.str1.1
                0x0000000008005c38       0x20 ./Core/Src/eeprom.o
 .rodata.str1.1
                0x0000000008005c58        0xc ./Core/Src/main.o
 .rodata.main.str1.1
                0x0000000008005c64       0x65 ./Core/Src/main.o
 .rodata.AHBPrescTable
                0x0000000008005cc9       0x10 ./Core/Src/system_stm32f1xx.o
                0x0000000008005cc9                AHBPrescTable
 .rodata.APBPrescTable
                0x0000000008005cd9        0x8 ./Core/Src/system_stm32f1xx.o
                0x0000000008005cd9                APBPrescTable
 .rodata.lcd_update.str1.1
                0x0000000008005ce1       0x16 ./Core/Src/tareas.o
 .rodata.HAL_RCC_GetSysClockFreq.str1.1
                0x0000000008005cf7       0x11 ./Drivers/STM32F1xx_HAL_Driver/Src/stm32f1xx_hal_rcc.o
 .rodata.HAL_RCCEx_GetPeriphCLKFreq.str1.1
                0x0000000008005d08       0x11 ./Drivers/STM32F1xx_HAL_Driver/Src/stm32f1xx_hal_rcc_ex.o
 .rodata.vTaskStartScheduler.str1.1
                0x0000000008005d08        0x5 ./Middlewares/Third_Party/FreeRTOS/Source/tasks.o
 *fill*         0x0000000008005d0d        0x3 
 .rodata.__sf_fake_stderr
                0x0000000008005d10       0x20 /opt/st/stm32cubeide_1.7.0/plugins/com.st.stm32cube.ide.mcu.externaltools.gnu-tools-for-stm32.9-2020-q2-update.linux64_2.0.0.202105311346/tools/bin/../lib/gcc/arm-none-eabi/9.3.1/../../../../arm-none-eabi/lib/thumb/v7-m/nofp/libc_nano.a(lib_a-findfp.o)
                0x0000000008005d10                __sf_fake_stderr
 .rodata.__sf_fake_stdin
                0x0000000008005d30       0x20 /opt/st/stm32cubeide_1.7.0/plugins/com.st.stm32cube.ide.mcu.externaltools.gnu-tools-for-stm32.9-2020-q2-update.linux64_2.0.0.202105311346/tools/bin/../lib/gcc/arm-none-eabi/9.3.1/../../../../arm-none-eabi/lib/thumb/v7-m/nofp/libc_nano.a(lib_a-findfp.o)
                0x0000000008005d30                __sf_fake_stdin
 .rodata.__sf_fake_stdout
                0x0000000008005d50       0x20 /opt/st/stm32cubeide_1.7.0/plugins/com.st.stm32cube.ide.mcu.externaltools.gnu-tools-for-stm32.9-2020-q2-update.linux64_2.0.0.202105311346/tools/bin/../lib/gcc/arm-none-eabi/9.3.1/../../../../arm-none-eabi/lib/thumb/v7-m/nofp/libc_nano.a(lib_a-findfp.o)
                0x0000000008005d50                __sf_fake_stdout
                0x0000000008005d70                . = ALIGN (0x4)

.rel.dyn        0x0000000008005d70        0x0
 .rel.iplt      0x0000000008005d70        0x0 /opt/st/stm32cubeide_1.7.0/plugins/com.st.stm32cube.ide.mcu.externaltools.gnu-tools-for-stm32.9-2020-q2-update.linux64_2.0.0.202105311346/tools/bin/../lib/gcc/arm-none-eabi/9.3.1/thumb/v7-m/nofp/crtbegin.o

.ARM.extab      0x0000000008005d70        0x0
                0x0000000008005d70                . = ALIGN (0x4)
 *(.ARM.extab* .gnu.linkonce.armextab.*)
                0x0000000008005d70                . = ALIGN (0x4)

.ARM            0x0000000008005d70        0x0
                0x0000000008005d70                . = ALIGN (0x4)
                0x0000000008005d70                __exidx_start = .
 *(.ARM.exidx*)
                0x0000000008005d70                __exidx_end = .
                0x0000000008005d70                . = ALIGN (0x4)

.preinit_array  0x0000000008005d70        0x0
                0x0000000008005d70                . = ALIGN (0x4)
                0x0000000008005d70                PROVIDE (__preinit_array_start = .)
 *(.preinit_array*)
                0x0000000008005d70                PROVIDE (__preinit_array_end = .)
                0x0000000008005d70                . = ALIGN (0x4)

.init_array     0x0000000008005d70        0x4
                0x0000000008005d70                . = ALIGN (0x4)
                0x0000000008005d70                PROVIDE (__init_array_start = .)
 *(SORT_BY_NAME(.init_array.*))
 *(.init_array*)
 .init_array    0x0000000008005d70        0x4 /opt/st/stm32cubeide_1.7.0/plugins/com.st.stm32cube.ide.mcu.externaltools.gnu-tools-for-stm32.9-2020-q2-update.linux64_2.0.0.202105311346/tools/bin/../lib/gcc/arm-none-eabi/9.3.1/thumb/v7-m/nofp/crtbegin.o
                0x0000000008005d74                PROVIDE (__init_array_end = .)
                0x0000000008005d74                . = ALIGN (0x4)

.fini_array     0x0000000008005d74        0x4
                0x0000000008005d74                . = ALIGN (0x4)
                [!provide]                        PROVIDE (__fini_array_start = .)
 *(SORT_BY_NAME(.fini_array.*))
 *(.fini_array*)
 .fini_array    0x0000000008005d74        0x4 /opt/st/stm32cubeide_1.7.0/plugins/com.st.stm32cube.ide.mcu.externaltools.gnu-tools-for-stm32.9-2020-q2-update.linux64_2.0.0.202105311346/tools/bin/../lib/gcc/arm-none-eabi/9.3.1/thumb/v7-m/nofp/crtbegin.o
                [!provide]                        PROVIDE (__fini_array_end = .)
                0x0000000008005d78                . = ALIGN (0x4)
                0x0000000008005d78                _sidata = LOADADDR (.data)

.data           0x0000000020000000       0x74 load address 0x0000000008005d78
                0x0000000020000000                . = ALIGN (0x4)
                0x0000000020000000                _sdata = .
 *(.data)
 *(.data*)
 .data.SystemCoreClock
                0x0000000020000000        0x4 ./Core/Src/system_stm32f1xx.o
                0x0000000020000000                SystemCoreClock
 .data.uwTickFreq
                0x0000000020000004        0x1 ./Drivers/STM32F1xx_HAL_Driver/Src/stm32f1xx_hal.o
                0x0000000020000004                uwTickFreq
 *fill*         0x0000000020000005        0x3 
 .data.uwTickPrio
                0x0000000020000008        0x4 ./Drivers/STM32F1xx_HAL_Driver/Src/stm32f1xx_hal.o
                0x0000000020000008                uwTickPrio
 .data.uxCriticalNesting
                0x000000002000000c        0x4 ./Middlewares/Third_Party/FreeRTOS/Source/portable/GCC/ARM_CM3/port.o
 .data._impure_ptr
                0x0000000020000010        0x4 /opt/st/stm32cubeide_1.7.0/plugins/com.st.stm32cube.ide.mcu.externaltools.gnu-tools-for-stm32.9-2020-q2-update.linux64_2.0.0.202105311346/tools/bin/../lib/gcc/arm-none-eabi/9.3.1/../../../../arm-none-eabi/lib/thumb/v7-m/nofp/libc_nano.a(lib_a-impure.o)
                0x0000000020000010                _impure_ptr
 .data.impure_data
                0x0000000020000014       0x60 /opt/st/stm32cubeide_1.7.0/plugins/com.st.stm32cube.ide.mcu.externaltools.gnu-tools-for-stm32.9-2020-q2-update.linux64_2.0.0.202105311346/tools/bin/../lib/gcc/arm-none-eabi/9.3.1/../../../../arm-none-eabi/lib/thumb/v7-m/nofp/libc_nano.a(lib_a-impure.o)
 *(.RamFunc)
 *(.RamFunc*)
                0x0000000020000074                . = ALIGN (0x4)
                0x0000000020000074                _edata = .

.igot.plt       0x0000000020000074        0x0 load address 0x0000000008005dec
 .igot.plt      0x0000000020000074        0x0 /opt/st/stm32cubeide_1.7.0/plugins/com.st.stm32cube.ide.mcu.externaltools.gnu-tools-for-stm32.9-2020-q2-update.linux64_2.0.0.202105311346/tools/bin/../lib/gcc/arm-none-eabi/9.3.1/thumb/v7-m/nofp/crtbegin.o
                0x0000000020000074                . = ALIGN (0x4)

.bss            0x0000000020000074     0x3e38 load address 0x0000000008005dec
                0x0000000020000074                _sbss = .
                0x0000000020000074                __bss_start__ = _sbss
 *(.bss)
 .bss           0x0000000020000074       0x1c /opt/st/stm32cubeide_1.7.0/plugins/com.st.stm32cube.ide.mcu.externaltools.gnu-tools-for-stm32.9-2020-q2-update.linux64_2.0.0.202105311346/tools/bin/../lib/gcc/arm-none-eabi/9.3.1/thumb/v7-m/nofp/crtbegin.o
 *(.bss*)
 .bss.RC522_CS_GPIO_Port
                0x0000000020000090        0x4 ./Core/Src/MFRC522.o
 .bss.RC522_CS_Pin
                0x0000000020000094        0x2 ./Core/Src/MFRC522.o
 .bss.current_index.9527
                0x0000000020000096        0x1 ./Core/Src/MFRC522.o
 .bss.estado.9537
                0x0000000020000097        0x1 ./Core/Src/MFRC522.o
 .bss.initial_time.9538
                0x0000000020000098        0x4 ./Core/Src/MFRC522.o
 .bss.spi       0x000000002000009c        0x4 ./Core/Src/MFRC522.o
 .bss.adc       0x00000000200000a0        0x4 ./Core/Src/adc.o
 .bss.state.9489
                0x00000000200000a4        0x1 ./Core/Src/adc.o
 *fill*         0x00000000200000a5        0x3 
 .bss.i2c       0x00000000200000a8        0x4 ./Core/Src/eeprom.o
 .bss.mem_pointer_index.9520
                0x00000000200000ac        0x1 ./Core/Src/eeprom.o
 *fill*         0x00000000200000ad        0x3 
 .bss.xIdleStack
                0x00000000200000b0      0x100 ./Core/Src/freertos.o
 .bss.xIdleTaskTCBBuffer
                0x00000000200001b0       0xe0 ./Core/Src/freertos.o
 .bss.i2c       0x0000000020000290        0x4 ./Core/Src/lcd.o
 .bss.clave_ok  0x0000000020000294        0x1 ./Core/Src/main.o
                0x0000000020000294                clave_ok
 .bss.rfid_internal_state
                0x0000000020000295        0x1 ./Core/Src/main.o
                0x0000000020000295                rfid_internal_state
 *fill*         0x0000000020000296        0x2 
 .bss.pxCurrentTCB
                0x0000000020000298        0x4 ./Middlewares/Third_Party/FreeRTOS/Source/tasks.o
                0x0000000020000298                pxCurrentTCB
 .bss.pxDelayedTaskList
                0x000000002000029c        0x4 ./Middlewares/Third_Party/FreeRTOS/Source/tasks.o
 .bss.pxOverflowDelayedTaskList
                0x00000000200002a0        0x4 ./Middlewares/Third_Party/FreeRTOS/Source/tasks.o
 .bss.pxReadyTasksLists
                0x00000000200002a4       0x8c ./Middlewares/Third_Party/FreeRTOS/Source/tasks.o
 .bss.uxCurrentNumberOfTasks
                0x0000000020000330        0x4 ./Middlewares/Third_Party/FreeRTOS/Source/tasks.o
 .bss.uxDeletedTasksWaitingCleanUp
                0x0000000020000334        0x4 ./Middlewares/Third_Party/FreeRTOS/Source/tasks.o
 .bss.uxPendedTicks
                0x0000000020000338        0x4 ./Middlewares/Third_Party/FreeRTOS/Source/tasks.o
 .bss.uxSchedulerSuspended
                0x000000002000033c        0x4 ./Middlewares/Third_Party/FreeRTOS/Source/tasks.o
 .bss.uxTaskNumber
                0x0000000020000340        0x4 ./Middlewares/Third_Party/FreeRTOS/Source/tasks.o
 .bss.uxTopReadyPriority
                0x0000000020000344        0x4 ./Middlewares/Third_Party/FreeRTOS/Source/tasks.o
 .bss.xDelayedTaskList1
                0x0000000020000348       0x14 ./Middlewares/Third_Party/FreeRTOS/Source/tasks.o
 .bss.xDelayedTaskList2
                0x000000002000035c       0x14 ./Middlewares/Third_Party/FreeRTOS/Source/tasks.o
 .bss.xNextTaskUnblockTime
                0x0000000020000370        0x4 ./Middlewares/Third_Party/FreeRTOS/Source/tasks.o
 .bss.xNumOfOverflows
                0x0000000020000374        0x4 ./Middlewares/Third_Party/FreeRTOS/Source/tasks.o
 .bss.xPendingReadyList
                0x0000000020000378       0x14 ./Middlewares/Third_Party/FreeRTOS/Source/tasks.o
 .bss.xSchedulerRunning
                0x000000002000038c        0x4 ./Middlewares/Third_Party/FreeRTOS/Source/tasks.o
 .bss.xSuspendedTaskList
                0x0000000020000390       0x14 ./Middlewares/Third_Party/FreeRTOS/Source/tasks.o
 .bss.xTasksWaitingTermination
                0x00000000200003a4       0x14 ./Middlewares/Third_Party/FreeRTOS/Source/tasks.o
 .bss.xTickCount
                0x00000000200003b8        0x4 ./Middlewares/Third_Party/FreeRTOS/Source/tasks.o
 .bss.xYieldPending
                0x00000000200003bc        0x4 ./Middlewares/Third_Party/FreeRTOS/Source/tasks.o
 .bss.ucMaxSysCallPriority
                0x00000000200003c0        0x1 ./Middlewares/Third_Party/FreeRTOS/Source/portable/GCC/ARM_CM3/port.o
 *fill*         0x00000000200003c1        0x3 
 .bss.ulMaxPRIGROUPValue
                0x00000000200003c4        0x4 ./Middlewares/Third_Party/FreeRTOS/Source/portable/GCC/ARM_CM3/port.o
 .bss.pxEnd     0x00000000200003c8        0x4 ./Middlewares/Third_Party/FreeRTOS/Source/portable/MemMang/heap_4.o
 .bss.ucHeap    0x00000000200003cc     0x37d0 ./Middlewares/Third_Party/FreeRTOS/Source/portable/MemMang/heap_4.o
 .bss.xBlockAllocatedBit
                0x0000000020003b9c        0x4 ./Middlewares/Third_Party/FreeRTOS/Source/portable/MemMang/heap_4.o
 .bss.xFreeBytesRemaining
                0x0000000020003ba0        0x4 ./Middlewares/Third_Party/FreeRTOS/Source/portable/MemMang/heap_4.o
 .bss.xMinimumEverFreeBytesRemaining
                0x0000000020003ba4        0x4 ./Middlewares/Third_Party/FreeRTOS/Source/portable/MemMang/heap_4.o
 .bss.xStart    0x0000000020003ba8        0x8 ./Middlewares/Third_Party/FreeRTOS/Source/portable/MemMang/heap_4.o
 .bss.__malloc_free_list
                0x0000000020003bb0        0x4 /opt/st/stm32cubeide_1.7.0/plugins/com.st.stm32cube.ide.mcu.externaltools.gnu-tools-for-stm32.9-2020-q2-update.linux64_2.0.0.202105311346/tools/bin/../lib/gcc/arm-none-eabi/9.3.1/../../../../arm-none-eabi/lib/thumb/v7-m/nofp/libc_nano.a(lib_a-nano-mallocr.o)
                0x0000000020003bb0                __malloc_free_list
 *(COMMON)
 COMMON         0x0000000020003bb4      0x21c ./Core/Src/main.o
                0x0000000020003bb4                defaultTaskHandle
                0x0000000020003bb8                hspi2
                0x0000000020003c10                hi2c1
                0x0000000020003c64                sem_clave
                0x0000000020003c68                datos_adc_2
                0x0000000020003ca8                sem_eeprom
                0x0000000020003cac                hadc1
                0x0000000020003cdc                huart1
                0x0000000020003d20                sem_DMA
                0x0000000020003d24                hdma_adc1
                0x0000000020003d68                hrtc
                0x0000000020003d7c                adc_buffer
                0x0000000020003d84                datos_adc_uso
                0x0000000020003d88                sem_state
                0x0000000020003d8c                datos_adc_1
                0x0000000020003dcc                datos_adc_dma
 COMMON         0x0000000020003dd0       0x48 ./Core/Src/stm32f1xx_hal_timebase_tim.o
                0x0000000020003dd0                htim1
 COMMON         0x0000000020003e18       0x84 ./Core/Src/teclado.o
                0x0000000020003e18                boton
                0x0000000020003e98                clave
 COMMON         0x0000000020003e9c        0x4 ./Drivers/STM32F1xx_HAL_Driver/Src/stm32f1xx_hal.o
                0x0000000020003e9c                uwTick
 COMMON         0x0000000020003ea0        0x9 /opt/st/stm32cubeide_1.7.0/plugins/com.st.stm32cube.ide.mcu.externaltools.gnu-tools-for-stm32.9-2020-q2-update.linux64_2.0.0.202105311346/tools/bin/../lib/gcc/arm-none-eabi/9.3.1/../../../../arm-none-eabi/lib/thumb/v7-m/nofp/libc_nano.a(lib_a-lock.o)
                0x0000000020003ea0                __lock___atexit_recursive_mutex
                0x0000000020003ea1                __lock___arc4random_mutex
                0x0000000020003ea2                __lock___env_recursive_mutex
                0x0000000020003ea3                __lock___sinit_recursive_mutex
                0x0000000020003ea4                __lock___malloc_recursive_mutex
                0x0000000020003ea5                __lock___at_quick_exit_mutex
                0x0000000020003ea6                __lock___dd_hash_mutex
                0x0000000020003ea7                __lock___tz_mutex
                0x0000000020003ea8                __lock___sfp_recursive_mutex
                0x0000000020003eac                . = ALIGN (0x4)
 *fill*         0x0000000020003ea9        0x3 
                0x0000000020003eac                _ebss = .
                0x0000000020003eac                __bss_end__ = _ebss

._user_heap_stack
                0x0000000020003eac      0x604 load address 0x0000000008005dec
                0x0000000020003eb0                . = ALIGN (0x8)
 *fill*         0x0000000020003eac        0x4 
                [!provide]                        PROVIDE (end = .)
                0x0000000020003eb0                PROVIDE (_end = .)
                0x00000000200040b0                . = (. + _Min_Heap_Size)
 *fill*         0x0000000020003eb0      0x200 
                0x00000000200044b0                . = (. + _Min_Stack_Size)
 *fill*         0x00000000200040b0      0x400 
                0x00000000200044b0                . = ALIGN (0x8)

/DISCARD/
 libc.a(*)
 libm.a(*)
 libgcc.a(*)

.ARM.attributes
                0x0000000000000000       0x29
 *(.ARM.attributes)
 .ARM.attributes
                0x0000000000000000       0x1d /opt/st/stm32cubeide_1.7.0/plugins/com.st.stm32cube.ide.mcu.externaltools.gnu-tools-for-stm32.9-2020-q2-update.linux64_2.0.0.202105311346/tools/bin/../lib/gcc/arm-none-eabi/9.3.1/thumb/v7-m/nofp/crti.o
 .ARM.attributes
                0x000000000000001d       0x2d /opt/st/stm32cubeide_1.7.0/plugins/com.st.stm32cube.ide.mcu.externaltools.gnu-tools-for-stm32.9-2020-q2-update.linux64_2.0.0.202105311346/tools/bin/../lib/gcc/arm-none-eabi/9.3.1/thumb/v7-m/nofp/crtbegin.o
 .ARM.attributes
                0x000000000000004a       0x2d ./Core/Src/MFRC522.o
 .ARM.attributes
                0x0000000000000077       0x2d ./Core/Src/adc.o
 .ARM.attributes
                0x00000000000000a4       0x2d ./Core/Src/arrebote.o
 .ARM.attributes
                0x00000000000000d1       0x2d ./Core/Src/eeprom.o
 .ARM.attributes
                0x00000000000000fe       0x2d ./Core/Src/freertos.o
 .ARM.attributes
                0x000000000000012b       0x2d ./Core/Src/gpio.o
 .ARM.attributes
                0x0000000000000158       0x2d ./Core/Src/lcd.o
 .ARM.attributes
                0x0000000000000185       0x2d ./Core/Src/main.o
 .ARM.attributes
                0x00000000000001b2       0x2d ./Core/Src/rtc.o
 .ARM.attributes
                0x00000000000001df       0x2d ./Core/Src/sensor.o
 .ARM.attributes
                0x000000000000020c       0x2d ./Core/Src/stm32f1xx_hal_msp.o
 .ARM.attributes
                0x0000000000000239       0x2d ./Core/Src/stm32f1xx_hal_timebase_tim.o
 .ARM.attributes
                0x0000000000000266       0x2d ./Core/Src/stm32f1xx_it.o
 .ARM.attributes
                0x0000000000000293       0x2d ./Core/Src/system_stm32f1xx.o
 .ARM.attributes
                0x00000000000002c0       0x2d ./Core/Src/tareas.o
 .ARM.attributes
                0x00000000000002ed       0x2d ./Core/Src/teclado.o
 .ARM.attributes
                0x000000000000031a       0x21 ./Core/Startup/startup_stm32f103c8tx.o
 .ARM.attributes
                0x000000000000033b       0x2d ./Drivers/STM32F1xx_HAL_Driver/Src/stm32f1xx_hal.o
 .ARM.attributes
                0x0000000000000368       0x2d ./Drivers/STM32F1xx_HAL_Driver/Src/stm32f1xx_hal_adc.o
 .ARM.attributes
                0x0000000000000395       0x2d ./Drivers/STM32F1xx_HAL_Driver/Src/stm32f1xx_hal_adc_ex.o
 .ARM.attributes
                0x00000000000003c2       0x2d ./Drivers/STM32F1xx_HAL_Driver/Src/stm32f1xx_hal_cortex.o
 .ARM.attributes
                0x00000000000003ef       0x2d ./Drivers/STM32F1xx_HAL_Driver/Src/stm32f1xx_hal_dma.o
 .ARM.attributes
                0x000000000000041c       0x2d ./Drivers/STM32F1xx_HAL_Driver/Src/stm32f1xx_hal_gpio.o
 .ARM.attributes
                0x0000000000000449       0x2d ./Drivers/STM32F1xx_HAL_Driver/Src/stm32f1xx_hal_i2c.o
 .ARM.attributes
                0x0000000000000476       0x2d ./Drivers/STM32F1xx_HAL_Driver/Src/stm32f1xx_hal_pwr.o
 .ARM.attributes
                0x00000000000004a3       0x2d ./Drivers/STM32F1xx_HAL_Driver/Src/stm32f1xx_hal_rcc.o
 .ARM.attributes
                0x00000000000004d0       0x2d ./Drivers/STM32F1xx_HAL_Driver/Src/stm32f1xx_hal_rcc_ex.o
 .ARM.attributes
                0x00000000000004fd       0x2d ./Drivers/STM32F1xx_HAL_Driver/Src/stm32f1xx_hal_rtc.o
 .ARM.attributes
                0x000000000000052a       0x2d ./Drivers/STM32F1xx_HAL_Driver/Src/stm32f1xx_hal_spi.o
 .ARM.attributes
                0x0000000000000557       0x2d ./Drivers/STM32F1xx_HAL_Driver/Src/stm32f1xx_hal_tim.o
 .ARM.attributes
                0x0000000000000584       0x2d ./Drivers/STM32F1xx_HAL_Driver/Src/stm32f1xx_hal_tim_ex.o
 .ARM.attributes
                0x00000000000005b1       0x2d ./Drivers/STM32F1xx_HAL_Driver/Src/stm32f1xx_hal_uart.o
 .ARM.attributes
                0x00000000000005de       0x2d ./Middlewares/Third_Party/FreeRTOS/Source/CMSIS_RTOS/cmsis_os.o
 .ARM.attributes
                0x000000000000060b       0x2d ./Middlewares/Third_Party/FreeRTOS/Source/list.o
 .ARM.attributes
                0x0000000000000638       0x2d ./Middlewares/Third_Party/FreeRTOS/Source/queue.o
 .ARM.attributes
                0x0000000000000665       0x2d ./Middlewares/Third_Party/FreeRTOS/Source/tasks.o
 .ARM.attributes
                0x0000000000000692       0x2d ./Middlewares/Third_Party/FreeRTOS/Source/portable/GCC/ARM_CM3/port.o
 .ARM.attributes
                0x00000000000006bf       0x2d ./Middlewares/Third_Party/FreeRTOS/Source/portable/MemMang/heap_4.o
 .ARM.attributes
                0x00000000000006ec       0x2d /opt/st/stm32cubeide_1.7.0/plugins/com.st.stm32cube.ide.mcu.externaltools.gnu-tools-for-stm32.9-2020-q2-update.linux64_2.0.0.202105311346/tools/bin/../lib/gcc/arm-none-eabi/9.3.1/../../../../arm-none-eabi/lib/thumb/v7-m/nofp/libc_nano.a(lib_a-findfp.o)
 .ARM.attributes
                0x0000000000000719       0x2d /opt/st/stm32cubeide_1.7.0/plugins/com.st.stm32cube.ide.mcu.externaltools.gnu-tools-for-stm32.9-2020-q2-update.linux64_2.0.0.202105311346/tools/bin/../lib/gcc/arm-none-eabi/9.3.1/../../../../arm-none-eabi/lib/thumb/v7-m/nofp/libc_nano.a(lib_a-impure.o)
 .ARM.attributes
                0x0000000000000746       0x2d /opt/st/stm32cubeide_1.7.0/plugins/com.st.stm32cube.ide.mcu.externaltools.gnu-tools-for-stm32.9-2020-q2-update.linux64_2.0.0.202105311346/tools/bin/../lib/gcc/arm-none-eabi/9.3.1/../../../../arm-none-eabi/lib/thumb/v7-m/nofp/libc_nano.a(lib_a-init.o)
 .ARM.attributes
                0x0000000000000773       0x2d /opt/st/stm32cubeide_1.7.0/plugins/com.st.stm32cube.ide.mcu.externaltools.gnu-tools-for-stm32.9-2020-q2-update.linux64_2.0.0.202105311346/tools/bin/../lib/gcc/arm-none-eabi/9.3.1/../../../../arm-none-eabi/lib/thumb/v7-m/nofp/libc_nano.a(lib_a-lock.o)
 .ARM.attributes
                0x00000000000007a0       0x2d /opt/st/stm32cubeide_1.7.0/plugins/com.st.stm32cube.ide.mcu.externaltools.gnu-tools-for-stm32.9-2020-q2-update.linux64_2.0.0.202105311346/tools/bin/../lib/gcc/arm-none-eabi/9.3.1/../../../../arm-none-eabi/lib/thumb/v7-m/nofp/libc_nano.a(lib_a-memcmp.o)
 .ARM.attributes
                0x00000000000007cd       0x2d /opt/st/stm32cubeide_1.7.0/plugins/com.st.stm32cube.ide.mcu.externaltools.gnu-tools-for-stm32.9-2020-q2-update.linux64_2.0.0.202105311346/tools/bin/../lib/gcc/arm-none-eabi/9.3.1/../../../../arm-none-eabi/lib/thumb/v7-m/nofp/libc_nano.a(lib_a-memcpy-stub.o)
 .ARM.attributes
                0x00000000000007fa       0x2d /opt/st/stm32cubeide_1.7.0/plugins/com.st.stm32cube.ide.mcu.externaltools.gnu-tools-for-stm32.9-2020-q2-update.linux64_2.0.0.202105311346/tools/bin/../lib/gcc/arm-none-eabi/9.3.1/../../../../arm-none-eabi/lib/thumb/v7-m/nofp/libc_nano.a(lib_a-memset.o)
 .ARM.attributes
                0x0000000000000827       0x2d /opt/st/stm32cubeide_1.7.0/plugins/com.st.stm32cube.ide.mcu.externaltools.gnu-tools-for-stm32.9-2020-q2-update.linux64_2.0.0.202105311346/tools/bin/../lib/gcc/arm-none-eabi/9.3.1/../../../../arm-none-eabi/lib/thumb/v7-m/nofp/libc_nano.a(lib_a-nano-mallocr.o)
 .ARM.attributes
                0x0000000000000854       0x2d /opt/st/stm32cubeide_1.7.0/plugins/com.st.stm32cube.ide.mcu.externaltools.gnu-tools-for-stm32.9-2020-q2-update.linux64_2.0.0.202105311346/tools/bin/../lib/gcc/arm-none-eabi/9.3.1/../../../../arm-none-eabi/lib/thumb/v7-m/nofp/libc_nano.a(lib_a-reent.o)
 .ARM.attributes
                0x0000000000000881       0x2d /opt/st/stm32cubeide_1.7.0/plugins/com.st.stm32cube.ide.mcu.externaltools.gnu-tools-for-stm32.9-2020-q2-update.linux64_2.0.0.202105311346/tools/bin/../lib/gcc/arm-none-eabi/9.3.1/../../../../arm-none-eabi/lib/thumb/v7-m/nofp/libc_nano.a(lib_a-mlock.o)
 .ARM.attributes
                0x00000000000008ae       0x2d /opt/st/stm32cubeide_1.7.0/plugins/com.st.stm32cube.ide.mcu.externaltools.gnu-tools-for-stm32.9-2020-q2-update.linux64_2.0.0.202105311346/tools/bin/../lib/gcc/arm-none-eabi/9.3.1/../../../../arm-none-eabi/lib/thumb/v7-m/nofp/libc_nano.a(lib_a-nano-freer.o)
 .ARM.attributes
                0x00000000000008db       0x1d /opt/st/stm32cubeide_1.7.0/plugins/com.st.stm32cube.ide.mcu.externaltools.gnu-tools-for-stm32.9-2020-q2-update.linux64_2.0.0.202105311346/tools/bin/../lib/gcc/arm-none-eabi/9.3.1/thumb/v7-m/nofp/crtn.o
OUTPUT(software.elf elf32-littlearm)
LOAD linker stubs
LOAD /opt/st/stm32cubeide_1.7.0/plugins/com.st.stm32cube.ide.mcu.externaltools.gnu-tools-for-stm32.9-2020-q2-update.linux64_2.0.0.202105311346/tools/bin/../lib/gcc/arm-none-eabi/9.3.1/../../../../arm-none-eabi/lib/thumb/v7-m/nofp/libc.a
LOAD /opt/st/stm32cubeide_1.7.0/plugins/com.st.stm32cube.ide.mcu.externaltools.gnu-tools-for-stm32.9-2020-q2-update.linux64_2.0.0.202105311346/tools/bin/../lib/gcc/arm-none-eabi/9.3.1/../../../../arm-none-eabi/lib/thumb/v7-m/nofp/libm.a
LOAD /opt/st/stm32cubeide_1.7.0/plugins/com.st.stm32cube.ide.mcu.externaltools.gnu-tools-for-stm32.9-2020-q2-update.linux64_2.0.0.202105311346/tools/bin/../lib/gcc/arm-none-eabi/9.3.1/thumb/v7-m/nofp/libgcc.a

.comment        0x0000000000000000       0x53
 .comment       0x0000000000000000       0x53 ./Core/Src/MFRC522.o
                                         0x54 (size before relaxing)
 .comment       0x0000000000000053       0x54 ./Core/Src/adc.o
 .comment       0x0000000000000053       0x54 ./Core/Src/arrebote.o
 .comment       0x0000000000000053       0x54 ./Core/Src/eeprom.o
 .comment       0x0000000000000053       0x54 ./Core/Src/freertos.o
 .comment       0x0000000000000053       0x54 ./Core/Src/gpio.o
 .comment       0x0000000000000053       0x54 ./Core/Src/lcd.o
 .comment       0x0000000000000053       0x54 ./Core/Src/main.o
 .comment       0x0000000000000053       0x54 ./Core/Src/rtc.o
 .comment       0x0000000000000053       0x54 ./Core/Src/sensor.o
 .comment       0x0000000000000053       0x54 ./Core/Src/stm32f1xx_hal_msp.o
 .comment       0x0000000000000053       0x54 ./Core/Src/stm32f1xx_hal_timebase_tim.o
 .comment       0x0000000000000053       0x54 ./Core/Src/stm32f1xx_it.o
 .comment       0x0000000000000053       0x54 ./Core/Src/system_stm32f1xx.o
 .comment       0x0000000000000053       0x54 ./Core/Src/tareas.o
 .comment       0x0000000000000053       0x54 ./Core/Src/teclado.o
 .comment       0x0000000000000053       0x54 ./Drivers/STM32F1xx_HAL_Driver/Src/stm32f1xx_hal.o
 .comment       0x0000000000000053       0x54 ./Drivers/STM32F1xx_HAL_Driver/Src/stm32f1xx_hal_adc.o
 .comment       0x0000000000000053       0x54 ./Drivers/STM32F1xx_HAL_Driver/Src/stm32f1xx_hal_adc_ex.o
 .comment       0x0000000000000053       0x54 ./Drivers/STM32F1xx_HAL_Driver/Src/stm32f1xx_hal_cortex.o
 .comment       0x0000000000000053       0x54 ./Drivers/STM32F1xx_HAL_Driver/Src/stm32f1xx_hal_dma.o
 .comment       0x0000000000000053       0x54 ./Drivers/STM32F1xx_HAL_Driver/Src/stm32f1xx_hal_gpio.o
 .comment       0x0000000000000053       0x54 ./Drivers/STM32F1xx_HAL_Driver/Src/stm32f1xx_hal_i2c.o
 .comment       0x0000000000000053       0x54 ./Drivers/STM32F1xx_HAL_Driver/Src/stm32f1xx_hal_pwr.o
 .comment       0x0000000000000053       0x54 ./Drivers/STM32F1xx_HAL_Driver/Src/stm32f1xx_hal_rcc.o
 .comment       0x0000000000000053       0x54 ./Drivers/STM32F1xx_HAL_Driver/Src/stm32f1xx_hal_rcc_ex.o
 .comment       0x0000000000000053       0x54 ./Drivers/STM32F1xx_HAL_Driver/Src/stm32f1xx_hal_rtc.o
 .comment       0x0000000000000053       0x54 ./Drivers/STM32F1xx_HAL_Driver/Src/stm32f1xx_hal_spi.o
 .comment       0x0000000000000053       0x54 ./Drivers/STM32F1xx_HAL_Driver/Src/stm32f1xx_hal_tim.o
 .comment       0x0000000000000053       0x54 ./Drivers/STM32F1xx_HAL_Driver/Src/stm32f1xx_hal_tim_ex.o
 .comment       0x0000000000000053       0x54 ./Drivers/STM32F1xx_HAL_Driver/Src/stm32f1xx_hal_uart.o
 .comment       0x0000000000000053       0x54 ./Middlewares/Third_Party/FreeRTOS/Source/CMSIS_RTOS/cmsis_os.o
 .comment       0x0000000000000053       0x54 ./Middlewares/Third_Party/FreeRTOS/Source/list.o
 .comment       0x0000000000000053       0x54 ./Middlewares/Third_Party/FreeRTOS/Source/queue.o
 .comment       0x0000000000000053       0x54 ./Middlewares/Third_Party/FreeRTOS/Source/tasks.o
 .comment       0x0000000000000053       0x54 ./Middlewares/Third_Party/FreeRTOS/Source/portable/GCC/ARM_CM3/port.o
 .comment       0x0000000000000053       0x54 ./Middlewares/Third_Party/FreeRTOS/Source/portable/MemMang/heap_4.o

.debug_frame    0x0000000000000000      0x390
 .debug_frame   0x0000000000000000      0x14c /opt/st/stm32cubeide_1.7.0/plugins/com.st.stm32cube.ide.mcu.externaltools.gnu-tools-for-stm32.9-2020-q2-update.linux64_2.0.0.202105311346/tools/bin/../lib/gcc/arm-none-eabi/9.3.1/../../../../arm-none-eabi/lib/thumb/v7-m/nofp/libc_nano.a(lib_a-findfp.o)
 .debug_frame   0x000000000000014c       0x2c /opt/st/stm32cubeide_1.7.0/plugins/com.st.stm32cube.ide.mcu.externaltools.gnu-tools-for-stm32.9-2020-q2-update.linux64_2.0.0.202105311346/tools/bin/../lib/gcc/arm-none-eabi/9.3.1/../../../../arm-none-eabi/lib/thumb/v7-m/nofp/libc_nano.a(lib_a-init.o)
 .debug_frame   0x0000000000000178       0xb0 /opt/st/stm32cubeide_1.7.0/plugins/com.st.stm32cube.ide.mcu.externaltools.gnu-tools-for-stm32.9-2020-q2-update.linux64_2.0.0.202105311346/tools/bin/../lib/gcc/arm-none-eabi/9.3.1/../../../../arm-none-eabi/lib/thumb/v7-m/nofp/libc_nano.a(lib_a-lock.o)
 .debug_frame   0x0000000000000228       0x2c /opt/st/stm32cubeide_1.7.0/plugins/com.st.stm32cube.ide.mcu.externaltools.gnu-tools-for-stm32.9-2020-q2-update.linux64_2.0.0.202105311346/tools/bin/../lib/gcc/arm-none-eabi/9.3.1/../../../../arm-none-eabi/lib/thumb/v7-m/nofp/libc_nano.a(lib_a-memcmp.o)
 .debug_frame   0x0000000000000254       0x28 /opt/st/stm32cubeide_1.7.0/plugins/com.st.stm32cube.ide.mcu.externaltools.gnu-tools-for-stm32.9-2020-q2-update.linux64_2.0.0.202105311346/tools/bin/../lib/gcc/arm-none-eabi/9.3.1/../../../../arm-none-eabi/lib/thumb/v7-m/nofp/libc_nano.a(lib_a-memcpy-stub.o)
 .debug_frame   0x000000000000027c       0x20 /opt/st/stm32cubeide_1.7.0/plugins/com.st.stm32cube.ide.mcu.externaltools.gnu-tools-for-stm32.9-2020-q2-update.linux64_2.0.0.202105311346/tools/bin/../lib/gcc/arm-none-eabi/9.3.1/../../../../arm-none-eabi/lib/thumb/v7-m/nofp/libc_nano.a(lib_a-memset.o)
 .debug_frame   0x000000000000029c       0x30 /opt/st/stm32cubeide_1.7.0/plugins/com.st.stm32cube.ide.mcu.externaltools.gnu-tools-for-stm32.9-2020-q2-update.linux64_2.0.0.202105311346/tools/bin/../lib/gcc/arm-none-eabi/9.3.1/../../../../arm-none-eabi/lib/thumb/v7-m/nofp/libc_nano.a(lib_a-nano-mallocr.o)
 .debug_frame   0x00000000000002cc       0x5c /opt/st/stm32cubeide_1.7.0/plugins/com.st.stm32cube.ide.mcu.externaltools.gnu-tools-for-stm32.9-2020-q2-update.linux64_2.0.0.202105311346/tools/bin/../lib/gcc/arm-none-eabi/9.3.1/../../../../arm-none-eabi/lib/thumb/v7-m/nofp/libc_nano.a(lib_a-reent.o)
 .debug_frame   0x0000000000000328       0x30 /opt/st/stm32cubeide_1.7.0/plugins/com.st.stm32cube.ide.mcu.externaltools.gnu-tools-for-stm32.9-2020-q2-update.linux64_2.0.0.202105311346/tools/bin/../lib/gcc/arm-none-eabi/9.3.1/../../../../arm-none-eabi/lib/thumb/v7-m/nofp/libc_nano.a(lib_a-mlock.o)
 .debug_frame   0x0000000000000358       0x38 /opt/st/stm32cubeide_1.7.0/plugins/com.st.stm32cube.ide.mcu.externaltools.gnu-tools-for-stm32.9-2020-q2-update.linux64_2.0.0.202105311346/tools/bin/../lib/gcc/arm-none-eabi/9.3.1/../../../../arm-none-eabi/lib/thumb/v7-m/nofp/libc_nano.a(lib_a-nano-freer.o)
