MFRC522.c:22:9:rfid_add_id	32	static
MFRC522.c:55:6:rfid_toggle_state	8	static
MFRC522.c:75:9:rfid_debounce	24	static
MFRC522.c:135:9:rfid_identify_card	24	static
MFRC522.c:170:9:rfid_find_card	40	static
MFRC522.c:201:6:Write_MFRC522	24	static
MFRC522.c:218:8:Read_MFRC522	24	static
MFRC522.c:238:6:SetBitMask	24	static
MFRC522.c:253:6:ClearBitMask	24	static
MFRC522.c:267:6:AntennaOn	8	static
MFRC522.c:279:6:AntennaOff	8	static
MFRC522.c:291:6:MFRC522_Reset	8	static
MFRC522.c:303:6:MFRC522_Init	24	static
MFRC522.c:338:8:MFRC522_Request	32	static
MFRC522.c:367:8:MFRC522_ToCard	48	static
MFRC522.c:478:8:MFRC522_Anticoll	32	static
MFRC522.c:514:8:MFRC522_Read	32	static
MFRC522.c:539:8:MFRC522_Write	56	static
MFRC522.c:584:6:CalulateCRC	40	static
MFRC522.c:623:8:MFRC522_Auth	56	static
MFRC522.c:659:8:MFRC522_SelectTag	48	static
MFRC522.c:697:6:MFRC522_Halt	32	static
MFRC522.c:712:6:MFRC522_StopCrypto1	8	static
