Archive member included to satisfy reference by file (symbol)

/opt/st/stm32cubeide_1.7.0/plugins/com.st.stm32cube.ide.mcu.externaltools.gnu-tools-for-stm32.9-2020-q2-update.linux64_2.0.0.202105311346/tools/bin/../lib/gcc/arm-none-eabi/9.3.1/../../../../arm-none-eabi/lib/thumb/v7-m/nofp/libc_nano.a(lib_a-errno.o)
                              ./Core/Src/syscalls.o (__errno)
/opt/st/stm32cubeide_1.7.0/plugins/com.st.stm32cube.ide.mcu.externaltools.gnu-tools-for-stm32.9-2020-q2-update.linux64_2.0.0.202105311346/tools/bin/../lib/gcc/arm-none-eabi/9.3.1/../../../../arm-none-eabi/lib/thumb/v7-m/nofp/libc_nano.a(lib_a-exit.o)
                              /opt/st/stm32cubeide_1.7.0/plugins/com.st.stm32cube.ide.mcu.externaltools.gnu-tools-for-stm32.9-2020-q2-update.linux64_2.0.0.202105311346/tools/bin/../lib/gcc/arm-none-eabi/9.3.1/../../../../arm-none-eabi/lib/thumb/v7-m/nofp/crt0.o (exit)
/opt/st/stm32cubeide_1.7.0/plugins/com.st.stm32cube.ide.mcu.externaltools.gnu-tools-for-stm32.9-2020-q2-update.linux64_2.0.0.202105311346/tools/bin/../lib/gcc/arm-none-eabi/9.3.1/../../../../arm-none-eabi/lib/thumb/v7-m/nofp/libc_nano.a(lib_a-findfp.o)
                              ./Middlewares/Third_Party/FreeRTOS/Source/tasks.o (__sf_fake_stderr)
/opt/st/stm32cubeide_1.7.0/plugins/com.st.stm32cube.ide.mcu.externaltools.gnu-tools-for-stm32.9-2020-q2-update.linux64_2.0.0.202105311346/tools/bin/../lib/gcc/arm-none-eabi/9.3.1/../../../../arm-none-eabi/lib/thumb/v7-m/nofp/libc_nano.a(lib_a-fwalk.o)
                              /opt/st/stm32cubeide_1.7.0/plugins/com.st.stm32cube.ide.mcu.externaltools.gnu-tools-for-stm32.9-2020-q2-update.linux64_2.0.0.202105311346/tools/bin/../lib/gcc/arm-none-eabi/9.3.1/../../../../arm-none-eabi/lib/thumb/v7-m/nofp/libc_nano.a(lib_a-findfp.o) (_fwalk)
/opt/st/stm32cubeide_1.7.0/plugins/com.st.stm32cube.ide.mcu.externaltools.gnu-tools-for-stm32.9-2020-q2-update.linux64_2.0.0.202105311346/tools/bin/../lib/gcc/arm-none-eabi/9.3.1/../../../../arm-none-eabi/lib/thumb/v7-m/nofp/libc_nano.a(lib_a-impure.o)
                              /opt/st/stm32cubeide_1.7.0/plugins/com.st.stm32cube.ide.mcu.externaltools.gnu-tools-for-stm32.9-2020-q2-update.linux64_2.0.0.202105311346/tools/bin/../lib/gcc/arm-none-eabi/9.3.1/../../../../arm-none-eabi/lib/thumb/v7-m/nofp/libc_nano.a(lib_a-exit.o) (_global_impure_ptr)
/opt/st/stm32cubeide_1.7.0/plugins/com.st.stm32cube.ide.mcu.externaltools.gnu-tools-for-stm32.9-2020-q2-update.linux64_2.0.0.202105311346/tools/bin/../lib/gcc/arm-none-eabi/9.3.1/../../../../arm-none-eabi/lib/thumb/v7-m/nofp/libc_nano.a(lib_a-init.o)
                              /opt/st/stm32cubeide_1.7.0/plugins/com.st.stm32cube.ide.mcu.externaltools.gnu-tools-for-stm32.9-2020-q2-update.linux64_2.0.0.202105311346/tools/bin/../lib/gcc/arm-none-eabi/9.3.1/../../../../arm-none-eabi/lib/thumb/v7-m/nofp/crt0.o (__libc_init_array)
/opt/st/stm32cubeide_1.7.0/plugins/com.st.stm32cube.ide.mcu.externaltools.gnu-tools-for-stm32.9-2020-q2-update.linux64_2.0.0.202105311346/tools/bin/../lib/gcc/arm-none-eabi/9.3.1/../../../../arm-none-eabi/lib/thumb/v7-m/nofp/libc_nano.a(lib_a-lock.o)
                              /opt/st/stm32cubeide_1.7.0/plugins/com.st.stm32cube.ide.mcu.externaltools.gnu-tools-for-stm32.9-2020-q2-update.linux64_2.0.0.202105311346/tools/bin/../lib/gcc/arm-none-eabi/9.3.1/../../../../arm-none-eabi/lib/thumb/v7-m/nofp/libc_nano.a(lib_a-findfp.o) (__retarget_lock_init_recursive)
/opt/st/stm32cubeide_1.7.0/plugins/com.st.stm32cube.ide.mcu.externaltools.gnu-tools-for-stm32.9-2020-q2-update.linux64_2.0.0.202105311346/tools/bin/../lib/gcc/arm-none-eabi/9.3.1/../../../../arm-none-eabi/lib/thumb/v7-m/nofp/libc_nano.a(lib_a-memcmp.o)
                              ./Core/Src/MFRC522.o (memcmp)
/opt/st/stm32cubeide_1.7.0/plugins/com.st.stm32cube.ide.mcu.externaltools.gnu-tools-for-stm32.9-2020-q2-update.linux64_2.0.0.202105311346/tools/bin/../lib/gcc/arm-none-eabi/9.3.1/../../../../arm-none-eabi/lib/thumb/v7-m/nofp/libc_nano.a(lib_a-memcpy-stub.o)
                              ./Middlewares/Third_Party/FreeRTOS/Source/queue.o (memcpy)
/opt/st/stm32cubeide_1.7.0/plugins/com.st.stm32cube.ide.mcu.externaltools.gnu-tools-for-stm32.9-2020-q2-update.linux64_2.0.0.202105311346/tools/bin/../lib/gcc/arm-none-eabi/9.3.1/../../../../arm-none-eabi/lib/thumb/v7-m/nofp/libc_nano.a(lib_a-memset.o)
                              /opt/st/stm32cubeide_1.7.0/plugins/com.st.stm32cube.ide.mcu.externaltools.gnu-tools-for-stm32.9-2020-q2-update.linux64_2.0.0.202105311346/tools/bin/../lib/gcc/arm-none-eabi/9.3.1/../../../../arm-none-eabi/lib/thumb/v7-m/nofp/crt0.o (memset)
/opt/st/stm32cubeide_1.7.0/plugins/com.st.stm32cube.ide.mcu.externaltools.gnu-tools-for-stm32.9-2020-q2-update.linux64_2.0.0.202105311346/tools/bin/../lib/gcc/arm-none-eabi/9.3.1/../../../../arm-none-eabi/lib/thumb/v7-m/nofp/libc_nano.a(lib_a-nano-mallocr.o)
[...]
Memory Configuration

Name             Origin             Length             Attributes
RAM              0x0000000020000000 0x0000000000005000 xrw
FLASH            0x0000000008000000 0x0000000000010000 xr
*default*        0x0000000000000000 0xffffffffffffffff

Linker script and memory map

LOAD /opt/st/stm32cubeide_1.7.0/plugins/com.st.stm32cube.ide.mcu.externaltools.gnu-tools-for-stm32.9-2020-q2-update.linux64_2.0.0.202105311346/tools/bin/../lib/gcc/arm-none-eabi/9.3.1/thumb/v7-m/nofp/crti.o
LOAD /opt/st/stm32cubeide_1.7.0/plugins/com.st.stm32cube.ide.mcu.externaltools.gnu-tools-for-stm32.9-2020-q2-update.linux64_2.0.0.202105311346/tools/bin/../lib/gcc/arm-none-eabi/9.3.1/thumb/v7-m/nofp/crtbegin.o
LOAD /opt/st/stm32cubeide_1.7.0/plugins/com.st.stm32cube.ide.mcu.externaltools.gnu-tools-for-stm32.9-2020-q2-update.linux64_2.0.0.202105311346/tools/bin/../lib/gcc/arm-none-eabi/9.3.1/../../../../arm-none-eabi/lib/thumb/v7-m/nofp/crt0.o
LOAD ./Core/Src/MFRC522.o
LOAD ./Core/Src/adc.o
LOAD ./Core/Src/arrebote.o
LOAD ./Core/Src/eeprom.o
LOAD ./Core/Src/freertos.o
LOAD ./Core/Src/gpio.o
LOAD ./Core/Src/lcd.o
LOAD ./Core/Src/main.o
LOAD ./Core/Src/rtc.o
LOAD ./Core/Src/sensor.o
LOAD ./Core/Src/stm32f1xx_hal_msp.o
LOAD ./Core/Src/stm32f1xx_hal_timebase_tim.o
LOAD ./Core/Src/stm32f1xx_it.o
LOAD ./Core/Src/syscalls.o
LOAD ./Core/Src/sysmem.o
LOAD ./Core/Src/system_stm32f1xx.o
LOAD ./Core/Src/tareas.o
LOAD ./Core/Src/teclado.o
LOAD ./Core/Startup/startup_stm32f103c8tx.o
LOAD ./Drivers/STM32F1xx_HAL_Driver/Src/stm32f1xx_hal.o
LOAD ./Drivers/STM32F1xx_HAL_Driver/Src/stm32f1xx_hal_adc.o
LOAD ./Drivers/STM32F1xx_HAL_Driver/Src/stm32f1xx_hal_adc_ex.o
LOAD ./Drivers/STM32F1xx_HAL_Driver/Src/stm32f1xx_hal_cortex.o
LOAD ./Drivers/STM32F1xx_HAL_Driver/Src/stm32f1xx_hal_dma.o
LOAD ./Drivers/STM32F1xx_HAL_Driver/Src/stm32f1xx_hal_exti.o
LOAD ./Drivers/STM32F1xx_HAL_Driver/Src/stm32f1xx_hal_flash.o
LOAD ./Drivers/STM32F1xx_HAL_Driver/Src/stm32f1xx_hal_flash_ex.o
LOAD ./Drivers/STM32F1xx_HAL_Driver/Src/stm32f1xx_hal_gpio.o
LOAD ./Drivers/STM32F1xx_HAL_Driver/Src/stm32f1xx_hal_gpio_ex.o
LOAD ./Drivers/STM32F1xx_HAL_Driver/Src/stm32f1xx_hal_i2c.o
LOAD ./Drivers/STM32F1xx_HAL_Driver/Src/stm32f1xx_hal_pwr.o
LOAD ./Drivers/STM32F1xx_HAL_Driver/Src/stm32f1xx_hal_rcc.o
LOAD ./Drivers/STM32F1xx_HAL_Driver/Src/stm32f1xx_hal_rcc_ex.o
LOAD ./Drivers/STM32F1xx_HAL_Driver/Src/stm32f1xx_hal_rtc.o
LOAD ./Drivers/STM32F1xx_HAL_Driver/Src/stm32f1xx_hal_rtc_ex.o
LOAD ./Drivers/STM32F1xx_HAL_Driver/Src/stm32f1xx_hal_spi.o
LOAD ./Drivers/STM32F1xx_HAL_Driver/Src/stm32f1xx_hal_tim.o
LOAD ./Drivers/STM32F1xx_HAL_Driver/Src/stm32f1xx_hal_tim_ex.o
LOAD ./Drivers/STM32F1xx_HAL_Driver/Src/stm32f1xx_hal_uart.o
LOAD ./Middlewares/Third_Party/FreeRTOS/Source/CMSIS_RTOS/cmsis_os.o
LOAD ./Middlewares/Third_Party/FreeRTOS/Source/croutine.o
LOAD ./Middlewares/Third_Party/FreeRTOS/Source/event_groups.o
LOAD ./Middlewares/Third_Party/FreeRTOS/Source/list.o
LOAD ./Middlewares/Third_Party/FreeRTOS/Source/queue.o
LOAD ./Middlewares/Third_Party/FreeRTOS/Source/stream_buffer.o
LOAD ./Middlewares/Third_Party/FreeRTOS/Source/tasks.o
LOAD ./Middlewares/Third_Party/FreeRTOS/Source/timers.o
LOAD ./Middlewares/Third_Party/FreeRTOS/Source/portable/GCC/ARM_CM3/port.o
LOAD ./Middlewares/Third_Party/FreeRTOS/Source/portable/MemMang/heap_4.o
START GROUP
LOAD /opt/st/stm32cubeide_1.7.0/plugins/com.st.stm32cube.ide.mcu.externaltools.gnu-tools-for-stm32.9-2020-q2-update.linux64_2.0.0.202105311346/tools/bin/../lib/gcc/arm-none-eabi/9.3.1/../../../../arm-none-eabi/lib/thumb/v7-m/nofp/libc_nano.a
LOAD /opt/st/stm32cubeide_1.7.0/plugins/com.st.stm32cube.ide.mcu.externaltools.gnu-tools-for-stm32.9-2020-q2-update.linux64_2.0.0.202105311346/tools/bin/../lib/gcc/arm-none-eabi/9.3.1/../../../../arm-none-eabi/lib/thumb/v7-m/nofp/libm.a
END GROUP
START GROUP
LOAD /opt/st/stm32cubeide_1.7.0/plugins/com.st.stm32cube.ide.mcu.externaltools.gnu-tools-for-stm32.9-2020-q2-update.linux64_2.0.0.202105311346/tools/bin/../lib/gcc/arm-none-eabi/9.3.1/thumb/v7-m/nofp/libgcc.a
LOAD /opt/st/stm32cubeide_1.7.0/plugins/com.st.stm32cube.ide.mcu.externaltools.gnu-tools-for-stm32.9-2020-q2-update.linux64_2.0.0.202105311346/tools/bin/../lib/gcc/arm-none-eabi/9.3.1/../../../../arm-none-eabi/lib/thumb/v7-m/nofp/libc_nano.a
END GROUP
START GROUP
LOAD /opt/st/stm32cubeide_1.7.0/plugins/com.st.stm32cube.ide.mcu.externaltools.gnu-tools-for-stm32.9-2020-q2-update.linux64_2.0.0.202105311346/tools/bin/../lib/gcc/arm-none-eabi/9.3.1/thumb/v7-m/nofp/libgcc.a
LOAD /opt/st/stm32cubeide_1.7.0/plugins/com.st.stm32cube.ide.mcu.externaltools.gnu-tools-for-stm32.9-2020-q2-update.linux64_2.0.0.202105311346/tools/bin/../lib/gcc/arm-none-eabi/9.3.1/../../../../arm-none-eabi/lib/thumb/v7-m/nofp/libc_nano.a
LOAD /opt/st/stm32cubeide_1.7.0/plugins/com.st.stm32cube.ide.mcu.externaltools.gnu-tools-for-stm32.9-2020-q2-update.linux64_2.0.0.202105311346/tools/bin/../lib/gcc/arm-none-eabi/9.3.1/../../../../arm-none-eabi/lib/thumb/v7-m/nofp/libnosys.a
END GROUP
START GROUP
LOAD /opt/st/stm32cubeide_1.7.0/plugins/com.st.stm32cube.ide.mcu.externaltools.gnu-tools-for-stm32.9-2020-q2-update.linux64_2.0.0.202105311346/tools/bin/../lib/gcc/arm-none-eabi/9.3.1/thumb/v7-m/nofp/libgcc.a
LOAD /opt/st/stm32cubeide_1.7.0/plugins/com.st.stm32cube.ide.mcu.externaltools.gnu-tools-for-stm32.9-2020-q2-update.linux64_2.0.0.202105311346/tools/bin/../lib/gcc/arm-none-eabi/9.3.1/../../../../arm-none-eabi/lib/thumb/v7-m/nofp/libc_nano.a
LOAD /opt/st/stm32cubeide_1.7.0/plugins/com.st.stm32cube.ide.mcu.externaltools.gnu-tools-for-stm32.9-2020-q2-update.linux64_2.0.0.202105311346/tools/bin/../lib/gcc/arm-none-eabi/9.3.1/../../../../arm-none-eabi/lib/thumb/v7-m/nofp/libnosys.a
END GROUP
LOAD /opt/st/stm32cubeide_1.7.0/plugins/com.st.stm32cube.ide.mcu.externaltools.gnu-tools-for-stm32.9-2020-q2-update.linux64_2.0.0.202105311346/tools/bin/../lib/gcc/arm-none-eabi/9.3.1/thumb/v7-m/nofp/crtend.o
LOAD /opt/st/stm32cubeide_1.7.0/plugins/com.st.stm32cube.ide.mcu.externaltools.gnu-tools-for-stm32.9-2020-q2-update.linux64_2.0.0.202105311346/tools/bin/../lib/gcc/arm-none-eabi/9.3.1/thumb/v7-m/nofp/crtn.o
                0x0000000020005000                _estack = (ORIGIN (RAM) + LENGTH (RAM))
                0x0000000000000200                _Min_Heap_Size = 0x200
                0x0000000000000400                _Min_Stack_Size = 0x400

.isr_vector     0x0000000008000000      0x10c
                0x0000000008000000                . = ALIGN (0x4)
 *(.isr_vector)
 .isr_vector    0x0000000008000000      0x10c ./Core/Startup/startup_stm32f103c8tx.o
                0x0000000008000000                g_pfnVectors
                0x000000000800010c                . = ALIGN (0x4)

.text           0x0000000008000110     0x942c
                0x0000000008000110                . = ALIGN (0x4)
 *(.text)
 .text          0x0000000008000110       0x40 /opt/st/stm32cubeide_1.7.0/plugins/com.st.stm32cube.ide.mcu.externaltools.gnu-tools-for-stm32.9-2020-q2-update.linux64_2.0.0.202105311346/tools/bin/../lib/gcc/arm-none-eabi/9.3.1/thumb/v7-m/nofp/crtbegin.o
 *(.text*)
 .text.rfid_add_id
                0x0000000008000150       0x9c ./Core/Src/MFRC522.o
                0x0000000008000150                rfid_add_id
 .text.rfid_toggle_state
                0x00000000080001ec       0x3c ./Core/Src/MFRC522.o
                0x00000000080001ec                rfid_toggle_state
 .text.rfid_debounce
                0x0000000008000228       0xd0 ./Core/Src/MFRC522.o
                0x0000000008000228                rfid_debounce
 .text.rfid_identify_card
                0x00000000080002f8       0x80 ./Core/Src/MFRC522.o
                0x00000000080002f8                rfid_identify_card
 .text.rfid_find_card
                0x0000000008000378       0x5e ./Core/Src/MFRC522.o
                0x0000000008000378                rfid_find_card
 *fill*         0x00000000080003d6        0x2 
 .text.Write_MFRC522
                0x00000000080003d8       0x74 ./Core/Src/MFRC522.o
                0x00000000080003d8                Write_MFRC522
 .text.Read_MFRC522
                0x000000000800044c       0x7c ./Core/Src/MFRC522.o
                0x000000000800044c                Read_MFRC522
 .text.SetBitMask
                0x00000000080004c8       0x36 ./Core/Src/MFRC522.o
                0x00000000080004c8                SetBitMask
 .text.ClearBitMask
                0x00000000080004fe       0x40 ./Core/Src/MFRC522.o
                0x00000000080004fe                ClearBitMask
 .text.AntennaOn
                0x000000000800053e       0x10 ./Core/Src/MFRC522.o
                0x000000000800053e                AntennaOn
 .text.MFRC522_Reset
                0x000000000800054e       0x10 ./Core/Src/MFRC522.o
                0x000000000800054e                MFRC522_Reset
 *fill*         0x000000000800055e        0x2 
 .text.MFRC522_Init
                0x0000000008000560       0x6c ./Core/Src/MFRC522.o
                0x0000000008000560                MFRC522_Init
 .text.MFRC522_Request
                0x00000000080005cc       0x4a ./Core/Src/MFRC522.o
                0x00000000080005cc                MFRC522_Request
 .text.MFRC522_ToCard
                0x0000000008000616      0x18c ./Core/Src/MFRC522.o
                0x0000000008000616                MFRC522_ToCard
 .text.MFRC522_Anticoll
                0x00000000080007a2       0x7a ./Core/Src/MFRC522.o
                0x00000000080007a2                MFRC522_Anticoll
 .text.CalulateCRC
                0x000000000800081c       0x92 ./Core/Src/MFRC522.o
                0x000000000800081c                CalulateCRC
 .text.MFRC522_Halt
                0x00000000080008ae       0x3c ./Core/Src/MFRC522.o
                0x00000000080008ae                MFRC522_Halt
 *fill*         0x00000000080008ea        0x2 
 .text.HAL_ADC_ConvCpltCallback
                0x00000000080008ec       0x44 ./Core/Src/adc.o
                0x00000000080008ec                HAL_ADC_ConvCpltCallback
 .text.inic_punteros
                0x0000000008000930       0x38 ./Core/Src/adc.o
                0x0000000008000930                inic_punteros
 .text.adc_init
                0x0000000008000968       0x44 ./Core/Src/adc.o
                0x0000000008000968                adc_init
 .text.cambiar_punteros
                0x00000000080009ac       0x40 ./Core/Src/adc.o
                0x00000000080009ac                cambiar_punteros
 .text.tarea_conversiones
                0x00000000080009ec       0x28 ./Core/Src/adc.o
                0x00000000080009ec                tarea_conversiones
 .text.update_adc
                0x0000000008000a14       0x8c ./Core/Src/adc.o
                0x0000000008000a14                update_adc
 .text.fsm_power_supply
                0x0000000008000aa0       0x60 ./Core/Src/adc.o
                0x0000000008000aa0                fsm_power_supply
 .text.inicializar_arrebote
                0x0000000008000b00       0x4a ./Core/Src/arrebote.o
                0x0000000008000b00                inicializar_arrebote
 *fill*         0x0000000008000b4a        0x2 
 .text.chequear_arrebote
                0x0000000008000b4c      0x104 ./Core/Src/arrebote.o
                0x0000000008000b4c                chequear_arrebote
 .text.hay_flanco_arrebote
                0x0000000008000c50       0x28 ./Core/Src/arrebote.o
                0x0000000008000c50                hay_flanco_arrebote
 .text.init_eeprom
                0x0000000008000c78      0x210 ./Core/Src/eeprom.o
                0x0000000008000c78                init_eeprom
 .text.write_eeprom
                0x0000000008000e88       0x50 ./Core/Src/eeprom.o
                0x0000000008000e88                write_eeprom
 .text.read_eeprom
                0x0000000008000ed8       0x50 ./Core/Src/eeprom.o
                0x0000000008000ed8                read_eeprom
 .text.eeprom_write_page
                0x0000000008000f28       0x52 ./Core/Src/eeprom.o
                0x0000000008000f28                eeprom_write_page
 .text.eeprom_read_page
                0x0000000008000f7a       0x4c ./Core/Src/eeprom.o
                0x0000000008000f7a                eeprom_read_page
 *fill*         0x0000000008000fc6        0x2 
 .text.save_event
                0x0000000008000fc8       0xb0 ./Core/Src/eeprom.o
                0x0000000008000fc8                save_event
 .text.vApplicationGetIdleTaskMemory
                0x0000000008001078       0x30 ./Core/Src/freertos.o
                0x0000000008001078                vApplicationGetIdleTaskMemory
 .text.led_init
                0x00000000080010a8       0x28 ./Core/Src/gpio.o
                0x00000000080010a8                led_init
 .text.toggle_led
                0x00000000080010d0       0x44 ./Core/Src/gpio.o
                0x00000000080010d0                toggle_led
 .text.start_buzzer
                0x0000000008001114       0x54 ./Core/Src/gpio.o
                0x0000000008001114                start_buzzer
 .text.lcd_init
                0x0000000008001168       0x90 ./Core/Src/lcd.o
                0x0000000008001168                lcd_init
 .text.lcd_send_cmd
                0x00000000080011f8       0x60 ./Core/Src/lcd.o
                0x00000000080011f8                lcd_send_cmd
 .text.lcd_clear
                0x0000000008001258        0xe ./Core/Src/lcd.o
                0x0000000008001258                lcd_clear
 *fill*         0x0000000008001266        0x2 
 .text.main     0x0000000008001268      0x1ac ./Core/Src/main.o
                0x0000000008001268                main
 .text.SystemClock_Config
                0x0000000008001414       0xc0 ./Core/Src/main.o
                0x0000000008001414                SystemClock_Config
 .text.MX_ADC1_Init
                0x00000000080014d4       0x9c ./Core/Src/main.o
 .text.MX_I2C1_Init
                0x0000000008001570       0x5c ./Core/Src/main.o
 .text.MX_RTC_Init
                0x00000000080015cc       0x38 ./Core/Src/main.o
 .text.MX_SPI2_Init
                0x0000000008001604       0x6c ./Core/Src/main.o
 .text.MX_USART1_UART_Init
                0x0000000008001670       0x58 ./Core/Src/main.o
 .text.MX_DMA_Init
                0x00000000080016c8       0x3c ./Core/Src/main.o
 .text.MX_GPIO_Init
                0x0000000008001704      0x168 ./Core/Src/main.o
 .text.StartDefaultTask
                0x000000000800186c       0x10 ./Core/Src/main.o
                0x000000000800186c                StartDefaultTask
 .text.HAL_TIM_PeriodElapsedCallback
                0x000000000800187c       0x24 ./Core/Src/main.o
                0x000000000800187c                HAL_TIM_PeriodElapsedCallback
 .text.Error_Handler
                0x00000000080018a0        0xa ./Core/Src/main.o
                0x00000000080018a0                Error_Handler
 *fill*         0x00000000080018aa        0x2 
 .text.obtener_tiempo
                0x00000000080018ac       0x50 ./Core/Src/rtc.o
                0x00000000080018ac                obtener_tiempo
 .text.HAL_MspInit
                0x00000000080018fc       0x70 ./Core/Src/stm32f1xx_hal_msp.o
                0x00000000080018fc                HAL_MspInit
 .text.HAL_ADC_MspInit
                0x000000000800196c       0xd0 ./Core/Src/stm32f1xx_hal_msp.o
                0x000000000800196c                HAL_ADC_MspInit
 .text.HAL_I2C_MspInit
                0x0000000008001a3c       0xa0 ./Core/Src/stm32f1xx_hal_msp.o
                0x0000000008001a3c                HAL_I2C_MspInit
 .text.HAL_RTC_MspInit
                0x0000000008001adc       0x48 ./Core/Src/stm32f1xx_hal_msp.o
                0x0000000008001adc                HAL_RTC_MspInit
 .text.HAL_SPI_MspInit
                0x0000000008001b24       0x98 ./Core/Src/stm32f1xx_hal_msp.o
                0x0000000008001b24                HAL_SPI_MspInit
 .text.HAL_UART_MspInit
                0x0000000008001bbc       0xb4 ./Core/Src/stm32f1xx_hal_msp.o
                0x0000000008001bbc                HAL_UART_MspInit
 .text.HAL_InitTick
                0x0000000008001c70       0xac ./Core/Src/stm32f1xx_hal_timebase_tim.o
                0x0000000008001c70                HAL_InitTick
 .text.NMI_Handler
                0x0000000008001d1c        0x6 ./Core/Src/stm32f1xx_it.o
                0x0000000008001d1c                NMI_Handler
 .text.HardFault_Handler
                0x0000000008001d22        0x6 ./Core/Src/stm32f1xx_it.o
                0x0000000008001d22                HardFault_Handler
 .text.MemManage_Handler
                0x0000000008001d28        0x6 ./Core/Src/stm32f1xx_it.o
                0x0000000008001d28                MemManage_Handler
 .text.BusFault_Handler
                0x0000000008001d2e        0x6 ./Core/Src/stm32f1xx_it.o
                0x0000000008001d2e                BusFault_Handler
 .text.UsageFault_Handler
                0x0000000008001d34        0x6 ./Core/Src/stm32f1xx_it.o
                0x0000000008001d34                UsageFault_Handler
 .text.DebugMon_Handler
                0x0000000008001d3a        0xc ./Core/Src/stm32f1xx_it.o
                0x0000000008001d3a                DebugMon_Handler
 *fill*         0x0000000008001d46        0x2 
 .text.DMA1_Channel1_IRQHandler
                0x0000000008001d48       0x14 ./Core/Src/stm32f1xx_it.o
                0x0000000008001d48                DMA1_Channel1_IRQHandler
 .text.TIM1_UP_IRQHandler
                0x0000000008001d5c       0x14 ./Core/Src/stm32f1xx_it.o
                0x0000000008001d5c                TIM1_UP_IRQHandler
 .text.SystemInit
                0x0000000008001d70        0xc ./Core/Src/system_stm32f1xx.o
                0x0000000008001d70                SystemInit
 .text.checkear_teclado
                0x0000000008001d7c      0x4d8 ./Core/Src/tareas.o
                0x0000000008001d7c                checkear_teclado
 .text.detectar_rfid
                0x0000000008002254       0x50 ./Core/Src/tareas.o
                0x0000000008002254                detectar_rfid
 .text.detectar_sensores
                0x00000000080022a4       0xb0 ./Core/Src/tareas.o
                0x00000000080022a4                detectar_sensores
 .text.checkear_power_supply
                0x0000000008002354       0x18 ./Core/Src/tareas.o
                0x0000000008002354                checkear_power_supply
 .text.chequear_clave
                0x000000000800236c       0x8c ./Core/Src/teclado.o
                0x000000000800236c                chequear_clave
 .text.init_teclado
                0x00000000080023f8       0xe8 ./Core/Src/teclado.o
                0x00000000080023f8                init_teclado
 .text.Reset_Handler
                0x00000000080024e0       0x48 ./Core/Startup/startup_stm32f103c8tx.o
                0x00000000080024e0                Reset_Handler
 .text.Default_Handler
                0x0000000008002528        0x2 ./Core/Startup/startup_stm32f103c8tx.o
                0x0000000008002528                RTC_Alarm_IRQHandler
                0x0000000008002528                EXTI2_IRQHandler
                0x0000000008002528                TIM1_CC_IRQHandler
                0x0000000008002528                PVD_IRQHandler
                0x0000000008002528                EXTI3_IRQHandler
                0x0000000008002528                EXTI0_IRQHandler
                0x0000000008002528                I2C2_EV_IRQHandler
                0x0000000008002528                ADC1_2_IRQHandler
                0x0000000008002528                SPI1_IRQHandler
                0x0000000008002528                TAMPER_IRQHandler
                0x0000000008002528                DMA1_Channel4_IRQHandler
                0x0000000008002528                USART3_IRQHandler
                0x0000000008002528                RTC_IRQHandler
                0x0000000008002528                DMA1_Channel7_IRQHandler
                0x0000000008002528                CAN1_RX1_IRQHandler
                0x0000000008002528                TIM4_IRQHandler
                0x0000000008002528                I2C1_EV_IRQHandler
                0x0000000008002528                DMA1_Channel6_IRQHandler
                0x0000000008002528                TIM3_IRQHandler
                0x0000000008002528                RCC_IRQHandler
                0x0000000008002528                TIM1_TRG_COM_IRQHandler
                0x0000000008002528                Default_Handler
                0x0000000008002528                EXTI15_10_IRQHandler
                0x0000000008002528                EXTI9_5_IRQHandler
                0x0000000008002528                SPI2_IRQHandler
                0x0000000008002528                DMA1_Channel5_IRQHandler
                0x0000000008002528                EXTI4_IRQHandler
                0x0000000008002528                USB_LP_CAN1_RX0_IRQHandler
                0x0000000008002528                USB_HP_CAN1_TX_IRQHandler
                0x0000000008002528                DMA1_Channel3_IRQHandler
                0x0000000008002528                WWDG_IRQHandler
                0x0000000008002528                TIM2_IRQHandler
                0x0000000008002528                TIM1_BRK_IRQHandler
                0x0000000008002528                EXTI1_IRQHandler
                0x0000000008002528                USART2_IRQHandler
                0x0000000008002528                I2C2_ER_IRQHandler
                0x0000000008002528                DMA1_Channel2_IRQHandler
                0x0000000008002528                CAN1_SCE_IRQHandler
                0x0000000008002528                FLASH_IRQHandler
                0x0000000008002528                USART1_IRQHandler
                0x0000000008002528                I2C1_ER_IRQHandler
                0x0000000008002528                USBWakeUp_IRQHandler
 *fill*         0x000000000800252a        0x2 
 .text.HAL_Init
                0x000000000800252c       0x2c ./Drivers/STM32F1xx_HAL_Driver/Src/stm32f1xx_hal.o
                0x000000000800252c                HAL_Init
 .text.HAL_IncTick
                0x0000000008002558       0x24 ./Drivers/STM32F1xx_HAL_Driver/Src/stm32f1xx_hal.o
                0x0000000008002558                HAL_IncTick
 .text.HAL_GetTick
                0x000000000800257c       0x14 ./Drivers/STM32F1xx_HAL_Driver/Src/stm32f1xx_hal.o
                0x000000000800257c                HAL_GetTick
 .text.HAL_Delay
                0x0000000008002590       0x48 ./Drivers/STM32F1xx_HAL_Driver/Src/stm32f1xx_hal.o
                0x0000000008002590                HAL_Delay
 .text.HAL_ADC_Init
                0x00000000080025d8      0x1b0 ./Drivers/STM32F1xx_HAL_Driver/Src/stm32f1xx_hal_adc.o
                0x00000000080025d8                HAL_ADC_Init
 .text.HAL_ADC_Start_DMA
                0x0000000008002788      0x1bc ./Drivers/STM32F1xx_HAL_Driver/Src/stm32f1xx_hal_adc.o
                0x0000000008002788                HAL_ADC_Start_DMA
 .text.HAL_ADC_ConvHalfCpltCallback
                0x0000000008002944       0x12 ./Drivers/STM32F1xx_HAL_Driver/Src/stm32f1xx_hal_adc.o
                0x0000000008002944                HAL_ADC_ConvHalfCpltCallback
 .text.HAL_ADC_ErrorCallback
                0x0000000008002956       0x12 ./Drivers/STM32F1xx_HAL_Driver/Src/stm32f1xx_hal_adc.o
                0x0000000008002956                HAL_ADC_ErrorCallback
 .text.HAL_ADC_ConfigChannel
                0x0000000008002968      0x1f0 ./Drivers/STM32F1xx_HAL_Driver/Src/stm32f1xx_hal_adc.o
                0x0000000008002968                HAL_ADC_ConfigChannel
 .text.ADC_Enable
                0x0000000008002b58       0xb4 ./Drivers/STM32F1xx_HAL_Driver/Src/stm32f1xx_hal_adc.o
                0x0000000008002b58                ADC_Enable
 .text.ADC_ConversionStop_Disable
                0x0000000008002c0c       0x82 ./Drivers/STM32F1xx_HAL_Driver/Src/stm32f1xx_hal_adc.o
                0x0000000008002c0c                ADC_ConversionStop_Disable
 .text.ADC_DMAConvCplt
                0x0000000008002c8e       0x7c ./Drivers/STM32F1xx_HAL_Driver/Src/stm32f1xx_hal_adc.o
                0x0000000008002c8e                ADC_DMAConvCplt
 .text.ADC_DMAHalfConvCplt
                0x0000000008002d0a       0x1c ./Drivers/STM32F1xx_HAL_Driver/Src/stm32f1xx_hal_adc.o
                0x0000000008002d0a                ADC_DMAHalfConvCplt
 .text.ADC_DMAError
                0x0000000008002d26       0x34 ./Drivers/STM32F1xx_HAL_Driver/Src/stm32f1xx_hal_adc.o
                0x0000000008002d26                ADC_DMAError
 *fill*         0x0000000008002d5a        0x2 
 .text.HAL_ADCEx_Calibration_Start
                0x0000000008002d5c      0x158 ./Drivers/STM32F1xx_HAL_Driver/Src/stm32f1xx_hal_adc_ex.o
                0x0000000008002d5c                HAL_ADCEx_Calibration_Start
 .text.__NVIC_SetPriorityGrouping
                0x0000000008002eb4       0x48 ./Drivers/STM32F1xx_HAL_Driver/Src/stm32f1xx_hal_cortex.o
 .text.__NVIC_GetPriorityGrouping
                0x0000000008002efc       0x1c ./Drivers/STM32F1xx_HAL_Driver/Src/stm32f1xx_hal_cortex.o
 .text.__NVIC_EnableIRQ
                0x0000000008002f18       0x38 ./Drivers/STM32F1xx_HAL_Driver/Src/stm32f1xx_hal_cortex.o
 .text.__NVIC_SetPriority
                0x0000000008002f50       0x54 ./Drivers/STM32F1xx_HAL_Driver/Src/stm32f1xx_hal_cortex.o
 .text.NVIC_EncodePriority
                0x0000000008002fa4       0x64 ./Drivers/STM32F1xx_HAL_Driver/Src/stm32f1xx_hal_cortex.o
 .text.HAL_NVIC_SetPriorityGrouping
                0x0000000008003008       0x16 ./Drivers/STM32F1xx_HAL_Driver/Src/stm32f1xx_hal_cortex.o
                0x0000000008003008                HAL_NVIC_SetPriorityGrouping
 .text.HAL_NVIC_SetPriority
                0x000000000800301e       0x38 ./Drivers/STM32F1xx_HAL_Driver/Src/stm32f1xx_hal_cortex.o
                0x000000000800301e                HAL_NVIC_SetPriority
 .text.HAL_NVIC_EnableIRQ
                0x0000000008003056       0x1c ./Drivers/STM32F1xx_HAL_Driver/Src/stm32f1xx_hal_cortex.o
                0x0000000008003056                HAL_NVIC_EnableIRQ
 *fill*         0x0000000008003072        0x2 
 .text.HAL_DMA_Init
                0x0000000008003074       0xb4 ./Drivers/STM32F1xx_HAL_Driver/Src/stm32f1xx_hal_dma.o
                0x0000000008003074                HAL_DMA_Init
 .text.HAL_DMA_Start_IT
                0x0000000008003128       0xbe ./Drivers/STM32F1xx_HAL_Driver/Src/stm32f1xx_hal_dma.o
                0x0000000008003128                HAL_DMA_Start_IT
 *fill*         0x00000000080031e6        0x2 
 .text.HAL_DMA_IRQHandler
                0x00000000080031e8      0x20c ./Drivers/STM32F1xx_HAL_Driver/Src/stm32f1xx_hal_dma.o
                0x00000000080031e8                HAL_DMA_IRQHandler
 .text.DMA_SetConfig
                0x00000000080033f4       0x5a ./Drivers/STM32F1xx_HAL_Driver/Src/stm32f1xx_hal_dma.o
 *fill*         0x000000000800344e        0x2 
 .text.HAL_GPIO_Init
                0x0000000008003450      0x308 ./Drivers/STM32F1xx_HAL_Driver/Src/stm32f1xx_hal_gpio.o
                0x0000000008003450                HAL_GPIO_Init
 .text.HAL_GPIO_ReadPin
                0x0000000008003758       0x2e ./Drivers/STM32F1xx_HAL_Driver/Src/stm32f1xx_hal_gpio.o
                0x0000000008003758                HAL_GPIO_ReadPin
 .text.HAL_GPIO_WritePin
                0x0000000008003786       0x30 ./Drivers/STM32F1xx_HAL_Driver/Src/stm32f1xx_hal_gpio.o
                0x0000000008003786                HAL_GPIO_WritePin
 .text.HAL_GPIO_TogglePin
                0x00000000080037b6       0x32 ./Drivers/STM32F1xx_HAL_Driver/Src/stm32f1xx_hal_gpio.o
                0x00000000080037b6                HAL_GPIO_TogglePin
 .text.HAL_I2C_Init
                0x00000000080037e8      0x288 ./Drivers/STM32F1xx_HAL_Driver/Src/stm32f1xx_hal_i2c.o
                0x00000000080037e8                HAL_I2C_Init
 .text.HAL_I2C_Master_Transmit
                0x0000000008003a70      0x1fc ./Drivers/STM32F1xx_HAL_Driver/Src/stm32f1xx_hal_i2c.o
                0x0000000008003a70                HAL_I2C_Master_Transmit
 .text.HAL_I2C_Mem_Write
                0x0000000008003c6c      0x1f4 ./Drivers/STM32F1xx_HAL_Driver/Src/stm32f1xx_hal_i2c.o
                0x0000000008003c6c                HAL_I2C_Mem_Write
 .text.HAL_I2C_Mem_Read
                0x0000000008003e60      0x4d0 ./Drivers/STM32F1xx_HAL_Driver/Src/stm32f1xx_hal_i2c.o
                0x0000000008003e60                HAL_I2C_Mem_Read
 .text.I2C_MasterRequestWrite
                0x0000000008004330      0x104 ./Drivers/STM32F1xx_HAL_Driver/Src/stm32f1xx_hal_i2c.o
 .text.I2C_RequestMemoryWrite
                0x0000000008004434      0x12c ./Drivers/STM32F1xx_HAL_Driver/Src/stm32f1xx_hal_i2c.o
 .text.I2C_RequestMemoryRead
                0x0000000008004560      0x1d0 ./Drivers/STM32F1xx_HAL_Driver/Src/stm32f1xx_hal_i2c.o
 .text.I2C_WaitOnFlagUntilTimeout
                0x0000000008004730       0xae ./Drivers/STM32F1xx_HAL_Driver/Src/stm32f1xx_hal_i2c.o
 .text.I2C_WaitOnMasterAddressFlagUntilTimeout
                0x00000000080047de       0xfe ./Drivers/STM32F1xx_HAL_Driver/Src/stm32f1xx_hal_i2c.o
 .text.I2C_WaitOnTXEFlagUntilTimeout
                0x00000000080048dc       0x82 ./Drivers/STM32F1xx_HAL_Driver/Src/stm32f1xx_hal_i2c.o
 .text.I2C_WaitOnBTFFlagUntilTimeout
                0x000000000800495e       0x82 ./Drivers/STM32F1xx_HAL_Driver/Src/stm32f1xx_hal_i2c.o
 .text.I2C_WaitOnRXNEFlagUntilTimeout
                0x00000000080049e0       0xac ./Drivers/STM32F1xx_HAL_Driver/Src/stm32f1xx_hal_i2c.o
 .text.I2C_IsAcknowledgeFailed
                0x0000000008004a8c       0x5c ./Drivers/STM32F1xx_HAL_Driver/Src/stm32f1xx_hal_i2c.o
 .text.HAL_PWR_EnableBkUpAccess
                0x0000000008004ae8       0x18 ./Drivers/STM32F1xx_HAL_Driver/Src/stm32f1xx_hal_pwr.o
                0x0000000008004ae8                HAL_PWR_EnableBkUpAccess
 .text.HAL_RCC_OscConfig
                0x0000000008004b00      0x504 ./Drivers/STM32F1xx_HAL_Driver/Src/stm32f1xx_hal_rcc.o
                0x0000000008004b00                HAL_RCC_OscConfig
 .text.HAL_RCC_ClockConfig
                0x0000000008005004      0x1d4 ./Drivers/STM32F1xx_HAL_Driver/Src/stm32f1xx_hal_rcc.o
                0x0000000008005004                HAL_RCC_ClockConfig
 .text.HAL_RCC_GetSysClockFreq
                0x00000000080051d8       0xc0 ./Drivers/STM32F1xx_HAL_Driver/Src/stm32f1xx_hal_rcc.o
                0x00000000080051d8                HAL_RCC_GetSysClockFreq
 .text.HAL_RCC_GetHCLKFreq
                0x0000000008005298       0x14 ./Drivers/STM32F1xx_HAL_Driver/Src/stm32f1xx_hal_rcc.o
                0x0000000008005298                HAL_RCC_GetHCLKFreq
 .text.HAL_RCC_GetPCLK1Freq
                0x00000000080052ac       0x28 ./Drivers/STM32F1xx_HAL_Driver/Src/stm32f1xx_hal_rcc.o
                0x00000000080052ac                HAL_RCC_GetPCLK1Freq
 .text.HAL_RCC_GetPCLK2Freq
                0x00000000080052d4       0x28 ./Drivers/STM32F1xx_HAL_Driver/Src/stm32f1xx_hal_rcc.o
                0x00000000080052d4                HAL_RCC_GetPCLK2Freq
 .text.HAL_RCC_GetClockConfig
                0x00000000080052fc       0x60 ./Drivers/STM32F1xx_HAL_Driver/Src/stm32f1xx_hal_rcc.o
                0x00000000080052fc                HAL_RCC_GetClockConfig
 .text.RCC_Delay
                0x000000000800535c       0x3c ./Drivers/STM32F1xx_HAL_Driver/Src/stm32f1xx_hal_rcc.o
 .text.HAL_RCCEx_PeriphCLKConfig
                0x0000000008005398      0x16c ./Drivers/STM32F1xx_HAL_Driver/Src/stm32f1xx_hal_rcc_ex.o
                0x0000000008005398                HAL_RCCEx_PeriphCLKConfig
 .text.HAL_RCCEx_GetPeriphCLKFreq
                0x0000000008005504      0x188 ./Drivers/STM32F1xx_HAL_Driver/Src/stm32f1xx_hal_rcc_ex.o
                0x0000000008005504                HAL_RCCEx_GetPeriphCLKFreq
 .text.HAL_RTC_Init
                0x000000000800568c      0x12c ./Drivers/STM32F1xx_HAL_Driver/Src/stm32f1xx_hal_rtc.o
                0x000000000800568c                HAL_RTC_Init
 .text.HAL_RTC_GetTime
                0x00000000080057b8      0x1b0 ./Drivers/STM32F1xx_HAL_Driver/Src/stm32f1xx_hal_rtc.o
                0x00000000080057b8                HAL_RTC_GetTime
 .text.HAL_RTC_WaitForSynchro
                0x0000000008005968       0x5a ./Drivers/STM32F1xx_HAL_Driver/Src/stm32f1xx_hal_rtc.o
                0x0000000008005968                HAL_RTC_WaitForSynchro
 .text.RTC_ReadTimeCounter
                0x00000000080059c2       0x60 ./Drivers/STM32F1xx_HAL_Driver/Src/stm32f1xx_hal_rtc.o
 .text.RTC_WriteTimeCounter
                0x0000000008005a22       0x4e ./Drivers/STM32F1xx_HAL_Driver/Src/stm32f1xx_hal_rtc.o
 .text.RTC_ReadAlarmCounter
                0x0000000008005a70       0x32 ./Drivers/STM32F1xx_HAL_Driver/Src/stm32f1xx_hal_rtc.o
 .text.RTC_WriteAlarmCounter
                0x0000000008005aa2       0x4e ./Drivers/STM32F1xx_HAL_Driver/Src/stm32f1xx_hal_rtc.o
 .text.RTC_EnterInitMode
                0x0000000008005af0       0x50 ./Drivers/STM32F1xx_HAL_Driver/Src/stm32f1xx_hal_rtc.o
 .text.RTC_ExitInitMode
                0x0000000008005b40       0x50 ./Drivers/STM32F1xx_HAL_Driver/Src/stm32f1xx_hal_rtc.o
 .text.RTC_ByteToBcd2
                0x0000000008005b90       0x3a ./Drivers/STM32F1xx_HAL_Driver/Src/stm32f1xx_hal_rtc.o
 .text.RTC_DateUpdate
                0x0000000008005bca      0x152 ./Drivers/STM32F1xx_HAL_Driver/Src/stm32f1xx_hal_rtc.o
 .text.RTC_IsLeapYear
                0x0000000008005d1c       0x64 ./Drivers/STM32F1xx_HAL_Driver/Src/stm32f1xx_hal_rtc.o
 .text.RTC_WeekDayNum
                0x0000000008005d80       0xf0 ./Drivers/STM32F1xx_HAL_Driver/Src/stm32f1xx_hal_rtc.o
 .text.HAL_SPI_Init
                0x0000000008005e70      0x108 ./Drivers/STM32F1xx_HAL_Driver/Src/stm32f1xx_hal_spi.o
                0x0000000008005e70                HAL_SPI_Init
 .text.HAL_SPI_Transmit
                0x0000000008005f78      0x278 ./Drivers/STM32F1xx_HAL_Driver/Src/stm32f1xx_hal_spi.o
                0x0000000008005f78                HAL_SPI_Transmit
 .text.HAL_SPI_Receive
                0x00000000080061f0      0x222 ./Drivers/STM32F1xx_HAL_Driver/Src/stm32f1xx_hal_spi.o
                0x00000000080061f0                HAL_SPI_Receive
 .text.HAL_SPI_TransmitReceive
                0x0000000008006412      0x344 ./Drivers/STM32F1xx_HAL_Driver/Src/stm32f1xx_hal_spi.o
                0x0000000008006412                HAL_SPI_TransmitReceive
 *fill*         0x0000000008006756        0x2 
 .text.SPI_WaitFlagStateUntilTimeout
                0x0000000008006758      0x110 ./Drivers/STM32F1xx_HAL_Driver/Src/stm32f1xx_hal_spi.o
 .text.SPI_EndRxTransaction
                0x0000000008006868       0xa4 ./Drivers/STM32F1xx_HAL_Driver/Src/stm32f1xx_hal_spi.o
 .text.SPI_EndRxTxTransaction
                0x000000000800690c       0x3c ./Drivers/STM32F1xx_HAL_Driver/Src/stm32f1xx_hal_spi.o
 .text.HAL_TIM_Base_Init
                0x0000000008006948       0x9e ./Drivers/STM32F1xx_HAL_Driver/Src/stm32f1xx_hal_tim.o
                0x0000000008006948                HAL_TIM_Base_Init
 .text.HAL_TIM_Base_MspInit
                0x00000000080069e6       0x12 ./Drivers/STM32F1xx_HAL_Driver/Src/stm32f1xx_hal_tim.o
                0x00000000080069e6                HAL_TIM_Base_MspInit
 .text.HAL_TIM_Base_Start_IT
                0x00000000080069f8       0xa4 ./Drivers/STM32F1xx_HAL_Driver/Src/stm32f1xx_hal_tim.o
                0x00000000080069f8                HAL_TIM_Base_Start_IT
 .text.HAL_TIM_IRQHandler
                0x0000000008006a9c      0x210 ./Drivers/STM32F1xx_HAL_Driver/Src/stm32f1xx_hal_tim.o
                0x0000000008006a9c                HAL_TIM_IRQHandler
 .text.HAL_TIM_OC_DelayElapsedCallback
                0x0000000008006cac       0x12 ./Drivers/STM32F1xx_HAL_Driver/Src/stm32f1xx_hal_tim.o
                0x0000000008006cac                HAL_TIM_OC_DelayElapsedCallback
 .text.HAL_TIM_IC_CaptureCallback
                0x0000000008006cbe       0x12 ./Drivers/STM32F1xx_HAL_Driver/Src/stm32f1xx_hal_tim.o
                0x0000000008006cbe                HAL_TIM_IC_CaptureCallback
 .text.HAL_TIM_PWM_PulseFinishedCallback
                0x0000000008006cd0       0x12 ./Drivers/STM32F1xx_HAL_Driver/Src/stm32f1xx_hal_tim.o
                0x0000000008006cd0                HAL_TIM_PWM_PulseFinishedCallback
 .text.HAL_TIM_TriggerCallback
                0x0000000008006ce2       0x12 ./Drivers/STM32F1xx_HAL_Driver/Src/stm32f1xx_hal_tim.o
                0x0000000008006ce2                HAL_TIM_TriggerCallback
 .text.TIM_Base_SetConfig
                0x0000000008006cf4       0xc4 ./Drivers/STM32F1xx_HAL_Driver/Src/stm32f1xx_hal_tim.o
                0x0000000008006cf4                TIM_Base_SetConfig
 .text.HAL_TIMEx_CommutCallback
                0x0000000008006db8       0x12 ./Drivers/STM32F1xx_HAL_Driver/Src/stm32f1xx_hal_tim_ex.o
                0x0000000008006db8                HAL_TIMEx_CommutCallback
 .text.HAL_TIMEx_BreakCallback
                0x0000000008006dca       0x12 ./Drivers/STM32F1xx_HAL_Driver/Src/stm32f1xx_hal_tim_ex.o
                0x0000000008006dca                HAL_TIMEx_BreakCallback
 .text.HAL_UART_Init
                0x0000000008006ddc       0x9a ./Drivers/STM32F1xx_HAL_Driver/Src/stm32f1xx_hal_uart.o
                0x0000000008006ddc                HAL_UART_Init
 *fill*         0x0000000008006e76        0x2 
 .text.UART_SetConfig
                0x0000000008006e78      0x11c ./Drivers/STM32F1xx_HAL_Driver/Src/stm32f1xx_hal_uart.o
 .text.makeFreeRtosPriority
                0x0000000008006f94       0x2e ./Middlewares/Third_Party/FreeRTOS/Source/CMSIS_RTOS/cmsis_os.o
 .text.osKernelStart
                0x0000000008006fc2        0xe ./Middlewares/Third_Party/FreeRTOS/Source/CMSIS_RTOS/cmsis_os.o
                0x0000000008006fc2                osKernelStart
 .text.osThreadCreate
                0x0000000008006fd0       0x98 ./Middlewares/Third_Party/FreeRTOS/Source/CMSIS_RTOS/cmsis_os.o
                0x0000000008006fd0                osThreadCreate
 .text.osDelay  0x0000000008007068       0x28 ./Middlewares/Third_Party/FreeRTOS/Source/CMSIS_RTOS/cmsis_os.o
                0x0000000008007068                osDelay
 .text.vListInitialise
                0x0000000008007090       0x3e ./Middlewares/Third_Party/FreeRTOS/Source/list.o
                0x0000000008007090                vListInitialise
 .text.vListInitialiseItem
                0x00000000080070ce       0x18 ./Middlewares/Third_Party/FreeRTOS/Source/list.o
                0x00000000080070ce                vListInitialiseItem
 .text.vListInsertEnd
                0x00000000080070e6       0x46 ./Middlewares/Third_Party/FreeRTOS/Source/list.o
                0x00000000080070e6                vListInsertEnd
 .text.vListInsert
                0x000000000800712c       0x70 ./Middlewares/Third_Party/FreeRTOS/Source/list.o
                0x000000000800712c                vListInsert
 .text.uxListRemove
                0x000000000800719c       0x52 ./Middlewares/Third_Party/FreeRTOS/Source/list.o
                0x000000000800719c                uxListRemove
 *fill*         0x00000000080071ee        0x2 
 .text.xQueueGenericReset
                0x00000000080071f0       0xd0 ./Middlewares/Third_Party/FreeRTOS/Source/queue.o
                0x00000000080071f0                xQueueGenericReset
 .text.xQueueGenericCreate
                0x00000000080072c0       0x7c ./Middlewares/Third_Party/FreeRTOS/Source/queue.o
                0x00000000080072c0                xQueueGenericCreate
 .text.prvInitialiseNewQueue
                0x000000000800733c       0x3e ./Middlewares/Third_Party/FreeRTOS/Source/queue.o
 .text.prvInitialiseMutex
                0x000000000800737a       0x34 ./Middlewares/Third_Party/FreeRTOS/Source/queue.o
 .text.xQueueCreateMutex
                0x00000000080073ae       0x30 ./Middlewares/Third_Party/FreeRTOS/Source/queue.o
                0x00000000080073ae                xQueueCreateMutex
 *fill*         0x00000000080073de        0x2 
 .text.xQueueGenericSend
                0x00000000080073e0      0x1fc ./Middlewares/Third_Party/FreeRTOS/Source/queue.o
                0x00000000080073e0                xQueueGenericSend
 .text.xQueueGiveFromISR
                0x00000000080075dc      0x11a ./Middlewares/Third_Party/FreeRTOS/Source/queue.o
                0x00000000080075dc                xQueueGiveFromISR
 *fill*         0x00000000080076f6        0x2 
 .text.xQueueSemaphoreTake
                0x00000000080076f8      0x218 ./Middlewares/Third_Party/FreeRTOS/Source/queue.o
                0x00000000080076f8                xQueueSemaphoreTake
 .text.prvGetDisinheritPriorityAfterTimeout
                0x0000000008007910       0x2e ./Middlewares/Third_Party/FreeRTOS/Source/queue.o
 .text.prvCopyDataToQueue
                0x000000000800793e       0xd4 ./Middlewares/Third_Party/FreeRTOS/Source/queue.o
 .text.prvUnlockQueue
                0x0000000008007a12       0xa4 ./Middlewares/Third_Party/FreeRTOS/Source/queue.o
 .text.prvIsQueueEmpty
                0x0000000008007ab6       0x2c ./Middlewares/Third_Party/FreeRTOS/Source/queue.o
 .text.prvIsQueueFull
                0x0000000008007ae2       0x30 ./Middlewares/Third_Party/FreeRTOS/Source/queue.o
 .text.xTaskCreateStatic
                0x0000000008007b12       0xb8 ./Middlewares/Third_Party/FreeRTOS/Source/tasks.o
                0x0000000008007b12                xTaskCreateStatic
 .text.xTaskCreate
                0x0000000008007bca       0x8a ./Middlewares/Third_Party/FreeRTOS/Source/tasks.o
                0x0000000008007bca                xTaskCreate
 .text.prvInitialiseNewTask
                0x0000000008007c54      0x130 ./Middlewares/Third_Party/FreeRTOS/Source/tasks.o
 .text.prvAddNewTaskToReadyList
                0x0000000008007d84       0xd4 ./Middlewares/Third_Party/FreeRTOS/Source/tasks.o
 .text.vTaskDelay
                0x0000000008007e58       0x68 ./Middlewares/Third_Party/FreeRTOS/Source/tasks.o
                0x0000000008007e58                vTaskDelay
 .text.vTaskStartScheduler
                0x0000000008007ec0       0xd4 ./Middlewares/Third_Party/FreeRTOS/Source/tasks.o
                0x0000000008007ec0                vTaskStartScheduler
 .text.vTaskSuspendAll
                0x0000000008007f94       0x1c ./Middlewares/Third_Party/FreeRTOS/Source/tasks.o
                0x0000000008007f94                vTaskSuspendAll
 .text.xTaskResumeAll
                0x0000000008007fb0      0x138 ./Middlewares/Third_Party/FreeRTOS/Source/tasks.o
                0x0000000008007fb0                xTaskResumeAll
 .text.xTaskIncrementTick
                0x00000000080080e8      0x17c ./Middlewares/Third_Party/FreeRTOS/Source/tasks.o
                0x00000000080080e8                xTaskIncrementTick
 .text.vTaskSwitchContext
                0x0000000008008264       0xc4 ./Middlewares/Third_Party/FreeRTOS/Source/tasks.o
                0x0000000008008264                vTaskSwitchContext
 .text.vTaskPlaceOnEventList
                0x0000000008008328       0x48 ./Middlewares/Third_Party/FreeRTOS/Source/tasks.o
                0x0000000008008328                vTaskPlaceOnEventList
 .text.xTaskRemoveFromEventList
                0x0000000008008370       0xc4 ./Middlewares/Third_Party/FreeRTOS/Source/tasks.o
                0x0000000008008370                xTaskRemoveFromEventList
 .text.vTaskInternalSetTimeOutState
                0x0000000008008434       0x2c ./Middlewares/Third_Party/FreeRTOS/Source/tasks.o
                0x0000000008008434                vTaskInternalSetTimeOutState
 .text.xTaskCheckForTimeOut
                0x0000000008008460       0xc4 ./Middlewares/Third_Party/FreeRTOS/Source/tasks.o
                0x0000000008008460                xTaskCheckForTimeOut
 .text.vTaskMissedYield
                0x0000000008008524       0x18 ./Middlewares/Third_Party/FreeRTOS/Source/tasks.o
                0x0000000008008524                vTaskMissedYield
 .text.prvIdleTask
                0x000000000800853c       0x30 ./Middlewares/Third_Party/FreeRTOS/Source/tasks.o
 .text.prvInitialiseTaskLists
                0x000000000800856c       0x80 ./Middlewares/Third_Party/FreeRTOS/Source/tasks.o
 .text.prvCheckTasksWaitingTermination
                0x00000000080085ec       0x5c ./Middlewares/Third_Party/FreeRTOS/Source/tasks.o
 .text.prvDeleteTCB
                0x0000000008008648       0x68 ./Middlewares/Third_Party/FreeRTOS/Source/tasks.o
 .text.prvResetNextTaskUnblockTime
                0x00000000080086b0       0x48 ./Middlewares/Third_Party/FreeRTOS/Source/tasks.o
 .text.xTaskGetSchedulerState
                0x00000000080086f8       0x3c ./Middlewares/Third_Party/FreeRTOS/Source/tasks.o
                0x00000000080086f8                xTaskGetSchedulerState
 .text.xTaskPriorityInherit
                0x0000000008008734      0x10c ./Middlewares/Third_Party/FreeRTOS/Source/tasks.o
                0x0000000008008734                xTaskPriorityInherit
 .text.xTaskPriorityDisinherit
                0x0000000008008840      0x10c ./Middlewares/Third_Party/FreeRTOS/Source/tasks.o
                0x0000000008008840                xTaskPriorityDisinherit
 .text.vTaskPriorityDisinheritAfterTimeout
                0x000000000800894c      0x140 ./Middlewares/Third_Party/FreeRTOS/Source/tasks.o
                0x000000000800894c                vTaskPriorityDisinheritAfterTimeout
 .text.pvTaskIncrementMutexHeldCount
                0x0000000008008a8c       0x28 ./Middlewares/Third_Party/FreeRTOS/Source/tasks.o
                0x0000000008008a8c                pvTaskIncrementMutexHeldCount
 .text.prvAddCurrentTaskToDelayedList
                0x0000000008008ab4       0xcc ./Middlewares/Third_Party/FreeRTOS/Source/tasks.o
 .text.pxPortInitialiseStack
                0x0000000008008b80       0x58 ./Middlewares/Third_Party/FreeRTOS/Source/portable/GCC/ARM_CM3/port.o
                0x0000000008008b80                pxPortInitialiseStack
 .text.prvTaskExitError
                0x0000000008008bd8       0x58 ./Middlewares/Third_Party/FreeRTOS/Source/portable/GCC/ARM_CM3/port.o
 .text.SVC_Handler
                0x0000000008008c30       0x28 ./Middlewares/Third_Party/FreeRTOS/Source/portable/GCC/ARM_CM3/port.o
                0x0000000008008c30                SVC_Handler
 .text.prvPortStartFirstTask
                0x0000000008008c58       0x20 ./Middlewares/Third_Party/FreeRTOS/Source/portable/GCC/ARM_CM3/port.o
 .text.xPortStartScheduler
                0x0000000008008c78       0xe4 ./Middlewares/Third_Party/FreeRTOS/Source/portable/GCC/ARM_CM3/port.o
                0x0000000008008c78                xPortStartScheduler
 .text.vPortEnterCritical
                0x0000000008008d5c       0x60 ./Middlewares/Third_Party/FreeRTOS/Source/portable/GCC/ARM_CM3/port.o
                0x0000000008008d5c                vPortEnterCritical
 .text.vPortExitCritical
                0x0000000008008dbc       0x50 ./Middlewares/Third_Party/FreeRTOS/Source/portable/GCC/ARM_CM3/port.o
                0x0000000008008dbc                vPortExitCritical
 *fill*         0x0000000008008e0c        0x4 
 .text.PendSV_Handler
                0x0000000008008e10       0x48 ./Middlewares/Third_Party/FreeRTOS/Source/portable/GCC/ARM_CM3/port.o
                0x0000000008008e10                PendSV_Handler
 .text.SysTick_Handler
                0x0000000008008e58       0x44 ./Middlewares/Third_Party/FreeRTOS/Source/portable/GCC/ARM_CM3/port.o
                0x0000000008008e58                SysTick_Handler
 .text.vPortSetupTimerInterrupt
                0x0000000008008e9c       0x44 ./Middlewares/Third_Party/FreeRTOS/Source/portable/GCC/ARM_CM3/port.o
                0x0000000008008e9c                vPortSetupTimerInterrupt
 .text.vPortValidateInterruptPriority
                0x0000000008008ee0       0x7c ./Middlewares/Third_Party/FreeRTOS/Source/portable/GCC/ARM_CM3/port.o
                0x0000000008008ee0                vPortValidateInterruptPriority
 .text.pvPortMalloc
                0x0000000008008f5c      0x188 ./Middlewares/Third_Party/FreeRTOS/Source/portable/MemMang/heap_4.o
                0x0000000008008f5c                pvPortMalloc
 .text.vPortFree
                0x00000000080090e4       0xb4 ./Middlewares/Third_Party/FreeRTOS/Source/portable/MemMang/heap_4.o
                0x00000000080090e4                vPortFree
 .text.prvHeapInit
                0x0000000008009198       0xc4 ./Middlewares/Third_Party/FreeRTOS/Source/portable/MemMang/heap_4.o
 .text.prvInsertBlockIntoFreeList
                0x000000000800925c       0xb0 ./Middlewares/Third_Party/FreeRTOS/Source/portable/MemMang/heap_4.o
 .text.__libc_init_array
                0x000000000800930c       0x48 /opt/st/stm32cubeide_1.7.0/plugins/com.st.stm32cube.ide.mcu.externaltools.gnu-tools-for-stm32.9-2020-q2-update.linux64_2.0.0.202105311346/tools/bin/../lib/gcc/arm-none-eabi/9.3.1/../../../../arm-none-eabi/lib/thumb/v7-m/nofp/libc_nano.a(lib_a-init.o)
                0x000000000800930c                __libc_init_array
 .text.__retarget_lock_acquire_recursive
                0x0000000008009354        0x2 /opt/st/stm32cubeide_1.7.0/plugins/com.st.stm32cube.ide.mcu.externaltools.gnu-tools-for-stm32.9-2020-q2-update.linux64_2.0.0.202105311346/tools/bin/../lib/gcc/arm-none-eabi/9.3.1/../../../../arm-none-eabi/lib/thumb/v7-m/nofp/libc_nano.a(lib_a-lock.o)
                0x0000000008009354                __retarget_lock_acquire_recursive
 .text.__retarget_lock_release_recursive
                0x0000000008009356        0x2 /opt/st/stm32cubeide_1.7.0/plugins/com.st.stm32cube.ide.mcu.externaltools.gnu-tools-for-stm32.9-2020-q2-update.linux64_2.0.0.202105311346/tools/bin/../lib/gcc/arm-none-eabi/9.3.1/../../../../arm-none-eabi/lib/thumb/v7-m/nofp/libc_nano.a(lib_a-lock.o)
                0x0000000008009356                __retarget_lock_release_recursive
 .text.memcmp   0x0000000008009358       0x1c /opt/st/stm32cubeide_1.7.0/plugins/com.st.stm32cube.ide.mcu.externaltools.gnu-tools-for-stm32.9-2020-q2-update.linux64_2.0.0.202105311346/tools/bin/../lib/gcc/arm-none-eabi/9.3.1/../../../../arm-none-eabi/lib/thumb/v7-m/nofp/libc_nano.a(lib_a-memcmp.o)
                0x0000000008009358                memcmp
 .text.memcpy   0x0000000008009374       0x1c /opt/st/stm32cubeide_1.7.0/plugins/com.st.stm32cube.ide.mcu.externaltools.gnu-tools-for-stm32.9-2020-q2-update.linux64_2.0.0.202105311346/tools/bin/../lib/gcc/arm-none-eabi/9.3.1/../../../../arm-none-eabi/lib/thumb/v7-m/nofp/libc_nano.a(lib_a-memcpy-stub.o)
                0x0000000008009374                memcpy
 .text.memset   0x0000000008009390       0x10 /opt/st/stm32cubeide_1.7.0/plugins/com.st.stm32cube.ide.mcu.externaltools.gnu-tools-for-stm32.9-2020-q2-update.linux64_2.0.0.202105311346/tools/bin/../lib/gcc/arm-none-eabi/9.3.1/../../../../arm-none-eabi/lib/thumb/v7-m/nofp/libc_nano.a(lib_a-memset.o)
                0x0000000008009390                memset
 .text.cleanup_glue
                0x00000000080093a0       0x1a /opt/st/stm32cubeide_1.7.0/plugins/com.st.stm32cube.ide.mcu.externaltools.gnu-tools-for-stm32.9-2020-q2-update.linux64_2.0.0.202105311346/tools/bin/../lib/gcc/arm-none-eabi/9.3.1/../../../../arm-none-eabi/lib/thumb/v7-m/nofp/libc_nano.a(lib_a-reent.o)
                0x00000000080093a0                cleanup_glue
 *fill*         0x00000000080093ba        0x2 
 .text._reclaim_reent
                0x00000000080093bc       0xb8 /opt/st/stm32cubeide_1.7.0/plugins/com.st.stm32cube.ide.mcu.externaltools.gnu-tools-for-stm32.9-2020-q2-update.linux64_2.0.0.202105311346/tools/bin/../lib/gcc/arm-none-eabi/9.3.1/../../../../arm-none-eabi/lib/thumb/v7-m/nofp/libc_nano.a(lib_a-reent.o)
                0x00000000080093bc                _reclaim_reent
 .text.__malloc_lock
                0x0000000008009474        0xc /opt/st/stm32cubeide_1.7.0/plugins/com.st.stm32cube.ide.mcu.externaltools.gnu-tools-for-stm32.9-2020-q2-update.linux64_2.0.0.202105311346/tools/bin/../lib/gcc/arm-none-eabi/9.3.1/../../../../arm-none-eabi/lib/thumb/v7-m/nofp/libc_nano.a(lib_a-mlock.o)
                0x0000000008009474                __malloc_lock
 .text.__malloc_unlock
                0x0000000008009480        0xc /opt/st/stm32cubeide_1.7.0/plugins/com.st.stm32cube.ide.mcu.externaltools.gnu-tools-for-stm32.9-2020-q2-update.linux64_2.0.0.202105311346/tools/bin/../lib/gcc/arm-none-eabi/9.3.1/../../../../arm-none-eabi/lib/thumb/v7-m/nofp/libc_nano.a(lib_a-mlock.o)
                0x0000000008009480                __malloc_unlock
 .text._free_r  0x000000000800948c       0x98 /opt/st/stm32cubeide_1.7.0/plugins/com.st.stm32cube.ide.mcu.externaltools.gnu-tools-for-stm32.9-2020-q2-update.linux64_2.0.0.202105311346/tools/bin/../lib/gcc/arm-none-eabi/9.3.1/../../../../arm-none-eabi/lib/thumb/v7-m/nofp/libc_nano.a(lib_a-nano-freer.o)
                0x000000000800948c                _free_r
 *(.glue_7)
 .glue_7        0x0000000008009524        0x0 linker stubs
 *(.glue_7t)
 .glue_7t       0x0000000008009524        0x0 linker stubs
 *(.eh_frame)
 .eh_frame      0x0000000008009524        0x0 /opt/st/stm32cubeide_1.7.0/plugins/com.st.stm32cube.ide.mcu.externaltools.gnu-tools-for-stm32.9-2020-q2-update.linux64_2.0.0.202105311346/tools/bin/../lib/gcc/arm-none-eabi/9.3.1/thumb/v7-m/nofp/crtbegin.o
 *(.init)
 .init          0x0000000008009524        0x4 /opt/st/stm32cubeide_1.7.0/plugins/com.st.stm32cube.ide.mcu.externaltools.gnu-tools-for-stm32.9-2020-q2-update.linux64_2.0.0.202105311346/tools/bin/../lib/gcc/arm-none-eabi/9.3.1/thumb/v7-m/nofp/crti.o
                0x0000000008009524                _init
 .init          0x0000000008009528        0x8 /opt/st/stm32cubeide_1.7.0/plugins/com.st.stm32cube.ide.mcu.externaltools.gnu-tools-for-stm32.9-2020-q2-update.linux64_2.0.0.202105311346/tools/bin/../lib/gcc/arm-none-eabi/9.3.1/thumb/v7-m/nofp/crtn.o
 *(.fini)
 .fini          0x0000000008009530        0x4 /opt/st/stm32cubeide_1.7.0/plugins/com.st.stm32cube.ide.mcu.externaltools.gnu-tools-for-stm32.9-2020-q2-update.linux64_2.0.0.202105311346/tools/bin/../lib/gcc/arm-none-eabi/9.3.1/thumb/v7-m/nofp/crti.o
                0x0000000008009530                _fini
 .fini          0x0000000008009534        0x8 /opt/st/stm32cubeide_1.7.0/plugins/com.st.stm32cube.ide.mcu.externaltools.gnu-tools-for-stm32.9-2020-q2-update.linux64_2.0.0.202105311346/tools/bin/../lib/gcc/arm-none-eabi/9.3.1/thumb/v7-m/nofp/crtn.o
                0x000000000800953c                . = ALIGN (0x4)
                0x000000000800953c                _etext = .

.vfp11_veneer   0x000000000800953c        0x0
 .vfp11_veneer  0x000000000800953c        0x0 linker stubs

.v4_bx          0x000000000800953c        0x0
 .v4_bx         0x000000000800953c        0x0 linker stubs

.iplt           0x000000000800953c        0x0
 .iplt          0x000000000800953c        0x0 /opt/st/stm32cubeide_1.7.0/plugins/com.st.stm32cube.ide.mcu.externaltools.gnu-tools-for-stm32.9-2020-q2-update.linux64_2.0.0.202105311346/tools/bin/../lib/gcc/arm-none-eabi/9.3.1/thumb/v7-m/nofp/crtbegin.o

.rodata         0x000000000800953c      0x158
                0x000000000800953c                . = ALIGN (0x4)
 *(.rodata)
 .rodata        0x000000000800953c       0x29 ./Core/Src/eeprom.o
 *fill*         0x0000000008009565        0x3 
 .rodata        0x0000000008009568       0x8c ./Core/Src/main.o
 .rodata        0x00000000080095f4       0x10 ./Drivers/STM32F1xx_HAL_Driver/Src/stm32f1xx_hal_rcc.o
 .rodata        0x0000000008009604       0x10 ./Drivers/STM32F1xx_HAL_Driver/Src/stm32f1xx_hal_rcc_ex.o
 .rodata        0x0000000008009614        0x5 ./Middlewares/Third_Party/FreeRTOS/Source/tasks.o
 *(.rodata*)
 *fill*         0x0000000008009619        0x3 
 .rodata.AHBPrescTable
                0x000000000800961c       0x10 ./Core/Src/system_stm32f1xx.o
                0x000000000800961c                AHBPrescTable
 .rodata.APBPrescTable
                0x000000000800962c        0x8 ./Core/Src/system_stm32f1xx.o
                0x000000000800962c                APBPrescTable
 .rodata.__sf_fake_stderr
                0x0000000008009634       0x20 /opt/st/stm32cubeide_1.7.0/plugins/com.st.stm32cube.ide.mcu.externaltools.gnu-tools-for-stm32.9-2020-q2-update.linux64_2.0.0.202105311346/tools/bin/../lib/gcc/arm-none-eabi/9.3.1/../../../../arm-none-eabi/lib/thumb/v7-m/nofp/libc_nano.a(lib_a-findfp.o)
                0x0000000008009634                __sf_fake_stderr
 .rodata.__sf_fake_stdin
                0x0000000008009654       0x20 /opt/st/stm32cubeide_1.7.0/plugins/com.st.stm32cube.ide.mcu.externaltools.gnu-tools-for-stm32.9-2020-q2-update.linux64_2.0.0.202105311346/tools/bin/../lib/gcc/arm-none-eabi/9.3.1/../../../../arm-none-eabi/lib/thumb/v7-m/nofp/libc_nano.a(lib_a-findfp.o)
                0x0000000008009654                __sf_fake_stdin
 .rodata.__sf_fake_stdout
                0x0000000008009674       0x20 /opt/st/stm32cubeide_1.7.0/plugins/com.st.stm32cube.ide.mcu.externaltools.gnu-tools-for-stm32.9-2020-q2-update.linux64_2.0.0.202105311346/tools/bin/../lib/gcc/arm-none-eabi/9.3.1/../../../../arm-none-eabi/lib/thumb/v7-m/nofp/libc_nano.a(lib_a-findfp.o)
                0x0000000008009674                __sf_fake_stdout
                0x0000000008009694                . = ALIGN (0x4)

.rel.dyn        0x0000000008009694        0x0
 .rel.iplt      0x0000000008009694        0x0 /opt/st/stm32cubeide_1.7.0/plugins/com.st.stm32cube.ide.mcu.externaltools.gnu-tools-for-stm32.9-2020-q2-update.linux64_2.0.0.202105311346/tools/bin/../lib/gcc/arm-none-eabi/9.3.1/thumb/v7-m/nofp/crtbegin.o

.ARM.extab      0x0000000008009694        0x0
                0x0000000008009694                . = ALIGN (0x4)
 *(.ARM.extab* .gnu.linkonce.armextab.*)
                0x0000000008009694                . = ALIGN (0x4)

.ARM            0x0000000008009694        0x0
                0x0000000008009694                . = ALIGN (0x4)
                0x0000000008009694                __exidx_start = .
 *(.ARM.exidx*)
                0x0000000008009694                __exidx_end = .
                0x0000000008009694                . = ALIGN (0x4)

.preinit_array  0x0000000008009694        0x0
                0x0000000008009694                . = ALIGN (0x4)
                0x0000000008009694                PROVIDE (__preinit_array_start = .)
 *(.preinit_array*)
                0x0000000008009694                PROVIDE (__preinit_array_end = .)
                0x0000000008009694                . = ALIGN (0x4)

.init_array     0x0000000008009694        0x4
                0x0000000008009694                . = ALIGN (0x4)
                0x0000000008009694                PROVIDE (__init_array_start = .)
 *(SORT_BY_NAME(.init_array.*))
 *(.init_array*)
 .init_array    0x0000000008009694        0x4 /opt/st/stm32cubeide_1.7.0/plugins/com.st.stm32cube.ide.mcu.externaltools.gnu-tools-for-stm32.9-2020-q2-update.linux64_2.0.0.202105311346/tools/bin/../lib/gcc/arm-none-eabi/9.3.1/thumb/v7-m/nofp/crtbegin.o
                0x0000000008009698                PROVIDE (__init_array_end = .)
                0x0000000008009698                . = ALIGN (0x4)

.fini_array     0x0000000008009698        0x4
                0x0000000008009698                . = ALIGN (0x4)
                [!provide]                        PROVIDE (__fini_array_start = .)
 *(SORT_BY_NAME(.fini_array.*))
 *(.fini_array*)
 .fini_array    0x0000000008009698        0x4 /opt/st/stm32cubeide_1.7.0/plugins/com.st.stm32cube.ide.mcu.externaltools.gnu-tools-for-stm32.9-2020-q2-update.linux64_2.0.0.202105311346/tools/bin/../lib/gcc/arm-none-eabi/9.3.1/thumb/v7-m/nofp/crtbegin.o
                [!provide]                        PROVIDE (__fini_array_end = .)
                0x000000000800969c                . = ALIGN (0x4)
                0x000000000800969c                _sidata = LOADADDR (.data)

.data           0x0000000020000000       0x74 load address 0x000000000800969c
                0x0000000020000000                . = ALIGN (0x4)
                0x0000000020000000                _sdata = .
 *(.data)
 *(.data*)
 .data.SystemCoreClock
                0x0000000020000000        0x4 ./Core/Src/system_stm32f1xx.o
                0x0000000020000000                SystemCoreClock
 .data.uwTickPrio
                0x0000000020000004        0x4 ./Drivers/STM32F1xx_HAL_Driver/Src/stm32f1xx_hal.o
                0x0000000020000004                uwTickPrio
 .data.uwTickFreq
                0x0000000020000008        0x1 ./Drivers/STM32F1xx_HAL_Driver/Src/stm32f1xx_hal.o
                0x0000000020000008                uwTickFreq
 *fill*         0x0000000020000009        0x3 
 .data.uxCriticalNesting
                0x000000002000000c        0x4 ./Middlewares/Third_Party/FreeRTOS/Source/portable/GCC/ARM_CM3/port.o
 .data._impure_ptr
                0x0000000020000010        0x4 /opt/st/stm32cubeide_1.7.0/plugins/com.st.stm32cube.ide.mcu.externaltools.gnu-tools-for-stm32.9-2020-q2-update.linux64_2.0.0.202105311346/tools/bin/../lib/gcc/arm-none-eabi/9.3.1/../../../../arm-none-eabi/lib/thumb/v7-m/nofp/libc_nano.a(lib_a-impure.o)
                0x0000000020000010                _impure_ptr
 .data.impure_data
                0x0000000020000014       0x60 /opt/st/stm32cubeide_1.7.0/plugins/com.st.stm32cube.ide.mcu.externaltools.gnu-tools-for-stm32.9-2020-q2-update.linux64_2.0.0.202105311346/tools/bin/../lib/gcc/arm-none-eabi/9.3.1/../../../../arm-none-eabi/lib/thumb/v7-m/nofp/libc_nano.a(lib_a-impure.o)
 *(.RamFunc)
 *(.RamFunc*)
                0x0000000020000074                . = ALIGN (0x4)
                0x0000000020000074                _edata = .

.igot.plt       0x0000000020000074        0x0 load address 0x0000000008009710
 .igot.plt      0x0000000020000074        0x0 /opt/st/stm32cubeide_1.7.0/plugins/com.st.stm32cube.ide.mcu.externaltools.gnu-tools-for-stm32.9-2020-q2-update.linux64_2.0.0.202105311346/tools/bin/../lib/gcc/arm-none-eabi/9.3.1/thumb/v7-m/nofp/crtbegin.o
                0x0000000020000074                . = ALIGN (0x4)

.bss            0x0000000020000074     0x3e40 load address 0x0000000008009710
                0x0000000020000074                _sbss = .
                0x0000000020000074                __bss_start__ = _sbss
 *(.bss)
 .bss           0x0000000020000074       0x1c /opt/st/stm32cubeide_1.7.0/plugins/com.st.stm32cube.ide.mcu.externaltools.gnu-tools-for-stm32.9-2020-q2-update.linux64_2.0.0.202105311346/tools/bin/../lib/gcc/arm-none-eabi/9.3.1/thumb/v7-m/nofp/crtbegin.o
 *(.bss*)
 .bss.RC522_CS_GPIO_Port
                0x0000000020000090        0x4 ./Core/Src/MFRC522.o
 .bss.RC522_CS_Pin
                0x0000000020000094        0x2 ./Core/Src/MFRC522.o
 *fill*         0x0000000020000096        0x2 
 .bss.spi       0x0000000020000098        0x4 ./Core/Src/MFRC522.o
 .bss.current_index.9525
                0x000000002000009c        0x1 ./Core/Src/MFRC522.o
 .bss.estado.9535
                0x000000002000009d        0x1 ./Core/Src/MFRC522.o
 *fill*         0x000000002000009e        0x2 
 .bss.initial_time.9536
                0x00000000200000a0        0x4 ./Core/Src/MFRC522.o
 .bss.adc       0x00000000200000a4        0x4 ./Core/Src/adc.o
 .bss.state.9487
                0x00000000200000a8        0x1 ./Core/Src/adc.o
 *fill*         0x00000000200000a9        0x3 
 .bss.i2c       0x00000000200000ac        0x4 ./Core/Src/eeprom.o
 .bss.mem_pointer_index.9518
                0x00000000200000b0        0x1 ./Core/Src/eeprom.o
 *fill*         0x00000000200000b1        0x3 
 .bss.xIdleTaskTCBBuffer
                0x00000000200000b4       0xe0 ./Core/Src/freertos.o
 .bss.xIdleStack
                0x0000000020000194      0x100 ./Core/Src/freertos.o
 .bss.i2c       0x0000000020000294        0x4 ./Core/Src/lcd.o
 .bss.clave_ok  0x0000000020000298        0x1 ./Core/Src/main.o
                0x0000000020000298                clave_ok
 .bss.rfid_internal_state
                0x0000000020000299        0x1 ./Core/Src/main.o
                0x0000000020000299                rfid_internal_state
 *fill*         0x000000002000029a        0x2 
 .bss.pxCurrentTCB
                0x000000002000029c        0x4 ./Middlewares/Third_Party/FreeRTOS/Source/tasks.o
                0x000000002000029c                pxCurrentTCB
 .bss.pxReadyTasksLists
                0x00000000200002a0       0x8c ./Middlewares/Third_Party/FreeRTOS/Source/tasks.o
 .bss.xDelayedTaskList1
                0x000000002000032c       0x14 ./Middlewares/Third_Party/FreeRTOS/Source/tasks.o
 .bss.xDelayedTaskList2
                0x0000000020000340       0x14 ./Middlewares/Third_Party/FreeRTOS/Source/tasks.o
 .bss.pxDelayedTaskList
                0x0000000020000354        0x4 ./Middlewares/Third_Party/FreeRTOS/Source/tasks.o
 .bss.pxOverflowDelayedTaskList
                0x0000000020000358        0x4 ./Middlewares/Third_Party/FreeRTOS/Source/tasks.o
 .bss.xPendingReadyList
                0x000000002000035c       0x14 ./Middlewares/Third_Party/FreeRTOS/Source/tasks.o
 .bss.xTasksWaitingTermination
                0x0000000020000370       0x14 ./Middlewares/Third_Party/FreeRTOS/Source/tasks.o
 .bss.uxDeletedTasksWaitingCleanUp
                0x0000000020000384        0x4 ./Middlewares/Third_Party/FreeRTOS/Source/tasks.o
 .bss.xSuspendedTaskList
                0x0000000020000388       0x14 ./Middlewares/Third_Party/FreeRTOS/Source/tasks.o
 .bss.uxCurrentNumberOfTasks
                0x000000002000039c        0x4 ./Middlewares/Third_Party/FreeRTOS/Source/tasks.o
 .bss.xTickCount
                0x00000000200003a0        0x4 ./Middlewares/Third_Party/FreeRTOS/Source/tasks.o
 .bss.uxTopReadyPriority
                0x00000000200003a4        0x4 ./Middlewares/Third_Party/FreeRTOS/Source/tasks.o
 .bss.xSchedulerRunning
                0x00000000200003a8        0x4 ./Middlewares/Third_Party/FreeRTOS/Source/tasks.o
 .bss.uxPendedTicks
                0x00000000200003ac        0x4 ./Middlewares/Third_Party/FreeRTOS/Source/tasks.o
 .bss.xYieldPending
                0x00000000200003b0        0x4 ./Middlewares/Third_Party/FreeRTOS/Source/tasks.o
 .bss.xNumOfOverflows
                0x00000000200003b4        0x4 ./Middlewares/Third_Party/FreeRTOS/Source/tasks.o
 .bss.uxTaskNumber
                0x00000000200003b8        0x4 ./Middlewares/Third_Party/FreeRTOS/Source/tasks.o
 .bss.xNextTaskUnblockTime
                0x00000000200003bc        0x4 ./Middlewares/Third_Party/FreeRTOS/Source/tasks.o
 .bss.xIdleTaskHandle
                0x00000000200003c0        0x4 ./Middlewares/Third_Party/FreeRTOS/Source/tasks.o
 .bss.uxSchedulerSuspended
                0x00000000200003c4        0x4 ./Middlewares/Third_Party/FreeRTOS/Source/tasks.o
 .bss.ucMaxSysCallPriority
                0x00000000200003c8        0x1 ./Middlewares/Third_Party/FreeRTOS/Source/portable/GCC/ARM_CM3/port.o
 *fill*         0x00000000200003c9        0x3 
 .bss.ulMaxPRIGROUPValue
                0x00000000200003cc        0x4 ./Middlewares/Third_Party/FreeRTOS/Source/portable/GCC/ARM_CM3/port.o
 .bss.ucHeap    0x00000000200003d0     0x37d0 ./Middlewares/Third_Party/FreeRTOS/Source/portable/MemMang/heap_4.o
 .bss.xStart    0x0000000020003ba0        0x8 ./Middlewares/Third_Party/FreeRTOS/Source/portable/MemMang/heap_4.o
 .bss.pxEnd     0x0000000020003ba8        0x4 ./Middlewares/Third_Party/FreeRTOS/Source/portable/MemMang/heap_4.o
 .bss.xFreeBytesRemaining
                0x0000000020003bac        0x4 ./Middlewares/Third_Party/FreeRTOS/Source/portable/MemMang/heap_4.o
 .bss.xMinimumEverFreeBytesRemaining
                0x0000000020003bb0        0x4 ./Middlewares/Third_Party/FreeRTOS/Source/portable/MemMang/heap_4.o
 .bss.xBlockAllocatedBit
                0x0000000020003bb4        0x4 ./Middlewares/Third_Party/FreeRTOS/Source/portable/MemMang/heap_4.o
 .bss.__malloc_free_list
                0x0000000020003bb8        0x4 /opt/st/stm32cubeide_1.7.0/plugins/com.st.stm32cube.ide.mcu.externaltools.gnu-tools-for-stm32.9-2020-q2-update.linux64_2.0.0.202105311346/tools/bin/../lib/gcc/arm-none-eabi/9.3.1/../../../../arm-none-eabi/lib/thumb/v7-m/nofp/libc_nano.a(lib_a-nano-mallocr.o)
                0x0000000020003bb8                __malloc_free_list
 *(COMMON)
 COMMON         0x0000000020003bbc      0x21c ./Core/Src/main.o
                0x0000000020003bbc                defaultTaskHandle
                0x0000000020003bc0                hspi2
                0x0000000020003c18                hi2c1
                0x0000000020003c6c                sem_clave
                0x0000000020003c70                datos_adc_2
                0x0000000020003cb0                sem_eeprom
                0x0000000020003cb4                hadc1
                0x0000000020003ce4                huart1
                0x0000000020003d28                sem_DMA
                0x0000000020003d2c                hdma_adc1
                0x0000000020003d70                hrtc
                0x0000000020003d84                adc_buffer
                0x0000000020003d8c                datos_adc_uso
                0x0000000020003d90                sem_state
                0x0000000020003d94                datos_adc_1
                0x0000000020003dd4                datos_adc_dma
 COMMON         0x0000000020003dd8       0x48 ./Core/Src/stm32f1xx_hal_timebase_tim.o
                0x0000000020003dd8                htim1
 COMMON         0x0000000020003e20       0x84 ./Core/Src/teclado.o
                0x0000000020003e20                boton
                0x0000000020003ea0                clave
 COMMON         0x0000000020003ea4        0x4 ./Drivers/STM32F1xx_HAL_Driver/Src/stm32f1xx_hal.o
                0x0000000020003ea4                uwTick
 COMMON         0x0000000020003ea8        0x9 /opt/st/stm32cubeide_1.7.0/plugins/com.st.stm32cube.ide.mcu.externaltools.gnu-tools-for-stm32.9-2020-q2-update.linux64_2.0.0.202105311346/tools/bin/../lib/gcc/arm-none-eabi/9.3.1/../../../../arm-none-eabi/lib/thumb/v7-m/nofp/libc_nano.a(lib_a-lock.o)
                0x0000000020003ea8                __lock___atexit_recursive_mutex
                0x0000000020003ea9                __lock___arc4random_mutex
                0x0000000020003eaa                __lock___env_recursive_mutex
                0x0000000020003eab                __lock___sinit_recursive_mutex
                0x0000000020003eac                __lock___malloc_recursive_mutex
                0x0000000020003ead                __lock___at_quick_exit_mutex
                0x0000000020003eae                __lock___dd_hash_mutex
                0x0000000020003eaf                __lock___tz_mutex
                0x0000000020003eb0                __lock___sfp_recursive_mutex
                0x0000000020003eb4                . = ALIGN (0x4)
 *fill*         0x0000000020003eb1        0x3 
                0x0000000020003eb4                _ebss = .
                0x0000000020003eb4                __bss_end__ = _ebss

._user_heap_stack
                0x0000000020003eb4      0x604 load address 0x0000000008009710
                0x0000000020003eb8                . = ALIGN (0x8)
 *fill*         0x0000000020003eb4        0x4 
                [!provide]                        PROVIDE (end = .)
                0x0000000020003eb8                PROVIDE (_end = .)
                0x00000000200040b8                . = (. + _Min_Heap_Size)
 *fill*         0x0000000020003eb8      0x200 
                0x00000000200044b8                . = (. + _Min_Stack_Size)
 *fill*         0x00000000200040b8      0x400 
                0x00000000200044b8                . = ALIGN (0x8)

/DISCARD/
 libc.a(*)
 libm.a(*)
 libgcc.a(*)

.ARM.attributes
                0x0000000000000000       0x29
 *(.ARM.attributes)
 .ARM.attributes
                0x0000000000000000       0x1d /opt/st/stm32cubeide_1.7.0/plugins/com.st.stm32cube.ide.mcu.externaltools.gnu-tools-for-stm32.9-2020-q2-update.linux64_2.0.0.202105311346/tools/bin/../lib/gcc/arm-none-eabi/9.3.1/thumb/v7-m/nofp/crti.o
 .ARM.attributes
                0x000000000000001d       0x2d /opt/st/stm32cubeide_1.7.0/plugins/com.st.stm32cube.ide.mcu.externaltools.gnu-tools-for-stm32.9-2020-q2-update.linux64_2.0.0.202105311346/tools/bin/../lib/gcc/arm-none-eabi/9.3.1/thumb/v7-m/nofp/crtbegin.o
 .ARM.attributes
                0x000000000000004a       0x2d ./Core/Src/MFRC522.o
 .ARM.attributes
                0x0000000000000077       0x2d ./Core/Src/adc.o
 .ARM.attributes
                0x00000000000000a4       0x2d ./Core/Src/arrebote.o
 .ARM.attributes
                0x00000000000000d1       0x2d ./Core/Src/eeprom.o
 .ARM.attributes
                0x00000000000000fe       0x2d ./Core/Src/freertos.o
 .ARM.attributes
                0x000000000000012b       0x2d ./Core/Src/gpio.o
 .ARM.attributes
                0x0000000000000158       0x2d ./Core/Src/lcd.o
 .ARM.attributes
                0x0000000000000185       0x2d ./Core/Src/main.o
 .ARM.attributes
                0x00000000000001b2       0x2d ./Core/Src/rtc.o
 .ARM.attributes
                0x00000000000001df       0x2d ./Core/Src/stm32f1xx_hal_msp.o
 .ARM.attributes
                0x000000000000020c       0x2d ./Core/Src/stm32f1xx_hal_timebase_tim.o
 .ARM.attributes
                0x0000000000000239       0x2d ./Core/Src/stm32f1xx_it.o
 .ARM.attributes
                0x0000000000000266       0x2d ./Core/Src/system_stm32f1xx.o
 .ARM.attributes
                0x0000000000000293       0x2d ./Core/Src/tareas.o
 .ARM.attributes
                0x00000000000002c0       0x2d ./Core/Src/teclado.o
 .ARM.attributes
                0x00000000000002ed       0x21 ./Core/Startup/startup_stm32f103c8tx.o
 .ARM.attributes
                0x000000000000030e       0x2d ./Drivers/STM32F1xx_HAL_Driver/Src/stm32f1xx_hal.o
 .ARM.attributes
                0x000000000000033b       0x2d ./Drivers/STM32F1xx_HAL_Driver/Src/stm32f1xx_hal_adc.o
 .ARM.attributes
                0x0000000000000368       0x2d ./Drivers/STM32F1xx_HAL_Driver/Src/stm32f1xx_hal_adc_ex.o
 .ARM.attributes
                0x0000000000000395       0x2d ./Drivers/STM32F1xx_HAL_Driver/Src/stm32f1xx_hal_cortex.o
 .ARM.attributes
                0x00000000000003c2       0x2d ./Drivers/STM32F1xx_HAL_Driver/Src/stm32f1xx_hal_dma.o
 .ARM.attributes
                0x00000000000003ef       0x2d ./Drivers/STM32F1xx_HAL_Driver/Src/stm32f1xx_hal_gpio.o
 .ARM.attributes
                0x000000000000041c       0x2d ./Drivers/STM32F1xx_HAL_Driver/Src/stm32f1xx_hal_i2c.o
 .ARM.attributes
                0x0000000000000449       0x2d ./Drivers/STM32F1xx_HAL_Driver/Src/stm32f1xx_hal_pwr.o
 .ARM.attributes
                0x0000000000000476       0x2d ./Drivers/STM32F1xx_HAL_Driver/Src/stm32f1xx_hal_rcc.o
 .ARM.attributes
                0x00000000000004a3       0x2d ./Drivers/STM32F1xx_HAL_Driver/Src/stm32f1xx_hal_rcc_ex.o
 .ARM.attributes
                0x00000000000004d0       0x2d ./Drivers/STM32F1xx_HAL_Driver/Src/stm32f1xx_hal_rtc.o
 .ARM.attributes
                0x00000000000004fd       0x2d ./Drivers/STM32F1xx_HAL_Driver/Src/stm32f1xx_hal_spi.o
 .ARM.attributes
                0x000000000000052a       0x2d ./Drivers/STM32F1xx_HAL_Driver/Src/stm32f1xx_hal_tim.o
 .ARM.attributes
                0x0000000000000557       0x2d ./Drivers/STM32F1xx_HAL_Driver/Src/stm32f1xx_hal_tim_ex.o
 .ARM.attributes
                0x0000000000000584       0x2d ./Drivers/STM32F1xx_HAL_Driver/Src/stm32f1xx_hal_uart.o
 .ARM.attributes
                0x00000000000005b1       0x2d ./Middlewares/Third_Party/FreeRTOS/Source/CMSIS_RTOS/cmsis_os.o
 .ARM.attributes
                0x00000000000005de       0x2d ./Middlewares/Third_Party/FreeRTOS/Source/list.o
 .ARM.attributes
                0x000000000000060b       0x2d ./Middlewares/Third_Party/FreeRTOS/Source/queue.o
 .ARM.attributes
                0x0000000000000638       0x2d ./Middlewares/Third_Party/FreeRTOS/Source/tasks.o
 .ARM.attributes
                0x0000000000000665       0x2d ./Middlewares/Third_Party/FreeRTOS/Source/portable/GCC/ARM_CM3/port.o
 .ARM.attributes
                0x0000000000000692       0x2d ./Middlewares/Third_Party/FreeRTOS/Source/portable/MemMang/heap_4.o
 .ARM.attributes
                0x00000000000006bf       0x2d /opt/st/stm32cubeide_1.7.0/plugins/com.st.stm32cube.ide.mcu.externaltools.gnu-tools-for-stm32.9-2020-q2-update.linux64_2.0.0.202105311346/tools/bin/../lib/gcc/arm-none-eabi/9.3.1/../../../../arm-none-eabi/lib/thumb/v7-m/nofp/libc_nano.a(lib_a-findfp.o)
 .ARM.attributes
                0x00000000000006ec       0x2d /opt/st/stm32cubeide_1.7.0/plugins/com.st.stm32cube.ide.mcu.externaltools.gnu-tools-for-stm32.9-2020-q2-update.linux64_2.0.0.202105311346/tools/bin/../lib/gcc/arm-none-eabi/9.3.1/../../../../arm-none-eabi/lib/thumb/v7-m/nofp/libc_nano.a(lib_a-impure.o)
 .ARM.attributes
                0x0000000000000719       0x2d /opt/st/stm32cubeide_1.7.0/plugins/com.st.stm32cube.ide.mcu.externaltools.gnu-tools-for-stm32.9-2020-q2-update.linux64_2.0.0.202105311346/tools/bin/../lib/gcc/arm-none-eabi/9.3.1/../../../../arm-none-eabi/lib/thumb/v7-m/nofp/libc_nano.a(lib_a-init.o)
 .ARM.attributes
                0x0000000000000746       0x2d /opt/st/stm32cubeide_1.7.0/plugins/com.st.stm32cube.ide.mcu.externaltools.gnu-tools-for-stm32.9-2020-q2-update.linux64_2.0.0.202105311346/tools/bin/../lib/gcc/arm-none-eabi/9.3.1/../../../../arm-none-eabi/lib/thumb/v7-m/nofp/libc_nano.a(lib_a-lock.o)
 .ARM.attributes
                0x0000000000000773       0x2d /opt/st/stm32cubeide_1.7.0/plugins/com.st.stm32cube.ide.mcu.externaltools.gnu-tools-for-stm32.9-2020-q2-update.linux64_2.0.0.202105311346/tools/bin/../lib/gcc/arm-none-eabi/9.3.1/../../../../arm-none-eabi/lib/thumb/v7-m/nofp/libc_nano.a(lib_a-memcmp.o)
 .ARM.attributes
                0x00000000000007a0       0x2d /opt/st/stm32cubeide_1.7.0/plugins/com.st.stm32cube.ide.mcu.externaltools.gnu-tools-for-stm32.9-2020-q2-update.linux64_2.0.0.202105311346/tools/bin/../lib/gcc/arm-none-eabi/9.3.1/../../../../arm-none-eabi/lib/thumb/v7-m/nofp/libc_nano.a(lib_a-memcpy-stub.o)
 .ARM.attributes
                0x00000000000007cd       0x2d /opt/st/stm32cubeide_1.7.0/plugins/com.st.stm32cube.ide.mcu.externaltools.gnu-tools-for-stm32.9-2020-q2-update.linux64_2.0.0.202105311346/tools/bin/../lib/gcc/arm-none-eabi/9.3.1/../../../../arm-none-eabi/lib/thumb/v7-m/nofp/libc_nano.a(lib_a-memset.o)
 .ARM.attributes
                0x00000000000007fa       0x2d /opt/st/stm32cubeide_1.7.0/plugins/com.st.stm32cube.ide.mcu.externaltools.gnu-tools-for-stm32.9-2020-q2-update.linux64_2.0.0.202105311346/tools/bin/../lib/gcc/arm-none-eabi/9.3.1/../../../../arm-none-eabi/lib/thumb/v7-m/nofp/libc_nano.a(lib_a-nano-mallocr.o)
 .ARM.attributes
                0x0000000000000827       0x2d /opt/st/stm32cubeide_1.7.0/plugins/com.st.stm32cube.ide.mcu.externaltools.gnu-tools-for-stm32.9-2020-q2-update.linux64_2.0.0.202105311346/tools/bin/../lib/gcc/arm-none-eabi/9.3.1/../../../../arm-none-eabi/lib/thumb/v7-m/nofp/libc_nano.a(lib_a-reent.o)
 .ARM.attributes
                0x0000000000000854       0x2d /opt/st/stm32cubeide_1.7.0/plugins/com.st.stm32cube.ide.mcu.externaltools.gnu-tools-for-stm32.9-2020-q2-update.linux64_2.0.0.202105311346/tools/bin/../lib/gcc/arm-none-eabi/9.3.1/../../../../arm-none-eabi/lib/thumb/v7-m/nofp/libc_nano.a(lib_a-mlock.o)
 .ARM.attributes
                0x0000000000000881       0x2d /opt/st/stm32cubeide_1.7.0/plugins/com.st.stm32cube.ide.mcu.externaltools.gnu-tools-for-stm32.9-2020-q2-update.linux64_2.0.0.202105311346/tools/bin/../lib/gcc/arm-none-eabi/9.3.1/../../../../arm-none-eabi/lib/thumb/v7-m/nofp/libc_nano.a(lib_a-nano-freer.o)
 .ARM.attributes
                0x00000000000008ae       0x1d /opt/st/stm32cubeide_1.7.0/plugins/com.st.stm32cube.ide.mcu.externaltools.gnu-tools-for-stm32.9-2020-q2-update.linux64_2.0.0.202105311346/tools/bin/../lib/gcc/arm-none-eabi/9.3.1/thumb/v7-m/nofp/crtn.o
OUTPUT(prueba_adc.elf elf32-littlearm)
LOAD linker stubs
LOAD /opt/st/stm32cubeide_1.7.0/plugins/com.st.stm32cube.ide.mcu.externaltools.gnu-tools-for-stm32.9-2020-q2-update.linux64_2.0.0.202105311346/tools/bin/../lib/gcc/arm-none-eabi/9.3.1/../../../../arm-none-eabi/lib/thumb/v7-m/nofp/libc.a
LOAD /opt/st/stm32cubeide_1.7.0/plugins/com.st.stm32cube.ide.mcu.externaltools.gnu-tools-for-stm32.9-2020-q2-update.linux64_2.0.0.202105311346/tools/bin/../lib/gcc/arm-none-eabi/9.3.1/../../../../arm-none-eabi/lib/thumb/v7-m/nofp/libm.a
LOAD /opt/st/stm32cubeide_1.7.0/plugins/com.st.stm32cube.ide.mcu.externaltools.gnu-tools-for-stm32.9-2020-q2-update.linux64_2.0.0.202105311346/tools/bin/../lib/gcc/arm-none-eabi/9.3.1/thumb/v7-m/nofp/libgcc.a

.debug_info     0x0000000000000000    0x26fb5
 .debug_info    0x0000000000000000     0x1801 ./Core/Src/MFRC522.o
 .debug_info    0x0000000000001801     0x1078 ./Core/Src/adc.o
 .debug_info    0x0000000000002879      0xba7 ./Core/Src/arrebote.o
 .debug_info    0x0000000000003420     0x1330 ./Core/Src/eeprom.o
 .debug_info    0x0000000000004750      0xc20 ./Core/Src/freertos.o
 .debug_info    0x0000000000005370      0xb65 ./Core/Src/gpio.o
 .debug_info    0x0000000000005ed5     0x10b5 ./Core/Src/lcd.o
 .debug_info    0x0000000000006f8a     0x25b6 ./Core/Src/main.o
 .debug_info    0x0000000000009540      0xcb2 ./Core/Src/rtc.o
 .debug_info    0x000000000000a1f2     0x1e6a ./Core/Src/stm32f1xx_hal_msp.o
 .debug_info    0x000000000000c05c      0xa19 ./Core/Src/stm32f1xx_hal_timebase_tim.o
 .debug_info    0x000000000000ca75     0x1048 ./Core/Src/stm32f1xx_it.o
 .debug_info    0x000000000000dabd      0x2be ./Core/Src/system_stm32f1xx.o
 .debug_info    0x000000000000dd7b      0xd85 ./Core/Src/tareas.o
 .debug_info    0x000000000000eb00      0xb7b ./Core/Src/teclado.o
 .debug_info    0x000000000000f67b       0x22 ./Core/Startup/startup_stm32f103c8tx.o
 .debug_info    0x000000000000f69d      0x76a ./Drivers/STM32F1xx_HAL_Driver/Src/stm32f1xx_hal.o
 .debug_info    0x000000000000fe07      0xd2d ./Drivers/STM32F1xx_HAL_Driver/Src/stm32f1xx_hal_adc.o
 .debug_info    0x0000000000010b34      0xaa7 ./Drivers/STM32F1xx_HAL_Driver/Src/stm32f1xx_hal_adc_ex.o
 .debug_info    0x00000000000115db      0xbdc ./Drivers/STM32F1xx_HAL_Driver/Src/stm32f1xx_hal_cortex.o
 .debug_info    0x00000000000121b7      0x81e ./Drivers/STM32F1xx_HAL_Driver/Src/stm32f1xx_hal_dma.o
 .debug_info    0x00000000000129d5      0x701 ./Drivers/STM32F1xx_HAL_Driver/Src/stm32f1xx_hal_gpio.o
 .debug_info    0x00000000000130d6     0x278e ./Drivers/STM32F1xx_HAL_Driver/Src/stm32f1xx_hal_i2c.o
 .debug_info    0x0000000000015864      0x730 ./Drivers/STM32F1xx_HAL_Driver/Src/stm32f1xx_hal_pwr.o
 .debug_info    0x0000000000015f94      0x88e ./Drivers/STM32F1xx_HAL_Driver/Src/stm32f1xx_hal_rcc.o
 .debug_info    0x0000000000016822      0x480 ./Drivers/STM32F1xx_HAL_Driver/Src/stm32f1xx_hal_rcc_ex.o
 .debug_info    0x0000000000016ca2      0xdf9 ./Drivers/STM32F1xx_HAL_Driver/Src/stm32f1xx_hal_rtc.o
 .debug_info    0x0000000000017a9b     0x16bf ./Drivers/STM32F1xx_HAL_Driver/Src/stm32f1xx_hal_spi.o
 .debug_info    0x000000000001915a     0x2a45 ./Drivers/STM32F1xx_HAL_Driver/Src/stm32f1xx_hal_tim.o
 .debug_info    0x000000000001bb9f     0x14d5 ./Drivers/STM32F1xx_HAL_Driver/Src/stm32f1xx_hal_tim_ex.o
 .debug_info    0x000000000001d074     0x161a ./Drivers/STM32F1xx_HAL_Driver/Src/stm32f1xx_hal_uart.o
 .debug_info    0x000000000001e68e     0x2027 ./Middlewares/Third_Party/FreeRTOS/Source/CMSIS_RTOS/cmsis_os.o
 .debug_info    0x00000000000206b5      0xb7c ./Middlewares/Third_Party/FreeRTOS/Source/list.o
 .debug_info    0x0000000000021231     0x1f3a ./Middlewares/Third_Party/FreeRTOS/Source/queue.o
 .debug_info    0x000000000002316b     0x2499 ./Middlewares/Third_Party/FreeRTOS/Source/tasks.o
 .debug_info    0x0000000000025604      0xd3a ./Middlewares/Third_Party/FreeRTOS/Source/portable/GCC/ARM_CM3/port.o
 .debug_info    0x000000000002633e      0xc77 ./Middlewares/Third_Party/FreeRTOS/Source/portable/MemMang/heap_4.o

.debug_abbrev   0x0000000000000000     0x55b4
 .debug_abbrev  0x0000000000000000      0x301 ./Core/Src/MFRC522.o
 .debug_abbrev  0x0000000000000301      0x263 ./Core/Src/adc.o
 .debug_abbrev  0x0000000000000564      0x224 ./Core/Src/arrebote.o
 .debug_abbrev  0x0000000000000788      0x245 ./Core/Src/eeprom.o
 .debug_abbrev  0x00000000000009cd      0x1db ./Core/Src/freertos.o
 .debug_abbrev  0x0000000000000ba8      0x215 ./Core/Src/gpio.o
 .debug_abbrev  0x0000000000000dbd      0x249 ./Core/Src/lcd.o
 .debug_abbrev  0x0000000000001006      0x2ed ./Core/Src/main.o
 .debug_abbrev  0x00000000000012f3      0x217 ./Core/Src/rtc.o
 .debug_abbrev  0x000000000000150a      0x27b ./Core/Src/stm32f1xx_hal_msp.o
 .debug_abbrev  0x0000000000001785      0x1bf ./Core/Src/stm32f1xx_hal_timebase_tim.o
 .debug_abbrev  0x0000000000001944      0x1f3 ./Core/Src/stm32f1xx_it.o
 .debug_abbrev  0x0000000000001b37      0x14e ./Core/Src/system_stm32f1xx.o
 .debug_abbrev  0x0000000000001c85      0x276 ./Core/Src/tareas.o
 .debug_abbrev  0x0000000000001efb      0x208 ./Core/Src/teclado.o
 .debug_abbrev  0x0000000000002103       0x12 ./Core/Startup/startup_stm32f103c8tx.o
 .debug_abbrev  0x0000000000002115      0x1ed ./Drivers/STM32F1xx_HAL_Driver/Src/stm32f1xx_hal.o
 .debug_abbrev  0x0000000000002302      0x1fb ./Drivers/STM32F1xx_HAL_Driver/Src/stm32f1xx_hal_adc.o
 .debug_abbrev  0x00000000000024fd      0x21f ./Drivers/STM32F1xx_HAL_Driver/Src/stm32f1xx_hal_adc_ex.o
 .debug_abbrev  0x000000000000271c      0x313 ./Drivers/STM32F1xx_HAL_Driver/Src/stm32f1xx_hal_cortex.o
 .debug_abbrev  0x0000000000002a2f      0x228 ./Drivers/STM32F1xx_HAL_Driver/Src/stm32f1xx_hal_dma.o
 .debug_abbrev  0x0000000000002c57      0x1e8 ./Drivers/STM32F1xx_HAL_Driver/Src/stm32f1xx_hal_gpio.o
 .debug_abbrev  0x0000000000002e3f      0x288 ./Drivers/STM32F1xx_HAL_Driver/Src/stm32f1xx_hal_i2c.o
 .debug_abbrev  0x00000000000030c7      0x213 ./Drivers/STM32F1xx_HAL_Driver/Src/stm32f1xx_hal_pwr.o
 .debug_abbrev  0x00000000000032da      0x273 ./Drivers/STM32F1xx_HAL_Driver/Src/stm32f1xx_hal_rcc.o
 .debug_abbrev  0x000000000000354d      0x193 ./Drivers/STM32F1xx_HAL_Driver/Src/stm32f1xx_hal_rcc_ex.o
 .debug_abbrev  0x00000000000036e0      0x236 ./Drivers/STM32F1xx_HAL_Driver/Src/stm32f1xx_hal_rtc.o
 .debug_abbrev  0x0000000000003916      0x26e ./Drivers/STM32F1xx_HAL_Driver/Src/stm32f1xx_hal_spi.o
 .debug_abbrev  0x0000000000003b84      0x25e ./Drivers/STM32F1xx_HAL_Driver/Src/stm32f1xx_hal_tim.o
 .debug_abbrev  0x0000000000003de2      0x266 ./Drivers/STM32F1xx_HAL_Driver/Src/stm32f1xx_hal_tim_ex.o
 .debug_abbrev  0x0000000000004048      0x28b ./Drivers/STM32F1xx_HAL_Driver/Src/stm32f1xx_hal_uart.o
 .debug_abbrev  0x00000000000042d3      0x3c2 ./Middlewares/Third_Party/FreeRTOS/Source/CMSIS_RTOS/cmsis_os.o
 .debug_abbrev  0x0000000000004695      0x1f7 ./Middlewares/Third_Party/FreeRTOS/Source/list.o
 .debug_abbrev  0x000000000000488c      0x3a2 ./Middlewares/Third_Party/FreeRTOS/Source/queue.o
 .debug_abbrev  0x0000000000004c2e      0x380 ./Middlewares/Third_Party/FreeRTOS/Source/tasks.o
 .debug_abbrev  0x0000000000004fae      0x333 ./Middlewares/Third_Party/FreeRTOS/Source/portable/GCC/ARM_CM3/port.o
 .debug_abbrev  0x00000000000052e1      0x2d3 ./Middlewares/Third_Party/FreeRTOS/Source/portable/MemMang/heap_4.o

.debug_aranges  0x0000000000000000     0x1c50
 .debug_aranges
                0x0000000000000000       0xd0 ./Core/Src/MFRC522.o
 .debug_aranges
                0x00000000000000d0       0x50 ./Core/Src/adc.o
 .debug_aranges
                0x0000000000000120       0x38 ./Core/Src/arrebote.o
 .debug_aranges
                0x0000000000000158       0x48 ./Core/Src/eeprom.o
 .debug_aranges
                0x00000000000001a0       0x20 ./Core/Src/freertos.o
 .debug_aranges
                0x00000000000001c0       0x30 ./Core/Src/gpio.o
 .debug_aranges
                0x00000000000001f0       0x48 ./Core/Src/lcd.o
 .debug_aranges
                0x0000000000000238       0x78 ./Core/Src/main.o
 .debug_aranges
                0x00000000000002b0       0x28 ./Core/Src/rtc.o
 .debug_aranges
                0x00000000000002d8       0x70 ./Core/Src/stm32f1xx_hal_msp.o
 .debug_aranges
                0x0000000000000348       0x30 ./Core/Src/stm32f1xx_hal_timebase_tim.o
 .debug_aranges
                0x0000000000000378       0x58 ./Core/Src/stm32f1xx_it.o
 .debug_aranges
                0x00000000000003d0       0x28 ./Core/Src/system_stm32f1xx.o
 .debug_aranges
                0x00000000000003f8       0x48 ./Core/Src/tareas.o
 .debug_aranges
                0x0000000000000440       0x28 ./Core/Src/teclado.o
 .debug_aranges
                0x0000000000000468       0x28 ./Core/Startup/startup_stm32f103c8tx.o
 .debug_aranges
                0x0000000000000490       0xe0 ./Drivers/STM32F1xx_HAL_Driver/Src/stm32f1xx_hal.o
 .debug_aranges
                0x0000000000000570       0xf0 ./Drivers/STM32F1xx_HAL_Driver/Src/stm32f1xx_hal_adc.o
 .debug_aranges
                0x0000000000000660       0x80 ./Drivers/STM32F1xx_HAL_Driver/Src/stm32f1xx_hal_adc_ex.o
 .debug_aranges
                0x00000000000006e0      0x100 ./Drivers/STM32F1xx_HAL_Driver/Src/stm32f1xx_hal_cortex.o
 .debug_aranges
                0x00000000000007e0       0x80 ./Drivers/STM32F1xx_HAL_Driver/Src/stm32f1xx_hal_dma.o
 .debug_aranges
                0x0000000000000860       0x58 ./Drivers/STM32F1xx_HAL_Driver/Src/stm32f1xx_hal_gpio.o
 .debug_aranges
                0x00000000000008b8      0x2a0 ./Drivers/STM32F1xx_HAL_Driver/Src/stm32f1xx_hal_i2c.o
 .debug_aranges
                0x0000000000000b58       0xa8 ./Drivers/STM32F1xx_HAL_Driver/Src/stm32f1xx_hal_pwr.o
 .debug_aranges
                0x0000000000000c00       0x90 ./Drivers/STM32F1xx_HAL_Driver/Src/stm32f1xx_hal_rcc.o
 .debug_aranges
                0x0000000000000c90       0x30 ./Drivers/STM32F1xx_HAL_Driver/Src/stm32f1xx_hal_rcc_ex.o
 .debug_aranges
                0x0000000000000cc0       0xf8 ./Drivers/STM32F1xx_HAL_Driver/Src/stm32f1xx_hal_rtc.o
 .debug_aranges
                0x0000000000000db8      0x1d0 ./Drivers/STM32F1xx_HAL_Driver/Src/stm32f1xx_hal_spi.o
 .debug_aranges
                0x0000000000000f88      0x3d0 ./Drivers/STM32F1xx_HAL_Driver/Src/stm32f1xx_hal_tim.o
 .debug_aranges
                0x0000000000001358      0x168 ./Drivers/STM32F1xx_HAL_Driver/Src/stm32f1xx_hal_tim_ex.o
 .debug_aranges
                0x00000000000014c0      0x200 ./Drivers/STM32F1xx_HAL_Driver/Src/stm32f1xx_hal_uart.o
 .debug_aranges
                0x00000000000016c0      0x1d8 ./Middlewares/Third_Party/FreeRTOS/Source/CMSIS_RTOS/cmsis_os.o
 .debug_aranges
                0x0000000000001898       0x40 ./Middlewares/Third_Party/FreeRTOS/Source/list.o
 .debug_aranges
                0x00000000000018d8      0x108 ./Middlewares/Third_Party/FreeRTOS/Source/queue.o
 .debug_aranges
                0x00000000000019e0      0x1a8 ./Middlewares/Third_Party/FreeRTOS/Source/tasks.o
 .debug_aranges
                0x0000000000001b88       0x78 ./Middlewares/Third_Party/FreeRTOS/Source/portable/GCC/ARM_CM3/port.o
 .debug_aranges
                0x0000000000001c00       0x50 ./Middlewares/Third_Party/FreeRTOS/Source/portable/MemMang/heap_4.o

.debug_ranges   0x0000000000000000     0x1a60
 .debug_ranges  0x0000000000000000       0xc0 ./Core/Src/MFRC522.o
 .debug_ranges  0x00000000000000c0       0x40 ./Core/Src/adc.o
 .debug_ranges  0x0000000000000100       0x28 ./Core/Src/arrebote.o
 .debug_ranges  0x0000000000000128       0x38 ./Core/Src/eeprom.o
 .debug_ranges  0x0000000000000160       0x10 ./Core/Src/freertos.o
 .debug_ranges  0x0000000000000170       0x20 ./Core/Src/gpio.o
 .debug_ranges  0x0000000000000190       0x38 ./Core/Src/lcd.o
 .debug_ranges  0x00000000000001c8       0x68 ./Core/Src/main.o
 .debug_ranges  0x0000000000000230       0x18 ./Core/Src/rtc.o
 .debug_ranges  0x0000000000000248       0x60 ./Core/Src/stm32f1xx_hal_msp.o
 .debug_ranges  0x00000000000002a8       0x20 ./Core/Src/stm32f1xx_hal_timebase_tim.o
 .debug_ranges  0x00000000000002c8       0x48 ./Core/Src/stm32f1xx_it.o
 .debug_ranges  0x0000000000000310       0x18 ./Core/Src/system_stm32f1xx.o
 .debug_ranges  0x0000000000000328       0x38 ./Core/Src/tareas.o
 .debug_ranges  0x0000000000000360       0x18 ./Core/Src/teclado.o
 .debug_ranges  0x0000000000000378       0x20 ./Core/Startup/startup_stm32f103c8tx.o
 .debug_ranges  0x0000000000000398       0xd0 ./Drivers/STM32F1xx_HAL_Driver/Src/stm32f1xx_hal.o
 .debug_ranges  0x0000000000000468       0xe0 ./Drivers/STM32F1xx_HAL_Driver/Src/stm32f1xx_hal_adc.o
 .debug_ranges  0x0000000000000548       0x70 ./Drivers/STM32F1xx_HAL_Driver/Src/stm32f1xx_hal_adc_ex.o
 .debug_ranges  0x00000000000005b8       0xf0 ./Drivers/STM32F1xx_HAL_Driver/Src/stm32f1xx_hal_cortex.o
 .debug_ranges  0x00000000000006a8       0x70 ./Drivers/STM32F1xx_HAL_Driver/Src/stm32f1xx_hal_dma.o
 .debug_ranges  0x0000000000000718       0x48 ./Drivers/STM32F1xx_HAL_Driver/Src/stm32f1xx_hal_gpio.o
 .debug_ranges  0x0000000000000760      0x2b8 ./Drivers/STM32F1xx_HAL_Driver/Src/stm32f1xx_hal_i2c.o
 .debug_ranges  0x0000000000000a18       0x98 ./Drivers/STM32F1xx_HAL_Driver/Src/stm32f1xx_hal_pwr.o
 .debug_ranges  0x0000000000000ab0       0x80 ./Drivers/STM32F1xx_HAL_Driver/Src/stm32f1xx_hal_rcc.o
 .debug_ranges  0x0000000000000b30       0x20 ./Drivers/STM32F1xx_HAL_Driver/Src/stm32f1xx_hal_rcc_ex.o
 .debug_ranges  0x0000000000000b50       0xe8 ./Drivers/STM32F1xx_HAL_Driver/Src/stm32f1xx_hal_rtc.o
 .debug_ranges  0x0000000000000c38      0x1c0 ./Drivers/STM32F1xx_HAL_Driver/Src/stm32f1xx_hal_spi.o
 .debug_ranges  0x0000000000000df8      0x3c0 ./Drivers/STM32F1xx_HAL_Driver/Src/stm32f1xx_hal_tim.o
 .debug_ranges  0x00000000000011b8      0x158 ./Drivers/STM32F1xx_HAL_Driver/Src/stm32f1xx_hal_tim_ex.o
 .debug_ranges  0x0000000000001310      0x220 ./Drivers/STM32F1xx_HAL_Driver/Src/stm32f1xx_hal_uart.o
 .debug_ranges  0x0000000000001530      0x1c8 ./Middlewares/Third_Party/FreeRTOS/Source/CMSIS_RTOS/cmsis_os.o
 .debug_ranges  0x00000000000016f8       0x30 ./Middlewares/Third_Party/FreeRTOS/Source/list.o
 .debug_ranges  0x0000000000001728       0xf8 ./Middlewares/Third_Party/FreeRTOS/Source/queue.o
 .debug_ranges  0x0000000000001820      0x198 ./Middlewares/Third_Party/FreeRTOS/Source/tasks.o
 .debug_ranges  0x00000000000019b8       0x68 ./Middlewares/Third_Party/FreeRTOS/Source/portable/GCC/ARM_CM3/port.o
 .debug_ranges  0x0000000000001a20       0x40 ./Middlewares/Third_Party/FreeRTOS/Source/portable/MemMang/heap_4.o

.debug_macro    0x0000000000000000    0x1fd8c
 .debug_macro   0x0000000000000000      0x512 ./Core/Src/MFRC522.o
 .debug_macro   0x0000000000000512      0xa9c ./Core/Src/MFRC522.o
 .debug_macro   0x0000000000000fae       0x18 ./Core/Src/MFRC522.o
 .debug_macro   0x0000000000000fc6       0x22 ./Core/Src/MFRC522.o
 .debug_macro   0x0000000000000fe8       0x4c ./Core/Src/MFRC522.o